
> @logicn/core-compiler@0.1.0-beta.0 test
> npm run typecheck && npm run build && node --test tests/*.test.mjs


> @logicn/core-compiler@0.1.0-beta.0 typecheck
> tsc --noEmit


> @logicn/core-compiler@0.1.0-beta.0 build
> tsc -p tsconfig.json

TAP version 13
# Subtest: Attestation — buildAttestation
    # Subtest: produces correct artifact and schemaVersion fields
    ok 1 - produces correct artifact and schemaVersion fields
      ---
      duration_ms: 2.6238
      ...
    # Subtest: includes the flow name
    ok 2 - includes the flow name
      ---
      duration_ms: 0.2532
      ...
    # Subtest: produces an ISO timestamp
    ok 3 - produces an ISO timestamp
      ---
      duration_ms: 1.6354
      ...
    # Subtest: with source text produces sha256 hash
    ok 4 - with source text produces sha256 hash
      ---
      duration_ms: 0.7631
      ...
    # Subtest: with no inputs produces empty hashes object
    ok 5 - with no inputs produces empty hashes object
      ---
      duration_ms: 0.9698
      ...
    # Subtest: hash format is sha256:... (64 hex chars)
    ok 6 - hash format is sha256:... (64 hex chars)
      ---
      duration_ms: 0.4194
      ...
    # Subtest: has no signature field by default
    ok 7 - has no signature field by default
      ---
      duration_ms: 0.1963
      ...
    1..7
ok 1 - Attestation — buildAttestation
  ---
  duration_ms: 8.8602
  type: 'suite'
  ...
# Subtest: Attestation — attestationToYaml
    # Subtest: returns a string containing the flow name
    ok 1 - returns a string containing the flow name
      ---
      duration_ms: 0.5007
      ...
    # Subtest: contains artifact field
    ok 2 - contains artifact field
      ---
      duration_ms: 0.3734
      ...
    # Subtest: contains schemaVersion field
    ok 3 - contains schemaVersion field
      ---
      duration_ms: 1.0286
      ...
    1..3
ok 2 - Attestation — attestationToYaml
  ---
  duration_ms: 2.4203
  type: 'suite'
  ...
# Subtest: Attestation — generateAttestationKey
    # Subtest: returns an object with keyId, privateKey, publicKey
    ok 1 - returns an object with keyId, privateKey, publicKey
      ---
      duration_ms: 2.307
      ...
    1..1
ok 3 - Attestation — generateAttestationKey
  ---
  duration_ms: 2.4459
  type: 'suite'
  ...
# Subtest: Attestation — sign and verify roundtrip
    # Subtest: signAttestation + verifyAttestation roundtrip returns true
    ok 1 - signAttestation + verifyAttestation roundtrip returns true
      ---
      duration_ms: 3.9469
      ...
    # Subtest: verifyAttestation with tampered hash returns false
    ok 2 - verifyAttestation with tampered hash returns false
      ---
      duration_ms: 2.5285
      ...
    # Subtest: verifyAttestation with no signature returns false
    ok 3 - verifyAttestation with no signature returns false
      ---
      duration_ms: 0.6442
      ...
    1..3
ok 4 - Attestation — sign and verify roundtrip
  ---
  duration_ms: 7.4063
  type: 'suite'
  ...
# Subtest: Attestation — attestationFromJson
    # Subtest: parses valid JSON attestation
    ok 1 - parses valid JSON attestation
      ---
      duration_ms: 0.441
      ...
    # Subtest: throws on invalid artifact field
    ok 2 - throws on invalid artifact field
      ---
      duration_ms: 0.6985
      ...
    # Subtest: throws on invalid schemaVersion
    ok 3 - throws on invalid schemaVersion
      ---
      duration_ms: 0.1864
      ...
    1..3
ok 5 - Attestation — attestationFromJson
  ---
  duration_ms: 1.5076
  type: 'suite'
  ...
# Subtest: Contract section parsing — Phase 10A additions
    # Subtest: parses contract with request block without errors
    ok 1 - parses contract with request block without errors
      ---
      duration_ms: 6.1891
      ...
    # Subtest: parses contract with response block
    ok 2 - parses contract with response block
      ---
      duration_ms: 0.3903
      ...
    # Subtest: parses contract with model block
    ok 3 - parses contract with model block
      ---
      duration_ms: 0.5598
      ...
    # Subtest: parses contract with context block
    ok 4 - parses contract with context block
      ---
      duration_ms: 0.3211
      ...
    # Subtest: parses contract with effects block
    ok 5 - parses contract with effects block
      ---
      duration_ms: 0.6646
      ...
    # Subtest: accepts: node stored with correct value
    ok 6 - accepts: node stored with correct value
      ---
      duration_ms: 0.5186
      ...
    1..6
ok 6 - Contract section parsing — Phase 10A additions
  ---
  duration_ms: 8.9566
  type: 'suite'
  ...
# Subtest: Binding checker — assignStmt parsing
    # Subtest: parses mut reassignment without LLN-PARSE-001
    ok 1 - parses mut reassignment without LLN-PARSE-001
      ---
      duration_ms: 9.944
      ...
    # Subtest: parses let reassignment without LLN-PARSE-001
    ok 2 - parses let reassignment without LLN-PARSE-001
      ---
      duration_ms: 2.5193
      ...
    1..2
ok 7 - Binding checker — assignStmt parsing
  ---
  duration_ms: 14.2173
  type: 'suite'
  ...
# Subtest: Binding checker — LLN-BINDING-005 let reassignment
    # Subtest: emits LLN-BINDING-005 for let reassignment
    ok 1 - emits LLN-BINDING-005 for let reassignment
      ---
      duration_ms: 0.8453
      ...
    # Subtest: does NOT emit LLN-BINDING-005 for mut reassignment
    ok 2 - does NOT emit LLN-BINDING-005 for mut reassignment
      ---
      duration_ms: 0.5396
      ...
    # Subtest: emits LLN-BINDING-005 for let reassignment in a guarded flow
    ok 3 - emits LLN-BINDING-005 for let reassignment in a guarded flow
      ---
      duration_ms: 0.9638
      ...
    # Subtest: emits LLN-BINDING-005 for let reassignment in a secure flow
    ok 4 - emits LLN-BINDING-005 for let reassignment in a secure flow
      ---
      duration_ms: 1.7015
      ...
    1..4
ok 8 - Binding checker — LLN-BINDING-005 let reassignment
  ---
  duration_ms: 4.4679
  type: 'suite'
  ...
# Subtest: Binding checker — LLN-BINDING-005 parameter reassignment
    # Subtest: emits LLN-BINDING-005 for flow parameter reassignment
    ok 1 - emits LLN-BINDING-005 for flow parameter reassignment
      ---
      duration_ms: 0.6888
      ...
    # Subtest: emits LLN-BINDING-005 for multiple parameter reassignment attempts
    ok 2 - emits LLN-BINDING-005 for multiple parameter reassignment attempts
      ---
      duration_ms: 0.8171
      ...
    # Subtest: emits LLN-BINDING-005 for readonly declaration reassignment
    ok 3 - emits LLN-BINDING-005 for readonly declaration reassignment
      ---
      duration_ms: 0.9611
      ...
    1..3
ok 9 - Binding checker — LLN-BINDING-005 parameter reassignment
  ---
  duration_ms: 3.1604
  type: 'suite'
  ...
# Subtest: Binding checker — LLN-BINDING-005 diagnostic shape
    # Subtest: LLN-BINDING-005 has correct code, name, and severity
    ok 1 - LLN-BINDING-005 has correct code, name, and severity
      ---
      duration_ms: 0.8097
      ...
    1..1
ok 10 - Binding checker — LLN-BINDING-005 diagnostic shape
  ---
  duration_ms: 0.9402
  type: 'suite'
  ...
# Subtest: Binding checker — mut allows reassignment
    # Subtest: allows multiple reassignments of a mut binding
    ok 1 - allows multiple reassignments of a mut binding
      ---
      duration_ms: 0.5458
      ...
    # Subtest: correctly distinguishes let and mut in the same flow
    ok 2 - correctly distinguishes let and mut in the same flow
      ---
      duration_ms: 0.4255
      ...
    1..2
ok 11 - Binding checker — mut allows reassignment
  ---
  duration_ms: 1.197
  type: 'suite'
  ...
# Subtest: createCapabilityHost
    # Subtest: creates a CapabilityHost with observedEffects starting empty
    ok 1 - creates a CapabilityHost with observedEffects starting empty
      ---
      duration_ms: 1.7087
      ...
    1..1
ok 12 - createCapabilityHost
  ---
  duration_ms: 3.0405
  type: 'suite'
  ...
# Subtest: check() — declared effect
    # Subtest: allows a declared effect
    ok 1 - allows a declared effect
      ---
      duration_ms: 1.295
      ...
    1..1
ok 13 - check() — declared effect
  ---
  duration_ms: 1.4893
  type: 'suite'
  ...
# Subtest: check() — undeclared effect
    # Subtest: denies an effect that is not declared
    ok 1 - denies an effect that is not declared
      ---
      duration_ms: 0.4392
      ...
    1..1
ok 14 - check() — undeclared effect
  ---
  duration_ms: 0.7094
  type: 'suite'
  ...
# Subtest: execute() — allowed capability
    # Subtest: returns a CapabilityResult when the effect is declared
    ok 1 - returns a CapabilityResult when the effect is declared
      ---
      duration_ms: 0.5848
      ...
    1..1
ok 15 - execute() — allowed capability
  ---
  duration_ms: 0.7671
  type: 'suite'
  ...
# Subtest: execute() — denied capability
    # Subtest: returns an err value without throwing when effect is not declared
    ok 1 - returns an err value without throwing when effect is not declared
      ---
      duration_ms: 0.4791
      ...
    1..1
ok 16 - execute() — denied capability
  ---
  duration_ms: 0.8856
  type: 'suite'
  ...
# Subtest: observedEffects
    # Subtest: records an effect after a successful execute
    ok 1 - records an effect after a successful execute
      ---
      duration_ms: 0.4219
      ...
    # Subtest: does not record an effect for a denied execute
    ok 2 - does not record an effect for a denied execute
      ---
      duration_ms: 0.2279
      ...
    1..2
ok 17 - observedEffects
  ---
  duration_ms: 0.9736
  type: 'suite'
  ...
# Subtest: deadline exceeded
    # Subtest: denies capability when enforcer deadline has already passed
    ok 1 - denies capability when enforcer deadline has already passed
      ---
      duration_ms: 0.6465
      ...
    1..1
ok 18 - deadline exceeded
  ---
  duration_ms: 0.7601
  type: 'suite'
  ...
# Subtest: CEC integration — stable examples
    # Subtest: Level-1-Basics/001-pure-flow
    ok 1 - Level-1-Basics/001-pure-flow
      ---
      duration_ms: 19.7066
      ...
    # Subtest: Level-1-Basics/003-secure-flow
    not ok 2 - Level-1-Basics/003-secure-flow
      ---
      duration_ms: 15.0415
      location: 'C:\\laragon\\www\\LO\\packages-logicn\\logicn-core-compiler\\tests\\cec-integration.test.mjs:153:5'
      failureType: 'testCodeFailure'
      error: |-
        Level-1-Basics/003-secure-flow: expected no errors, got: LLN-VALUESTATE-006
        
        1 !== 0
        
      code: 'ERR_ASSERTION'
      name: 'AssertionError'
      expected: 0
      actual: 1
      operator: 'strictEqual'
      stack: |-
        TestContext.<anonymous> (file:///C:/laragon/www/LO/packages-logicn/logicn-core-compiler/tests/cec-integration.test.mjs:161:16)
        Test.runInAsyncScope (node:async_hooks:211:14)
        Test.run (node:internal/test_runner/test:979:25)
        Suite.processPendingSubtests (node:internal/test_runner/test:677:18)
        Test.postRun (node:internal/test_runner/test:1090:19)
        Test.run (node:internal/test_runner/test:1018:12)
        async Promise.all (index 0)
        async Suite.run (node:internal/test_runner/test:1358:7)
        async startSubtestAfterBootstrap (node:internal/test_runner/harness:296:3)
      ...
    # Subtest: Level-1-Basics/004-local-fn-helper
    ok 3 - Level-1-Basics/004-local-fn-helper
      ---
      duration_ms: 1.9569
      ...
    # Subtest: Level-1-Basics/005-let-binding
    ok 4 - Level-1-Basics/005-let-binding
      ---
      duration_ms: 0.7466
      ...
    # Subtest: Level-1-Basics/007-readonly-parameter
    ok 5 - Level-1-Basics/007-readonly-parameter
      ---
      duration_ms: 1.6517
      ...
    # Subtest: Level-1-Basics/008-readonly-local-binding
    ok 6 - Level-1-Basics/008-readonly-local-binding
      ---
      duration_ms: 0.5527
      ...
    # Subtest: Level-1-Basics/009-unsafe-let-boundary
    ok 7 - Level-1-Basics/009-unsafe-let-boundary
      ---
      duration_ms: 0.5771
      ...
    # Subtest: Level-1-Basics/010-result-return
    ok 8 - Level-1-Basics/010-result-return
      ---
      duration_ms: 1.6595
      ...
    # Subtest: Level-1-Basics/011-option-return
    ok 9 - Level-1-Basics/011-option-return
      ---
      duration_ms: 1.7984
      ...
    # Subtest: Level-1-Basics/014-enum-basic
    ok 10 - Level-1-Basics/014-enum-basic
      ---
      duration_ms: 0.9554
      ...
    # Subtest: Level-1-Basics/015-record-basic
    ok 11 - Level-1-Basics/015-record-basic
      ---
      duration_ms: 0.5455
      ...
    # Subtest: Level-1-Basics/016-type-alias
    ok 12 - Level-1-Basics/016-type-alias
      ---
      duration_ms: 0.2541
      ...
    # Subtest: Level-1-Basics/017-domain-brand-type
    ok 13 - Level-1-Basics/017-domain-brand-type
      ---
      duration_ms: 1.1885
      ...
    # Subtest: Level-1-Basics/018-protected-type-label
    ok 14 - Level-1-Basics/018-protected-type-label
      ---
      duration_ms: 0.3124
      ...
    # Subtest: Level-1-Basics/019-redacted-type-label
    ok 15 - Level-1-Basics/019-redacted-type-label
      ---
      duration_ms: 0.2372
      ...
    # Subtest: Level-1-Basics/020-invalid-fn-top-level
    ok 16 - Level-1-Basics/020-invalid-fn-top-level
      ---
      duration_ms: 0.3653
      ...
    # Subtest: Level-1-Basics/021-flow-contract-basic
    ok 17 - Level-1-Basics/021-flow-contract-basic
      ---
      duration_ms: 1.9895
      ...
    # Subtest: Level-1-Basics/022-no-toplevel-let
    ok 18 - Level-1-Basics/022-no-toplevel-let
      ---
      duration_ms: 0.8083
      ...
    # Subtest: Level-1-Basics/023-readable-logic-forms
    ok 19 - Level-1-Basics/023-readable-logic-forms
      ---
      duration_ms: 2.7737
      ...
    # Subtest: Level-2-Types/051-int-basic
    ok 20 - Level-2-Types/051-int-basic
      ---
      duration_ms: 0.287
      ...
    # Subtest: Level-2-Types/052-decimal-basic
    ok 21 - Level-2-Types/052-decimal-basic
      ---
      duration_ms: 0.3319
      ...
    # Subtest: Level-2-Types/053-string-basic
    ok 22 - Level-2-Types/053-string-basic
      ---
      duration_ms: 2.9187
      ...
    # Subtest: Level-2-Types/054-bool-basic
    ok 23 - Level-2-Types/054-bool-basic
      ---
      duration_ms: 0.2482
      ...
    # Subtest: Level-2-Types/055-byte-basic
    ok 24 - Level-2-Types/055-byte-basic
      ---
      duration_ms: 0.1515
      ...
    # Subtest: Level-2-Types/056-char-basic
    ok 25 - Level-2-Types/056-char-basic
      ---
      duration_ms: 0.2188
      ...
    # Subtest: Level-2-Types/057-email-type
    ok 26 - Level-2-Types/057-email-type
      ---
      duration_ms: 0.2101
      ...
    # Subtest: Level-2-Types/058-patient-id-type
    ok 27 - Level-2-Types/058-patient-id-type
      ---
      duration_ms: 0.6274
      ...
    # Subtest: Level-2-Types/059-nhs-number-type
    ok 28 - Level-2-Types/059-nhs-number-type
      ---
      duration_ms: 2.7493
      ...
    # Subtest: Level-2-Types/060-invalid-email-assignment
    ok 29 - Level-2-Types/060-invalid-email-assignment
      ---
      duration_ms: 2.2258
      ...
    # Subtest: Level-2-Types/061-redacted-email
    ok 30 - Level-2-Types/061-redacted-email
      ---
      duration_ms: 0.36
      ...
    # Subtest: Level-2-Types/063-option-some
    ok 31 - Level-2-Types/063-option-some
      ---
      duration_ms: 0.2663
      ...
    # Subtest: Level-2-Types/064-option-none
    ok 32 - Level-2-Types/064-option-none
      ---
      duration_ms: 0.1815
      ...
    # Subtest: Level-2-Types/065-option-invalid-arity
    ok 33 - Level-2-Types/065-option-invalid-arity
      ---
      duration_ms: 0.8525
      ...
    # Subtest: Level-2-Types/066-result-success
    ok 34 - Level-2-Types/066-result-success
      ---
      duration_ms: 0.1977
      ...
    # Subtest: Level-2-Types/067-result-error
    ok 35 - Level-2-Types/067-result-error
      ---
      duration_ms: 0.1784
      ...
    # Subtest: Level-2-Types/068-result-invalid-arity
    ok 36 - Level-2-Types/068-result-invalid-arity
      ---
      duration_ms: 0.8808
      ...
    # Subtest: Level-2-Types/069-auto-inference
    ok 37 - Level-2-Types/069-auto-inference
      ---
      duration_ms: 0.2143
      ...
    # Subtest: Level-2-Types/071-money-gbp
    ok 38 - Level-2-Types/071-money-gbp
      ---
      duration_ms: 0.1727
      ...
    # Subtest: Level-2-Types/072-money-add-same-currency
    ok 39 - Level-2-Types/072-money-add-same-currency
      ---
      duration_ms: 0.1604
      ...
    # Subtest: Level-2-Types/073-money-cross-currency-invalid
    ok 40 - Level-2-Types/073-money-cross-currency-invalid
      ---
      duration_ms: 0.474
      ...
    # Subtest: Level-2-Types/074-money-times-decimal
    ok 41 - Level-2-Types/074-money-times-decimal
      ---
      duration_ms: 0.1756
      ...
    # Subtest: Level-2-Types/075-money-divide-decimal
    ok 42 - Level-2-Types/075-money-divide-decimal
      ---
      duration_ms: 0.1476
      ...
    # Subtest: Level-2-Types/076-money-times-money-invalid
    ok 43 - Level-2-Types/076-money-times-money-invalid
      ---
      duration_ms: 0.3859
      ...
    # Subtest: Level-2-Types/077-money-ratio
    ok 44 - Level-2-Types/077-money-ratio
      ---
      duration_ms: 0.209
      ...
    # Subtest: Level-2-Types/078-money-ratio-cross-currency-invalid
    ok 45 - Level-2-Types/078-money-ratio-cross-currency-invalid
      ---
      duration_ms: 0.3489
      ...
    # Subtest: Level-2-Types/079-tensor-basic
    ok 46 - Level-2-Types/079-tensor-basic
      ---
      duration_ms: 0.1599
      ...
    # Subtest: Level-2-Types/080-tensor-dynamic-shape
    ok 47 - Level-2-Types/080-tensor-dynamic-shape
      ---
      duration_ms: 0.1426
      ...
    # Subtest: Level-2-Types/081-tensor-invalid-arity
    ok 48 - Level-2-Types/081-tensor-invalid-arity
      ---
      duration_ms: 0.3635
      ...
    # Subtest: Level-2-Types/082-readonly-view
    ok 49 - Level-2-Types/082-readonly-view
      ---
      duration_ms: 0.1606
      ...
    # Subtest: Level-2-Types/083-readonly-view-invalid
    ok 50 - Level-2-Types/083-readonly-view-invalid
      ---
      duration_ms: 1.2685
      ...
    # Subtest: Level-2-Types/084-unknown-type
    ok 51 - Level-2-Types/084-unknown-type
      ---
      duration_ms: 1.0313
      ...
    # Subtest: Level-2-Types/085-type-mismatch
    ok 52 - Level-2-Types/085-type-mismatch
      ---
      duration_ms: 0.3582
      ...
    # Subtest: Level-2-Types/087-protected-email-audit
    ok 53 - Level-2-Types/087-protected-email-audit
      ---
      duration_ms: 1.3219
      ...
    # Subtest: Level-2-Types/088-array-range
    ok 54 - Level-2-Types/088-array-range
      ---
      duration_ms: 0.6718
      ...
    # Subtest: Level-2-Types/089-duration-type
    ok 55 - Level-2-Types/089-duration-type
      ---
      duration_ms: 0.5735
      ...
    # Subtest: Level-2-Types/090-result-sequence
    ok 56 - Level-2-Types/090-result-sequence
      ---
      duration_ms: 0.6351
      ...
    # Subtest: Level-2-Types/091-trust-sensitivity-independent
    ok 57 - Level-2-Types/091-trust-sensitivity-independent
      ---
      duration_ms: 3.5354
      ...
    # Subtest: Level-2-Types/092-boolean-logic
    ok 58 - Level-2-Types/092-boolean-logic
      ---
      duration_ms: 3.4797
      ...
    # Subtest: Level-2-Types/093-time-types
    ok 59 - Level-2-Types/093-time-types
      ---
      duration_ms: 2.2593
      ...
    # Subtest: Level-3-Effects/101-pure-no-effects
    ok 60 - Level-3-Effects/101-pure-no-effects
      ---
      duration_ms: 0.6221
      ...
    # Subtest: Level-3-Effects/102-guarded-database-write
    ok 61 - Level-3-Effects/102-guarded-database-write
      ---
      duration_ms: 1.701
      ...
    # Subtest: Level-3-Effects/103-guarded-network-outbound
    ok 62 - Level-3-Effects/103-guarded-network-outbound
      ---
      duration_ms: 0.79
      ...
    # Subtest: Level-3-Effects/104-multiple-effects
    ok 63 - Level-3-Effects/104-multiple-effects
      ---
      duration_ms: 1.8386
      ...
    # Subtest: Level-3-Effects/105-missing-database-effect
    ok 64 - Level-3-Effects/105-missing-database-effect
      ---
      duration_ms: 1.5099
      ...
    # Subtest: Level-3-Effects/106-missing-network-effect
    ok 65 - Level-3-Effects/106-missing-network-effect
      ---
      duration_ms: 0.719
      ...
    # Subtest: Level-3-Effects/108-guarded-flow-calls-effectful-flow
    ok 66 - Level-3-Effects/108-guarded-flow-calls-effectful-flow
      ---
      duration_ms: 0.6549
      ...
    # Subtest: Level-3-Effects/109-local-fn-pure-helper
    ok 67 - Level-3-Effects/109-local-fn-pure-helper
      ---
      duration_ms: 0.6127
      ...
    # Subtest: Level-3-Effects/110-local-fn-uses-parent-effect
    ok 68 - Level-3-Effects/110-local-fn-uses-parent-effect
      ---
      duration_ms: 6.1676
      ...
    # Subtest: Level-3-Effects/111-local-fn-effect-not-covered-by-parent
    not ok 69 - Level-3-Effects/111-local-fn-effect-not-covered-by-parent
      ---
      duration_ms: 3.6385
      location: 'C:\\laragon\\www\\LO\\packages-logicn\\logicn-core-compiler\\tests\\cec-integration.test.mjs:153:5'
      failureType: 'testCodeFailure'
      error: 'Level-3-Effects/111-local-fn-effect-not-covered-by-parent: expected diagnostic LLN-EFFECT-001, got: LLN-TYPE-001, LLN-TYPE-001, LLN-TYPE-001, LLN-EFFECT-002, LLN-GOV-002'
      code: 'ERR_ASSERTION'
      name: 'AssertionError'
      expected: true
      actual: false
      operator: '=='
      stack: |-
        TestContext.<anonymous> (file:///C:/laragon/www/LO/packages-logicn/logicn-core-compiler/tests/cec-integration.test.mjs:171:18)
        Test.runInAsyncScope (node:async_hooks:211:14)
        Test.run (node:internal/test_runner/test:979:25)
        Suite.processPendingSubtests (node:internal/test_runner/test:677:18)
        Test.postRun (node:internal/test_runner/test:1090:19)
        Test.run (node:internal/test_runner/test:1018:12)
        async Suite.processPendingSubtests (node:internal/test_runner/test:677:7)
      ...
    # Subtest: Level-3-Effects/112-local-fn-cannot-declare-effects
    ok 70 - Level-3-Effects/112-local-fn-cannot-declare-effects
      ---
      duration_ms: 2.764
      ...
    # Subtest: Level-3-Effects/113-secure-flow-with-effects
    not ok 71 - Level-3-Effects/113-secure-flow-with-effects
      ---
      duration_ms: 1.5537
      location: 'C:\\laragon\\www\\LO\\packages-logicn\\logicn-core-compiler\\tests\\cec-integration.test.mjs:153:5'
      failureType: 'testCodeFailure'
      error: |-
        Level-3-Effects/113-secure-flow-with-effects: expected no errors, got: LLN-VALUESTATE-006, LLN-VALUESTATE-006
        
        2 !== 0
        
      code: 'ERR_ASSERTION'
      name: 'AssertionError'
      expected: 0
      actual: 2
      operator: 'strictEqual'
      stack: |-
        TestContext.<anonymous> (file:///C:/laragon/www/LO/packages-logicn/logicn-core-compiler/tests/cec-integration.test.mjs:161:16)
        Test.runInAsyncScope (node:async_hooks:211:14)
        Test.run (node:internal/test_runner/test:979:25)
        Suite.processPendingSubtests (node:internal/test_runner/test:677:18)
        Test.postRun (node:internal/test_runner/test:1090:19)
        Test.run (node:internal/test_runner/test:1018:12)
        async Suite.processPendingSubtests (node:internal/test_runner/test:677:7)
      ...
    # Subtest: Level-3-Effects/114-secure-flow-missing-audit-effect
    ok 72 - Level-3-Effects/114-secure-flow-missing-audit-effect
      ---
      duration_ms: 1.1846
      ...
    # Subtest: Level-3-Effects/116-effect-propagation-missing-parent
    ok 73 - Level-3-Effects/116-effect-propagation-missing-parent
      ---
      duration_ms: 8.4736
      ...
    # Subtest: Level-3-Effects/117-effectful-operation-in-pure-flow
    ok 74 - Level-3-Effects/117-effectful-operation-in-pure-flow
      ---
      duration_ms: 1.2995
      ...
    # Subtest: Level-3-Effects/118-filesystem-read-guarded
    ok 75 - Level-3-Effects/118-filesystem-read-guarded
      ---
      duration_ms: 5.1899
      ...
    # Subtest: Level-3-Effects/119-effect-name-invalid
    ok 76 - Level-3-Effects/119-effect-name-invalid
      ---
      duration_ms: 0.723
      ...
    # Subtest: Level-3-Effects/120-effect-summary-example
    not ok 77 - Level-3-Effects/120-effect-summary-example
      ---
      duration_ms: 1.4543
      location: 'C:\\laragon\\www\\LO\\packages-logicn\\logicn-core-compiler\\tests\\cec-integration.test.mjs:153:5'
      failureType: 'testCodeFailure'
      error: |-
        Level-3-Effects/120-effect-summary-example: expected no errors, got: LLN-VALUESTATE-006, LLN-VALUESTATE-006
        
        2 !== 0
        
      code: 'ERR_ASSERTION'
      name: 'AssertionError'
      expected: 0
      actual: 2
      operator: 'strictEqual'
      stack: |-
        TestContext.<anonymous> (file:///C:/laragon/www/LO/packages-logicn/logicn-core-compiler/tests/cec-integration.test.mjs:161:16)
        Test.runInAsyncScope (node:async_hooks:211:14)
        Test.run (node:internal/test_runner/test:979:25)
        Suite.processPendingSubtests (node:internal/test_runner/test:677:18)
        Test.postRun (node:internal/test_runner/test:1090:19)
        Test.run (node:internal/test_runner/test:1018:12)
        async Suite.processPendingSubtests (node:internal/test_runner/test:677:7)
      ...
    # Subtest: Level-4-Security/151-http-request-boundary
    ok 78 - Level-4-Security/151-http-request-boundary
      ---
      duration_ms: 1.4125
      ...
    # Subtest: Level-4-Security/152-file-boundary
    ok 79 - Level-4-Security/152-file-boundary
      ---
      duration_ms: 0.6695
      ...
    # Subtest: Level-4-Security/153-environment-boundary
    ok 80 - Level-4-Security/153-environment-boundary
      ---
      duration_ms: 0.5981
      ...
    # Subtest: Level-4-Security/154-validate-email
    ok 81 - Level-4-Security/154-validate-email
      ---
      duration_ms: 0.9663
      ...
    # Subtest: Level-4-Security/155-validate-patient-id
    ok 82 - Level-4-Security/155-validate-patient-id
      ---
      duration_ms: 1.5079
      ...
    # Subtest: Level-4-Security/156-validate-nhs-number
    ok 83 - Level-4-Security/156-validate-nhs-number
      ---
      duration_ms: 10.1678
      ...
    # Subtest: Level-4-Security/157-invalid-email-assignment
    ok 84 - Level-4-Security/157-invalid-email-assignment
      ---
      duration_ms: 2.1941
      ...
    # Subtest: Level-4-Security/158-redact-email
    ok 85 - Level-4-Security/158-redact-email
      ---
      duration_ms: 0.2161
      ...
    # Subtest: Level-4-Security/159-redact-patient-id
    ok 86 - Level-4-Security/159-redact-patient-id
      ---
      duration_ms: 0.1572
      ...
    # Subtest: Level-4-Security/161-safe-audit-log
    ok 87 - Level-4-Security/161-safe-audit-log
      ---
      duration_ms: 1.0295
      ...
    # Subtest: Level-4-Security/162-invalid-audit-log
    ok 88 - Level-4-Security/162-invalid-audit-log
      ---
      duration_ms: 0.5669
      ...
    # Subtest: Level-4-Security/163-unsafe-audit-log
    ok 89 - Level-4-Security/163-unsafe-audit-log
      ---
      duration_ms: 0.483
      ...
    # Subtest: Level-4-Security/164-safe-database-write
    ok 90 - Level-4-Security/164-safe-database-write
      ---
      duration_ms: 0.7616
      ...
    # Subtest: Level-4-Security/165-unsafe-database-write
    ok 91 - Level-4-Security/165-unsafe-database-write
      ---
      duration_ms: 0.5738
      ...
    # Subtest: Level-4-Security/166-safe-network-send
    ok 92 - Level-4-Security/166-safe-network-send
      ---
      duration_ms: 0.5726
      ...
    # Subtest: Level-4-Security/167-unsafe-network-send
    ok 93 - Level-4-Security/167-unsafe-network-send
      ---
      duration_ms: 0.5839
      ...
    # Subtest: Level-4-Security/168-redacted-network-send
    ok 94 - Level-4-Security/168-redacted-network-send
      ---
      duration_ms: 0.5533
      ...
    # Subtest: Level-4-Security/169-secret-comparison
    ok 95 - Level-4-Security/169-secret-comparison
      ---
      duration_ms: 0.4859
      ...
    # Subtest: Level-4-Security/170-constant-time-comparison
    ok 96 - Level-4-Security/170-constant-time-comparison
      ---
      duration_ms: 0.3476
      ...
    # Subtest: Level-4-Security/171-protected-console-log
    ok 97 - Level-4-Security/171-protected-console-log
      ---
      duration_ms: 0.4572
      ...
    # Subtest: Level-4-Security/172-secret-console-log
    ok 98 - Level-4-Security/172-secret-console-log
      ---
      duration_ms: 0.2523
      ...
    # Subtest: Level-4-Security/173-validation-chain
    not ok 99 - Level-4-Security/173-validation-chain
      ---
      duration_ms: 0.8137
      location: 'C:\\laragon\\www\\LO\\packages-logicn\\logicn-core-compiler\\tests\\cec-integration.test.mjs:153:5'
      failureType: 'testCodeFailure'
      error: |-
        Level-4-Security/173-validation-chain: expected no errors, got: LLN-VALUESTATE-006
        
        1 !== 0
        
      code: 'ERR_ASSERTION'
      name: 'AssertionError'
      expected: 0
      actual: 1
      operator: 'strictEqual'
      stack: |-
        TestContext.<anonymous> (file:///C:/laragon/www/LO/packages-logicn/logicn-core-compiler/tests/cec-integration.test.mjs:161:16)
        Test.runInAsyncScope (node:async_hooks:211:14)
        Test.run (node:internal/test_runner/test:979:25)
        Suite.processPendingSubtests (node:internal/test_runner/test:677:18)
        Test.postRun (node:internal/test_runner/test:1090:19)
        Test.run (node:internal/test_runner/test:1018:12)
        async Suite.processPendingSubtests (node:internal/test_runner/test:677:7)
      ...
    # Subtest: Level-4-Security/174-multiple-protected-values
    not ok 100 - Level-4-Security/174-multiple-protected-values
      ---
      duration_ms: 1.2838
      location: 'C:\\laragon\\www\\LO\\packages-logicn\\logicn-core-compiler\\tests\\cec-integration.test.mjs:153:5'
      failureType: 'testCodeFailure'
      error: |-
        Level-4-Security/174-multiple-protected-values: expected no errors, got: LLN-VALUESTATE-006, LLN-VALUESTATE-006
        
        2 !== 0
        
      code: 'ERR_ASSERTION'
      name: 'AssertionError'
      expected: 0
      actual: 2
      operator: 'strictEqual'
      stack: |-
        TestContext.<anonymous> (file:///C:/laragon/www/LO/packages-logicn/logicn-core-compiler/tests/cec-integration.test.mjs:161:16)
        Test.runInAsyncScope (node:async_hooks:211:14)
        Test.run (node:internal/test_runner/test:979:25)
        Suite.processPendingSubtests (node:internal/test_runner/test:677:18)
        Test.postRun (node:internal/test_runner/test:1090:19)
        Test.run (node:internal/test_runner/test:1018:12)
        async Suite.processPendingSubtests (node:internal/test_runner/test:677:7)
      ...
    # Subtest: Level-4-Security/175-security-summary-example
    not ok 101 - Level-4-Security/175-security-summary-example
      ---
      duration_ms: 1.6448
      location: 'C:\\laragon\\www\\LO\\packages-logicn\\logicn-core-compiler\\tests\\cec-integration.test.mjs:153:5'
      failureType: 'testCodeFailure'
      error: |-
        Level-4-Security/175-security-summary-example: expected no errors, got: LLN-VALUESTATE-006, LLN-VALUESTATE-006, LLN-VALUESTATE-006
        
        3 !== 0
        
      code: 'ERR_ASSERTION'
      name: 'AssertionError'
      expected: 0
      actual: 3
      operator: 'strictEqual'
      stack: |-
        TestContext.<anonymous> (file:///C:/laragon/www/LO/packages-logicn/logicn-core-compiler/tests/cec-integration.test.mjs:161:16)
        Test.runInAsyncScope (node:async_hooks:211:14)
        Test.run (node:internal/test_runner/test:979:25)
        Suite.processPendingSubtests (node:internal/test_runner/test:677:18)
        Test.postRun (node:internal/test_runner/test:1090:19)
        Test.run (node:internal/test_runner/test:1018:12)
        async Suite.processPendingSubtests (node:internal/test_runner/test:677:7)
      ...
    # Subtest: Level-4-Security/176-sql-injection-concat
    ok 102 - Level-4-Security/176-sql-injection-concat
      ---
      duration_ms: 1.9901
      ...
    # Subtest: Level-4-Security/177-secret-serialization
    not ok 103 - Level-4-Security/177-secret-serialization
      ---
      duration_ms: 0.7578
      location: 'C:\\laragon\\www\\LO\\packages-logicn\\logicn-core-compiler\\tests\\cec-integration.test.mjs:153:5'
      failureType: 'testCodeFailure'
      error: 'Level-4-Security/177-secret-serialization: expected diagnostic LLN-SECRET-003, got: LLN-NAME-001'
      code: 'ERR_ASSERTION'
      name: 'AssertionError'
      expected: true
      actual: false
      operator: '=='
      stack: |-
        TestContext.<anonymous> (file:///C:/laragon/www/LO/packages-logicn/logicn-core-compiler/tests/cec-integration.test.mjs:171:18)
        Test.runInAsyncScope (node:async_hooks:211:14)
        Test.run (node:internal/test_runner/test:979:25)
        Suite.processPendingSubtests (node:internal/test_runner/test:677:18)
        Test.postRun (node:internal/test_runner/test:1090:19)
        Test.run (node:internal/test_runner/test:1018:12)
        async Suite.processPendingSubtests (node:internal/test_runner/test:677:7)
      ...
    # Subtest: Level-5-Governance/201-intent-basic
    ok 104 - Level-5-Governance/201-intent-basic
      ---
      duration_ms: 1.4195
      ...
    # Subtest: Level-5-Governance/202-secure-intent-boundary
    not ok 105 - Level-5-Governance/202-secure-intent-boundary
      ---
      duration_ms: 1.2328
      location: 'C:\\laragon\\www\\LO\\packages-logicn\\logicn-core-compiler\\tests\\cec-integration.test.mjs:153:5'
      failureType: 'testCodeFailure'
      error: |-
        Level-5-Governance/202-secure-intent-boundary: expected no errors, got: LLN-VALUESTATE-006
        
        1 !== 0
        
      code: 'ERR_ASSERTION'
      name: 'AssertionError'
      expected: 0
      actual: 1
      operator: 'strictEqual'
      stack: |-
        TestContext.<anonymous> (file:///C:/laragon/www/LO/packages-logicn/logicn-core-compiler/tests/cec-integration.test.mjs:161:16)
        Test.runInAsyncScope (node:async_hooks:211:14)
        Test.run (node:internal/test_runner/test:979:25)
        Suite.processPendingSubtests (node:internal/test_runner/test:677:18)
        Test.postRun (node:internal/test_runner/test:1090:19)
        Test.run (node:internal/test_runner/test:1018:12)
        async Suite.processPendingSubtests (node:internal/test_runner/test:677:7)
      ...
    # Subtest: Level-5-Governance/204-remote-execution-denied
    ok 106 - Level-5-Governance/204-remote-execution-denied
      ---
      duration_ms: 2.6057
      ...
    # Subtest: Level-5-Governance/206-protected-data-sharing-authority
    ok 107 - Level-5-Governance/206-protected-data-sharing-authority
      ---
      duration_ms: 1.047
      ...
    # Subtest: Level-5-Governance/208-audit-proof-required
    not ok 108 - Level-5-Governance/208-audit-proof-required
      ---
      duration_ms: 1.1986
      location: 'C:\\laragon\\www\\LO\\packages-logicn\\logicn-core-compiler\\tests\\cec-integration.test.mjs:153:5'
      failureType: 'testCodeFailure'
      error: |-
        Level-5-Governance/208-audit-proof-required: expected no errors, got: LLN-VALUESTATE-006
        
        1 !== 0
        
      code: 'ERR_ASSERTION'
      name: 'AssertionError'
      expected: 0
      actual: 1
      operator: 'strictEqual'
      stack: |-
        TestContext.<anonymous> (file:///C:/laragon/www/LO/packages-logicn/logicn-core-compiler/tests/cec-integration.test.mjs:161:16)
        Test.runInAsyncScope (node:async_hooks:211:14)
        Test.run (node:internal/test_runner/test:979:25)
        Suite.processPendingSubtests (node:internal/test_runner/test:677:18)
        Test.postRun (node:internal/test_runner/test:1090:19)
        Test.run (node:internal/test_runner/test:1018:12)
        async Suite.processPendingSubtests (node:internal/test_runner/test:677:7)
      ...
    # Subtest: Level-5-Governance/209-audit-proof-missing
    ok 109 - Level-5-Governance/209-audit-proof-missing
      ---
      duration_ms: 0.5762
      ...
    # Subtest: Level-5-Governance/210-governed-execution-plan
    ok 110 - Level-5-Governance/210-governed-execution-plan
      ---
      duration_ms: 2.1193
      ...
    # Subtest: Level-5-Governance/211-policy-block-allows-purpose
    ok 111 - Level-5-Governance/211-policy-block-allows-purpose
      ---
      duration_ms: 2.213
      ...
    # Subtest: Level-5-Governance/213-governance-summary-example
    not ok 112 - Level-5-Governance/213-governance-summary-example
      ---
      duration_ms: 3.8774
      location: 'C:\\laragon\\www\\LO\\packages-logicn\\logicn-core-compiler\\tests\\cec-integration.test.mjs:153:5'
      failureType: 'testCodeFailure'
      error: |-
        Level-5-Governance/213-governance-summary-example: expected no errors, got: LLN-VALUESTATE-006, LLN-VALUESTATE-006
        
        2 !== 0
        
      code: 'ERR_ASSERTION'
      name: 'AssertionError'
      expected: 0
      actual: 2
      operator: 'strictEqual'
      stack: |-
        TestContext.<anonymous> (file:///C:/laragon/www/LO/packages-logicn/logicn-core-compiler/tests/cec-integration.test.mjs:161:16)
        Test.runInAsyncScope (node:async_hooks:211:14)
        Test.run (node:internal/test_runner/test:979:25)
        Suite.processPendingSubtests (node:internal/test_runner/test:677:18)
        Test.postRun (node:internal/test_runner/test:1090:19)
        Test.run (node:internal/test_runner/test:1018:12)
        async Suite.processPendingSubtests (node:internal/test_runner/test:677:7)
      ...
    # Subtest: Level-5-Governance/214-contract-secure-flow
    not ok 113 - Level-5-Governance/214-contract-secure-flow
      ---
      duration_ms: 1.4248
      location: 'C:\\laragon\\www\\LO\\packages-logicn\\logicn-core-compiler\\tests\\cec-integration.test.mjs:153:5'
      failureType: 'testCodeFailure'
      error: |-
        Level-5-Governance/214-contract-secure-flow: expected no errors, got: LLN-VALUESTATE-006
        
        1 !== 0
        
      code: 'ERR_ASSERTION'
      name: 'AssertionError'
      expected: 0
      actual: 1
      operator: 'strictEqual'
      stack: |-
        TestContext.<anonymous> (file:///C:/laragon/www/LO/packages-logicn/logicn-core-compiler/tests/cec-integration.test.mjs:161:16)
        Test.runInAsyncScope (node:async_hooks:211:14)
        Test.run (node:internal/test_runner/test:979:25)
        Suite.processPendingSubtests (node:internal/test_runner/test:677:18)
        Test.postRun (node:internal/test_runner/test:1090:19)
        Test.run (node:internal/test_runner/test:1018:12)
        async Suite.processPendingSubtests (node:internal/test_runner/test:677:7)
      ...
    # Subtest: Level-5-Governance/215-contract-set
    not ok 114 - Level-5-Governance/215-contract-set
      ---
      duration_ms: 1.7569
      location: 'C:\\laragon\\www\\LO\\packages-logicn\\logicn-core-compiler\\tests\\cec-integration.test.mjs:153:5'
      failureType: 'testCodeFailure'
      error: |-
        Level-5-Governance/215-contract-set: expected no errors, got: LLN-VALUESTATE-006
        
        1 !== 0
        
      code: 'ERR_ASSERTION'
      name: 'AssertionError'
      expected: 0
      actual: 1
      operator: 'strictEqual'
      stack: |-
        TestContext.<anonymous> (file:///C:/laragon/www/LO/packages-logicn/logicn-core-compiler/tests/cec-integration.test.mjs:161:16)
        Test.runInAsyncScope (node:async_hooks:211:14)
        Test.run (node:internal/test_runner/test:979:25)
        Suite.processPendingSubtests (node:internal/test_runner/test:677:18)
        Test.postRun (node:internal/test_runner/test:1090:19)
        Test.run (node:internal/test_runner/test:1018:12)
        async Suite.processPendingSubtests (node:internal/test_runner/test:677:7)
      ...
    # Subtest: Level-5-Governance/216-event-declaration
    ok 115 - Level-5-Governance/216-event-declaration
      ---
      duration_ms: 1.0926
      ...
    # Subtest: Level-5-Governance/217-contract-set-validation
    ok 116 - Level-5-Governance/217-contract-set-validation
      ---
      duration_ms: 6.2465
      ...
    # Subtest: Level-5-Governance/218-errors-contract
    ok 117 - Level-5-Governance/218-errors-contract
      ---
      duration_ms: 3.2217
      ...
    # Subtest: Level-5-Governance/219-response-denies
    ok 118 - Level-5-Governance/219-response-denies
      ---
      duration_ms: 2.0733
      ...
    # Subtest: Level-5-Governance/220-context-required
    ok 119 - Level-5-Governance/220-context-required
      ---
      duration_ms: 1.1786
      ...
    # Subtest: Level-5-Governance/221-timeouts-retries
    ok 120 - Level-5-Governance/221-timeouts-retries
      ---
      duration_ms: 1.1649
      ...
    # Subtest: Level-5-Governance/222-limits-privacy
    ok 121 - Level-5-Governance/222-limits-privacy
      ---
      duration_ms: 1.056
      ...
    # Subtest: Level-5-Governance/223-observability
    ok 122 - Level-5-Governance/223-observability
      ---
      duration_ms: 1.2675
      ...
    # Subtest: Level-5-Governance/224-contract-best-practices
    ok 123 - Level-5-Governance/224-contract-best-practices
      ---
      duration_ms: 1.5514
      ...
    # Subtest: Level-5-Governance/225-context-missing
    ok 124 - Level-5-Governance/225-context-missing
      ---
      duration_ms: 0.9491
      ...
    # Subtest: Level-5-Governance/226-full-16-section-minimal
    not ok 125 - Level-5-Governance/226-full-16-section-minimal
      ---
      duration_ms: 2.4167
      location: 'C:\\laragon\\www\\LO\\packages-logicn\\logicn-core-compiler\\tests\\cec-integration.test.mjs:153:5'
      failureType: 'testCodeFailure'
      error: |-
        Level-5-Governance/226-full-16-section-minimal: expected no errors, got: LLN-VALUESTATE-006
        
        1 !== 0
        
      code: 'ERR_ASSERTION'
      name: 'AssertionError'
      expected: 0
      actual: 1
      operator: 'strictEqual'
      stack: |-
        TestContext.<anonymous> (file:///C:/laragon/www/LO/packages-logicn/logicn-core-compiler/tests/cec-integration.test.mjs:161:16)
        Test.runInAsyncScope (node:async_hooks:211:14)
        Test.run (node:internal/test_runner/test:979:25)
        Suite.processPendingSubtests (node:internal/test_runner/test:677:18)
        Test.postRun (node:internal/test_runner/test:1090:19)
        Test.run (node:internal/test_runner/test:1018:12)
        async Suite.processPendingSubtests (node:internal/test_runner/test:677:7)
      ...
    # Subtest: Level-6-Compute/301-compute-target-best
    ok 126 - Level-6-Compute/301-compute-target-best
      ---
      duration_ms: 0.9192
      ...
    # Subtest: Level-6-Compute/302-compute-deny-remote
    ok 127 - Level-6-Compute/302-compute-deny-remote
      ---
      duration_ms: 1.9253
      ...
    # Subtest: Level-6-Compute/303-compute-gpu-explicit
    ok 128 - Level-6-Compute/303-compute-gpu-explicit
      ---
      duration_ms: 2.5332
      ...
    # Subtest: Level-6-Compute/304-tensor-basic
    ok 129 - Level-6-Compute/304-tensor-basic
      ---
      duration_ms: 1.9966
      ...
    # Subtest: Level-6-Compute/305-tensor-dynamic-shape
    ok 130 - Level-6-Compute/305-tensor-dynamic-shape
      ---
      duration_ms: 0.5416
      ...
    # Subtest: Level-6-Compute/306-tensor-arity-invalid
    ok 131 - Level-6-Compute/306-tensor-arity-invalid
      ---
      duration_ms: 0.3892
      ...
    # Subtest: Level-6-Compute/307-vector-type
    ok 132 - Level-6-Compute/307-vector-type
      ---
      duration_ms: 0.4284
      ...
    # Subtest: Level-6-Compute/308-matrix-type
    ok 133 - Level-6-Compute/308-matrix-type
      ---
      duration_ms: 0.3597
      ...
    # Subtest: Level-6-Compute/309-compute-photonic
    ok 134 - Level-6-Compute/309-compute-photonic
      ---
      duration_ms: 1.4773
      ...
    # Subtest: Level-6-Compute/310-compute-fallback-required
    ok 135 - Level-6-Compute/310-compute-fallback-required
      ---
      duration_ms: 3.2403
      ...
    # Subtest: Level-6-Compute/311-money-vat-calculation
    ok 136 - Level-6-Compute/311-money-vat-calculation
      ---
      duration_ms: 0.3695
      ...
    # Subtest: Level-6-Compute/312-money-invalid-cross-currency
    ok 137 - Level-6-Compute/312-money-invalid-cross-currency
      ---
      duration_ms: 0.3526
      ...
    # Subtest: Level-6-Compute/313-decimal-precision
    ok 138 - Level-6-Compute/313-decimal-precision
      ---
      duration_ms: 0.3224
      ...
    # Subtest: Level-6-Compute/314-compute-npu-ai-inference
    ok 139 - Level-6-Compute/314-compute-npu-ai-inference
      ---
      duration_ms: 1.1398
      ...
    # Subtest: Level-6-Compute/315-compute-summary
    ok 140 - Level-6-Compute/315-compute-summary
      ---
      duration_ms: 6.8531
      ...
    # Subtest: Level-6-Compute/316-invalid-tensor-add
    ok 141 - Level-6-Compute/316-invalid-tensor-add
      ---
      duration_ms: 1.6343
      ...
    # Subtest: Level-6-Compute/317-money-cross-currency-compute
    ok 142 - Level-6-Compute/317-money-cross-currency-compute
      ---
      duration_ms: 0.3323
      ...
    # Subtest: Level-6-Compute/318-compute-hint-missing
    ok 143 - Level-6-Compute/318-compute-hint-missing
      ---
      duration_ms: 0.4935
      ...
    # Subtest: Level-6-Compute/319-money-times-decimal
    ok 144 - Level-6-Compute/319-money-times-decimal
      ---
      duration_ms: 0.4529
      ...
    # Subtest: Level-6-Compute/320-statistics-stdlib
    ok 145 - Level-6-Compute/320-statistics-stdlib
      ---
      duration_ms: 1.0314
      ...
    # Subtest: Level-7-AI/351-embedding-flow
    ok 146 - Level-7-AI/351-embedding-flow
      ---
      duration_ms: 0.5238
      ...
    # Subtest: Level-7-AI/353-protected-ai-input
    not ok 147 - Level-7-AI/353-protected-ai-input
      ---
      duration_ms: 0.7784
      location: 'C:\\laragon\\www\\LO\\packages-logicn\\logicn-core-compiler\\tests\\cec-integration.test.mjs:153:5'
      failureType: 'testCodeFailure'
      error: |-
        Level-7-AI/353-protected-ai-input: expected no errors, got: LLN-VALUESTATE-006
        
        1 !== 0
        
      code: 'ERR_ASSERTION'
      name: 'AssertionError'
      expected: 0
      actual: 1
      operator: 'strictEqual'
      stack: |-
        TestContext.<anonymous> (file:///C:/laragon/www/LO/packages-logicn/logicn-core-compiler/tests/cec-integration.test.mjs:161:16)
        Test.runInAsyncScope (node:async_hooks:211:14)
        Test.run (node:internal/test_runner/test:979:25)
        Suite.processPendingSubtests (node:internal/test_runner/test:677:18)
        Test.postRun (node:internal/test_runner/test:1090:19)
        Test.run (node:internal/test_runner/test:1018:12)
        async Suite.processPendingSubtests (node:internal/test_runner/test:677:7)
      ...
    # Subtest: Level-7-AI/355-ai-governance-denied-remote
    ok 148 - Level-7-AI/355-ai-governance-denied-remote
      ---
      duration_ms: 1.8101
      ...
    # Subtest: Level-7-AI/357-tensor-model-input-output
    ok 149 - Level-7-AI/357-tensor-model-input-output
      ---
      duration_ms: 1.7047
      ...
    # Subtest: Level-7-AI/359-embedding-with-fallback
    ok 150 - Level-7-AI/359-embedding-with-fallback
      ---
      duration_ms: 0.725
      ...
    # Subtest: Level-7-AI/360-ai-audit-redacted
    not ok 151 - Level-7-AI/360-ai-audit-redacted
      ---
      duration_ms: 0.8909
      location: 'C:\\laragon\\www\\LO\\packages-logicn\\logicn-core-compiler\\tests\\cec-integration.test.mjs:153:5'
      failureType: 'testCodeFailure'
      error: |-
        Level-7-AI/360-ai-audit-redacted: expected no errors, got: LLN-VALUESTATE-006
        
        1 !== 0
        
      code: 'ERR_ASSERTION'
      name: 'AssertionError'
      expected: 0
      actual: 1
      operator: 'strictEqual'
      stack: |-
        TestContext.<anonymous> (file:///C:/laragon/www/LO/packages-logicn/logicn-core-compiler/tests/cec-integration.test.mjs:161:16)
        Test.runInAsyncScope (node:async_hooks:211:14)
        Test.run (node:internal/test_runner/test:979:25)
        Suite.processPendingSubtests (node:internal/test_runner/test:677:18)
        Test.postRun (node:internal/test_runner/test:1090:19)
        Test.run (node:internal/test_runner/test:1018:12)
        async Suite.processPendingSubtests (node:internal/test_runner/test:677:7)
      ...
    # Subtest: Level-7-AI/361-ai-any-tensor
    ok 152 - Level-7-AI/361-ai-any-tensor
      ---
      duration_ms: 0.4319
      ...
    # Subtest: Level-7-AI/362-ai-invalid-tensor-arity
    ok 153 - Level-7-AI/362-ai-invalid-tensor-arity
      ---
      duration_ms: 0.447
      ...
    # Subtest: Level-7-AI/365-ai-summary-flow
    not ok 154 - Level-7-AI/365-ai-summary-flow
      ---
      duration_ms: 1.2464
      location: 'C:\\laragon\\www\\LO\\packages-logicn\\logicn-core-compiler\\tests\\cec-integration.test.mjs:153:5'
      failureType: 'testCodeFailure'
      error: |-
        Level-7-AI/365-ai-summary-flow: expected no errors, got: LLN-VALUESTATE-006
        
        1 !== 0
        
      code: 'ERR_ASSERTION'
      name: 'AssertionError'
      expected: 0
      actual: 1
      operator: 'strictEqual'
      stack: |-
        TestContext.<anonymous> (file:///C:/laragon/www/LO/packages-logicn/logicn-core-compiler/tests/cec-integration.test.mjs:161:16)
        Test.runInAsyncScope (node:async_hooks:211:14)
        Test.run (node:internal/test_runner/test:979:25)
        Suite.processPendingSubtests (node:internal/test_runner/test:677:18)
        Test.postRun (node:internal/test_runner/test:1090:19)
        Test.run (node:internal/test_runner/test:1018:12)
        async Suite.processPendingSubtests (node:internal/test_runner/test:677:7)
      ...
    # Subtest: Level-7-AI/368-contract-ai-flow
    ok 155 - Level-7-AI/368-contract-ai-flow
      ---
      duration_ms: 0.5941
      ...
    # Subtest: Level-7-AI/368-signed-attestation
    ok 156 - Level-7-AI/368-signed-attestation
      ---
      duration_ms: 0.5549
      ...
    # Subtest: Level-7-AI/369-ai-classification-flow
    ok 157 - Level-7-AI/369-ai-classification-flow
      ---
      duration_ms: 1.0051
      ...
    # Subtest: Level-8-Targets/401-target-cpu
    ok 158 - Level-8-Targets/401-target-cpu
      ---
      duration_ms: 0.9268
      ...
    # Subtest: Level-8-Targets/402-target-gpu
    ok 159 - Level-8-Targets/402-target-gpu
      ---
      duration_ms: 1.7013
      ...
    # Subtest: Level-8-Targets/403-target-npu
    ok 160 - Level-8-Targets/403-target-npu
      ---
      duration_ms: 1.0231
      ...
    # Subtest: Level-8-Targets/404-target-wasm
    ok 161 - Level-8-Targets/404-target-wasm
      ---
      duration_ms: 1.0025
      ...
    # Subtest: Level-8-Targets/405-target-photonic
    ok 162 - Level-8-Targets/405-target-photonic
      ---
      duration_ms: 1.4773
      ...
    # Subtest: Level-8-Targets/406-target-quantum
    ok 163 - Level-8-Targets/406-target-quantum
      ---
      duration_ms: 1.2313
      ...
    # Subtest: Level-8-Targets/407-target-best-prefer
    ok 164 - Level-8-Targets/407-target-best-prefer
      ---
      duration_ms: 5.2485
      ...
    # Subtest: Level-8-Targets/408-target-deny-remote
    ok 165 - Level-8-Targets/408-target-deny-remote
      ---
      duration_ms: 1.1413
      ...
    # Subtest: Level-8-Targets/409-target-deny-list
    ok 166 - Level-8-Targets/409-target-deny-list
      ---
      duration_ms: 0.9493
      ...
    # Subtest: Level-8-Targets/410-adaptive-runtime
    ok 167 - Level-8-Targets/410-adaptive-runtime
      ---
      duration_ms: 2.6479
      ...
    # Subtest: Level-8-Targets/411-deterministic-runtime
    ok 168 - Level-8-Targets/411-deterministic-runtime
      ---
      duration_ms: 1.2288
      ...
    # Subtest: Level-8-Targets/412-target-photonic-with-fallback
    ok 169 - Level-8-Targets/412-target-photonic-with-fallback
      ---
      duration_ms: 1.743
      ...
    # Subtest: Level-8-Targets/413-target-quantum-simulation
    ok 170 - Level-8-Targets/413-target-quantum-simulation
      ---
      duration_ms: 1.0942
      ...
    # Subtest: Level-8-Targets/415-target-summary
    ok 171 - Level-8-Targets/415-target-summary
      ---
      duration_ms: 0.9481
      ...
    # Subtest: Level-8-Targets/416-target-fallback-missing
    ok 172 - Level-8-Targets/416-target-fallback-missing
      ---
      duration_ms: 1.1249
      ...
    # Subtest: Level-9-Enterprise/451-healthcare-patient-create
    not ok 173 - Level-9-Enterprise/451-healthcare-patient-create
      ---
      duration_ms: 1.0178
      location: 'C:\\laragon\\www\\LO\\packages-logicn\\logicn-core-compiler\\tests\\cec-integration.test.mjs:153:5'
      failureType: 'testCodeFailure'
      error: |-
        Level-9-Enterprise/451-healthcare-patient-create: expected no errors, got: LLN-VALUESTATE-006, LLN-VALUESTATE-006, LLN-EFFECT-004
        
        3 !== 0
        
      code: 'ERR_ASSERTION'
      name: 'AssertionError'
      expected: 0
      actual: 3
      operator: 'strictEqual'
      stack: |-
        TestContext.<anonymous> (file:///C:/laragon/www/LO/packages-logicn/logicn-core-compiler/tests/cec-integration.test.mjs:161:16)
        Test.runInAsyncScope (node:async_hooks:211:14)
        Test.run (node:internal/test_runner/test:979:25)
        Suite.processPendingSubtests (node:internal/test_runner/test:677:18)
        Test.postRun (node:internal/test_runner/test:1090:19)
        Test.run (node:internal/test_runner/test:1018:12)
        async Suite.processPendingSubtests (node:internal/test_runner/test:677:7)
      ...
    # Subtest: Level-9-Enterprise/453-financial-payment-charge
    not ok 174 - Level-9-Enterprise/453-financial-payment-charge
      ---
      duration_ms: 3.5873
      location: 'C:\\laragon\\www\\LO\\packages-logicn\\logicn-core-compiler\\tests\\cec-integration.test.mjs:153:5'
      failureType: 'testCodeFailure'
      error: |-
        Level-9-Enterprise/453-financial-payment-charge: expected no errors, got: LLN-VALUESTATE-006
        
        1 !== 0
        
      code: 'ERR_ASSERTION'
      name: 'AssertionError'
      expected: 0
      actual: 1
      operator: 'strictEqual'
      stack: |-
        TestContext.<anonymous> (file:///C:/laragon/www/LO/packages-logicn/logicn-core-compiler/tests/cec-integration.test.mjs:161:16)
        Test.runInAsyncScope (node:async_hooks:211:14)
        Test.run (node:internal/test_runner/test:979:25)
        Suite.processPendingSubtests (node:internal/test_runner/test:677:18)
        Test.postRun (node:internal/test_runner/test:1090:19)
        Test.run (node:internal/test_runner/test:1018:12)
        async Suite.processPendingSubtests (node:internal/test_runner/test:677:7)
      ...
    # Subtest: Level-9-Enterprise/454-financial-cross-currency-invalid
    ok 175 - Level-9-Enterprise/454-financial-cross-currency-invalid
      ---
      duration_ms: 0.3774
      ...
    # Subtest: Level-9-Enterprise/455-financial-money-calculation
    ok 176 - Level-9-Enterprise/455-financial-money-calculation
      ---
      duration_ms: 0.2696
      ...
    # Subtest: Level-9-Enterprise/459-multi-protected-values
    not ok 177 - Level-9-Enterprise/459-multi-protected-values
      ---
      duration_ms: 0.8777
      location: 'C:\\laragon\\www\\LO\\packages-logicn\\logicn-core-compiler\\tests\\cec-integration.test.mjs:153:5'
      failureType: 'testCodeFailure'
      error: |-
        Level-9-Enterprise/459-multi-protected-values: expected no errors, got: LLN-VALUESTATE-006, LLN-VALUESTATE-006, LLN-VALUESTATE-006, LLN-EFFECT-004
        
        4 !== 0
        
      code: 'ERR_ASSERTION'
      name: 'AssertionError'
      expected: 0
      actual: 4
      operator: 'strictEqual'
      stack: |-
        TestContext.<anonymous> (file:///C:/laragon/www/LO/packages-logicn/logicn-core-compiler/tests/cec-integration.test.mjs:161:16)
        Test.runInAsyncScope (node:async_hooks:211:14)
        Test.run (node:internal/test_runner/test:979:25)
        Suite.processPendingSubtests (node:internal/test_runner/test:677:18)
        Test.postRun (node:internal/test_runner/test:1090:19)
        Test.run (node:internal/test_runner/test:1018:12)
        async Suite.processPendingSubtests (node:internal/test_runner/test:677:7)
      ...
    # Subtest: Level-9-Enterprise/460-authority-data-sharing
    not ok 178 - Level-9-Enterprise/460-authority-data-sharing
      ---
      duration_ms: 1.5531
      location: 'C:\\laragon\\www\\LO\\packages-logicn\\logicn-core-compiler\\tests\\cec-integration.test.mjs:153:5'
      failureType: 'testCodeFailure'
      error: |-
        Level-9-Enterprise/460-authority-data-sharing: expected no errors, got: LLN-VALUESTATE-006, LLN-EFFECT-004
        
        2 !== 0
        
      code: 'ERR_ASSERTION'
      name: 'AssertionError'
      expected: 0
      actual: 2
      operator: 'strictEqual'
      stack: |-
        TestContext.<anonymous> (file:///C:/laragon/www/LO/packages-logicn/logicn-core-compiler/tests/cec-integration.test.mjs:161:16)
        Test.runInAsyncScope (node:async_hooks:211:14)
        Test.run (node:internal/test_runner/test:979:25)
        Suite.processPendingSubtests (node:internal/test_runner/test:677:18)
        Test.postRun (node:internal/test_runner/test:1090:19)
        Test.run (node:internal/test_runner/test:1018:12)
        async Suite.processPendingSubtests (node:internal/test_runner/test:677:7)
      ...
    # Subtest: Level-9-Enterprise/462-policy-purpose
    not ok 179 - Level-9-Enterprise/462-policy-purpose
      ---
      duration_ms: 1.1669
      location: 'C:\\laragon\\www\\LO\\packages-logicn\\logicn-core-compiler\\tests\\cec-integration.test.mjs:153:5'
      failureType: 'testCodeFailure'
      error: |-
        Level-9-Enterprise/462-policy-purpose: expected no errors, got: LLN-VALUESTATE-006
        
        1 !== 0
        
      code: 'ERR_ASSERTION'
      name: 'AssertionError'
      expected: 0
      actual: 1
      operator: 'strictEqual'
      stack: |-
        TestContext.<anonymous> (file:///C:/laragon/www/LO/packages-logicn/logicn-core-compiler/tests/cec-integration.test.mjs:161:16)
        Test.runInAsyncScope (node:async_hooks:211:14)
        Test.run (node:internal/test_runner/test:979:25)
        Suite.processPendingSubtests (node:internal/test_runner/test:677:18)
        Test.postRun (node:internal/test_runner/test:1090:19)
        Test.run (node:internal/test_runner/test:1018:12)
        async Suite.processPendingSubtests (node:internal/test_runner/test:677:7)
      ...
    # Subtest: Level-9-Enterprise/465-enterprise-summary
    not ok 180 - Level-9-Enterprise/465-enterprise-summary
      ---
      duration_ms: 2.5399
      location: 'C:\\laragon\\www\\LO\\packages-logicn\\logicn-core-compiler\\tests\\cec-integration.test.mjs:153:5'
      failureType: 'testCodeFailure'
      error: |-
        Level-9-Enterprise/465-enterprise-summary: expected no errors, got: LLN-VALUESTATE-006, LLN-VALUESTATE-006, LLN-EFFECT-004
        
        3 !== 0
        
      code: 'ERR_ASSERTION'
      name: 'AssertionError'
      expected: 0
      actual: 3
      operator: 'strictEqual'
      stack: |-
        TestContext.<anonymous> (file:///C:/laragon/www/LO/packages-logicn/logicn-core-compiler/tests/cec-integration.test.mjs:161:16)
        Test.runInAsyncScope (node:async_hooks:211:14)
        Test.run (node:internal/test_runner/test:979:25)
        Suite.processPendingSubtests (node:internal/test_runner/test:677:18)
        Test.postRun (node:internal/test_runner/test:1090:19)
        Test.run (node:internal/test_runner/test:1018:12)
        async Suite.processPendingSubtests (node:internal/test_runner/test:677:7)
      ...
    # Subtest: Level-9-Enterprise/468-full-contract-model
    not ok 181 - Level-9-Enterprise/468-full-contract-model
      ---
      duration_ms: 1.173
      location: 'C:\\laragon\\www\\LO\\packages-logicn\\logicn-core-compiler\\tests\\cec-integration.test.mjs:153:5'
      failureType: 'testCodeFailure'
      error: |-
        Level-9-Enterprise/468-full-contract-model: expected no errors, got: LLN-VALUESTATE-006
        
        1 !== 0
        
      code: 'ERR_ASSERTION'
      name: 'AssertionError'
      expected: 0
      actual: 1
      operator: 'strictEqual'
      stack: |-
        TestContext.<anonymous> (file:///C:/laragon/www/LO/packages-logicn/logicn-core-compiler/tests/cec-integration.test.mjs:161:16)
        Test.runInAsyncScope (node:async_hooks:211:14)
        Test.run (node:internal/test_runner/test:979:25)
        Suite.processPendingSubtests (node:internal/test_runner/test:677:18)
        Test.postRun (node:internal/test_runner/test:1090:19)
        Test.run (node:internal/test_runner/test:1018:12)
        async Suite.processPendingSubtests (node:internal/test_runner/test:677:7)
      ...
    # Subtest: Level-9-Enterprise/469-contract-financial-payment
    not ok 182 - Level-9-Enterprise/469-contract-financial-payment
      ---
      duration_ms: 1.6123
      location: 'C:\\laragon\\www\\LO\\packages-logicn\\logicn-core-compiler\\tests\\cec-integration.test.mjs:153:5'
      failureType: 'testCodeFailure'
      error: |-
        Level-9-Enterprise/469-contract-financial-payment: expected no errors, got: LLN-VALUESTATE-006, LLN-VALUESTATE-006
        
        2 !== 0
        
      code: 'ERR_ASSERTION'
      name: 'AssertionError'
      expected: 0
      actual: 2
      operator: 'strictEqual'
      stack: |-
        TestContext.<anonymous> (file:///C:/laragon/www/LO/packages-logicn/logicn-core-compiler/tests/cec-integration.test.mjs:161:16)
        Test.runInAsyncScope (node:async_hooks:211:14)
        Test.run (node:internal/test_runner/test:979:25)
        Suite.processPendingSubtests (node:internal/test_runner/test:677:18)
        Test.postRun (node:internal/test_runner/test:1090:19)
        Test.run (node:internal/test_runner/test:1018:12)
        async Suite.processPendingSubtests (node:internal/test_runner/test:677:7)
      ...
    # Subtest: Level-9-Enterprise/471-medical-medication-check
    not ok 183 - Level-9-Enterprise/471-medical-medication-check
      ---
      duration_ms: 3.1763
      location: 'C:\\laragon\\www\\LO\\packages-logicn\\logicn-core-compiler\\tests\\cec-integration.test.mjs:153:5'
      failureType: 'testCodeFailure'
      error: |-
        Level-9-Enterprise/471-medical-medication-check: expected no errors, got: LLN-VALUESTATE-006
        
        1 !== 0
        
      code: 'ERR_ASSERTION'
      name: 'AssertionError'
      expected: 0
      actual: 1
      operator: 'strictEqual'
      stack: |-
        TestContext.<anonymous> (file:///C:/laragon/www/LO/packages-logicn/logicn-core-compiler/tests/cec-integration.test.mjs:161:16)
        Test.runInAsyncScope (node:async_hooks:211:14)
        Test.run (node:internal/test_runner/test:979:25)
        Suite.processPendingSubtests (node:internal/test_runner/test:677:18)
        Test.postRun (node:internal/test_runner/test:1090:19)
        Test.run (node:internal/test_runner/test:1018:12)
        async Suite.processPendingSubtests (node:internal/test_runner/test:677:7)
      ...
    # Subtest: Level-9-Enterprise/472-physics-simulation
    ok 184 - Level-9-Enterprise/472-physics-simulation
      ---
      duration_ms: 1.0263
      ...
    # Subtest: Proposed-Readable-Logic-Forms/010-readable-equality
    ok 185 - Proposed-Readable-Logic-Forms/010-readable-equality
      ---
      duration_ms: 0.2404
      ...
    # Subtest: Proposed-Readable-Logic-Forms/011-readable-comparison
    ok 186 - Proposed-Readable-Logic-Forms/011-readable-comparison
      ---
      duration_ms: 0.1242
      ...
    # Subtest: Proposed-Readable-Logic-Forms/020-readable-boolean
    ok 187 - Proposed-Readable-Logic-Forms/020-readable-boolean
      ---
      duration_ms: 0.1157
      ...
    # Subtest: Proposed-Readable-Logic-Forms/030-readable-unless
    ok 188 - Proposed-Readable-Logic-Forms/030-readable-unless
      ---
      duration_ms: 0.1021
      ...
    # Subtest: Proposed-Readable-Logic-Forms/040-governance-readable
    ok 189 - Proposed-Readable-Logic-Forms/040-governance-readable
      ---
      duration_ms: 2.1577
      ...
    1..189
not ok 19 - CEC integration — stable examples
  ---
  duration_ms: 290.5428
  type: 'suite'
  location: 'C:\\laragon\\www\\LO\\packages-logicn\\logicn-core-compiler\\tests\\cec-integration.test.mjs:145:1'
  failureType: 'subtestsFailed'
  error: '26 subtests failed'
  code: 'ERR_TEST_FAILURE'
  ...
# Subtest: CEC integration — draft examples (compile-only)
    # Subtest: Level-1-Basics/002-guarded-flow (compile-only)
    ok 1 - Level-1-Basics/002-guarded-flow (compile-only)
      ---
      duration_ms: 1.0928
      ...
    # Subtest: Level-1-Basics/006-mut-binding (compile-only)
    ok 2 - Level-1-Basics/006-mut-binding (compile-only)
      ---
      duration_ms: 0.1819
      ...
    # Subtest: Level-1-Basics/012-match-result (compile-only)
    ok 3 - Level-1-Basics/012-match-result (compile-only)
      ---
      duration_ms: 0.1219
      ...
    # Subtest: Level-1-Basics/013-match-option (compile-only)
    ok 4 - Level-1-Basics/013-match-option (compile-only)
      ---
      duration_ms: 0.1108
      ...
    # Subtest: Level-2-Types/062-invalid-redacted-email (compile-only)
    ok 5 - Level-2-Types/062-invalid-redacted-email (compile-only)
      ---
      duration_ms: 0.0981
      ...
    # Subtest: Level-2-Types/070-auto-invalid (compile-only)
    ok 6 - Level-2-Types/070-auto-invalid (compile-only)
      ---
      duration_ms: 0.0979
      ...
    # Subtest: Level-2-Types/086-protected-not-redacted (compile-only)
    ok 7 - Level-2-Types/086-protected-not-redacted (compile-only)
      ---
      duration_ms: 0.0952
      ...
    # Subtest: Level-3-Effects/107-pure-flow-calls-effectful-flow (compile-only)
    ok 8 - Level-3-Effects/107-pure-flow-calls-effectful-flow (compile-only)
      ---
      duration_ms: 0.3573
      ...
    # Subtest: Level-3-Effects/115-effect-propagation-through-call (compile-only)
    ok 9 - Level-3-Effects/115-effect-propagation-through-call (compile-only)
      ---
      duration_ms: 3.2911
      ...
    # Subtest: Level-4-Security/160-protected-not-redacted (compile-only)
    ok 10 - Level-4-Security/160-protected-not-redacted (compile-only)
      ---
      duration_ms: 0.2079
      ...
    # Subtest: Level-5-Governance/203-intent-mismatch-invalid (compile-only)
    ok 11 - Level-5-Governance/203-intent-mismatch-invalid (compile-only)
      ---
      duration_ms: 0.4524
      ...
    # Subtest: Level-5-Governance/205-remote-execution-violation (compile-only)
    ok 12 - Level-5-Governance/205-remote-execution-violation (compile-only)
      ---
      duration_ms: 1.8099
      ...
    # Subtest: Level-5-Governance/207-protected-data-sharing-missing-authority (compile-only)
    ok 13 - Level-5-Governance/207-protected-data-sharing-missing-authority (compile-only)
      ---
      duration_ms: 0.5115
      ...
    # Subtest: Level-5-Governance/212-policy-purpose-mismatch (compile-only)
    ok 14 - Level-5-Governance/212-policy-purpose-mismatch (compile-only)
      ---
      duration_ms: 1.5031
      ...
    # Subtest: Level-7-AI/352-ai-inference-effect (compile-only)
    ok 15 - Level-7-AI/352-ai-inference-effect (compile-only)
      ---
      duration_ms: 0.3709
      ...
    # Subtest: Level-7-AI/354-ai-batch-inference (compile-only)
    ok 16 - Level-7-AI/354-ai-batch-inference (compile-only)
      ---
      duration_ms: 0.3834
      ...
    # Subtest: Level-7-AI/356-ai-missing-audit (compile-only)
    ok 17 - Level-7-AI/356-ai-missing-audit (compile-only)
      ---
      duration_ms: 1.2814
      ...
    # Subtest: Level-7-AI/358-ai-secure-string-in-ai (compile-only)
    ok 18 - Level-7-AI/358-ai-secure-string-in-ai (compile-only)
      ---
      duration_ms: 0.436
      ...
    # Subtest: Level-7-AI/363-local-model-only (compile-only)
    ok 19 - Level-7-AI/363-local-model-only (compile-only)
      ---
      duration_ms: 0.5492
      ...
    # Subtest: Level-7-AI/364-ai-effect-propagation (compile-only)
    ok 20 - Level-7-AI/364-ai-effect-propagation (compile-only)
      ---
      duration_ms: 0.3098
      ...
    # Subtest: Level-7-AI/366-ai-unsafe-input-to-model (compile-only)
    ok 21 - Level-7-AI/366-ai-unsafe-input-to-model (compile-only)
      ---
      duration_ms: 0.5257
      ...
    # Subtest: Level-7-AI/367-ai-inference-without-effect (compile-only)
    ok 22 - Level-7-AI/367-ai-inference-without-effect (compile-only)
      ---
      duration_ms: 0.2931
      ...
    # Subtest: Level-8-Targets/414-target-no-fallback-invalid (compile-only)
    ok 23 - Level-8-Targets/414-target-no-fallback-invalid (compile-only)
      ---
      duration_ms: 1.0106
      ...
    # Subtest: Level-9-Enterprise/452-healthcare-invalid-pii-log (compile-only)
    ok 24 - Level-9-Enterprise/452-healthcare-invalid-pii-log (compile-only)
      ---
      duration_ms: 0.6429
      ...
    # Subtest: Level-9-Enterprise/456-compliance-pii-effect (compile-only)
    ok 25 - Level-9-Enterprise/456-compliance-pii-effect (compile-only)
      ---
      duration_ms: 0.5109
      ...
    # Subtest: Level-9-Enterprise/457-compliance-phi-effect (compile-only)
    ok 26 - Level-9-Enterprise/457-compliance-phi-effect (compile-only)
      ---
      duration_ms: 1.4873
      ...
    # Subtest: Level-9-Enterprise/458-compliance-audit-required (compile-only)
    ok 27 - Level-9-Enterprise/458-compliance-audit-required (compile-only)
      ---
      duration_ms: 1.165
      ...
    # Subtest: Level-9-Enterprise/461-authority-missing (compile-only)
    ok 28 - Level-9-Enterprise/461-authority-missing (compile-only)
      ---
      duration_ms: 2.0372
      ...
    # Subtest: Level-9-Enterprise/463-policy-mismatch (compile-only)
    ok 29 - Level-9-Enterprise/463-policy-mismatch (compile-only)
      ---
      duration_ms: 1.6223
      ...
    # Subtest: Level-9-Enterprise/464-enterprise-supply-chain (compile-only)
    ok 30 - Level-9-Enterprise/464-enterprise-supply-chain (compile-only)
      ---
      duration_ms: 6.1063
      ...
    # Subtest: Level-9-Enterprise/466-pii-without-pii-effect (compile-only)
    ok 31 - Level-9-Enterprise/466-pii-without-pii-effect (compile-only)
      ---
      duration_ms: 0.5228
      ...
    # Subtest: Level-9-Enterprise/467-protected-response-body (compile-only)
    ok 32 - Level-9-Enterprise/467-protected-response-body (compile-only)
      ---
      duration_ms: 0.4317
      ...
    # Subtest: Level-9-Enterprise/470-contract-healthcare-search (compile-only)
    ok 33 - Level-9-Enterprise/470-contract-healthcare-search (compile-only)
      ---
      duration_ms: 1.345
      ...
    1..33
ok 20 - CEC integration — draft examples (compile-only)
  ---
  duration_ms: 32.4455
  type: 'suite'
  ...
# Subtest: LLN_SOURCE_ESCAPE_001 export
    # Subtest: is exported from dist/index.js with correct code
    ok 1 - is exported from dist/index.js with correct code
      ---
      duration_ms: 124.342
      ...
    1..1
ok 21 - LLN_SOURCE_ESCAPE_001 export
  ---
  duration_ms: 125.7723
  type: 'suite'
  ...
# Subtest: LLN_BACKEND_001 export
    # Subtest: is exported from dist/index.js with correct code
    ok 1 - is exported from dist/index.js with correct code
      ---
      duration_ms: 0.3893
      ...
    1..1
ok 22 - LLN_BACKEND_001 export
  ---
  duration_ms: 0.6048
  type: 'suite'
  ...
# Subtest: CLI module load
    # Subtest: dist/cli.js can be imported as a module URL without immediate execution errors
    ok 1 - dist/cli.js can be imported as a module URL without immediate execution errors
      ---
      duration_ms: 0.3483
      ...
    1..1
ok 23 - CLI module load
  ---
  duration_ms: 1.4624
  type: 'suite'
  ...
# Subtest: logicn-core-compiler syntax safety contracts
    # Subtest: rejects Tri values used directly as branch conditions
    ok 1 - rejects Tri values used directly as branch conditions
      ---
      duration_ms: 5.1696
      ...
    # Subtest: rejects implicit Tri, Decision and Bool boundary assignments
    ok 2 - rejects implicit Tri, Decision and Bool boundary assignments
      ---
      duration_ms: 1.9423
      ...
    # Subtest: rejects non-exhaustive Tri matches
    ok 3 - rejects non-exhaustive Tri matches
      ---
      duration_ms: 0.8774
      ...
    # Subtest: treats unknown_as true as an error in secure flows
    ok 4 - treats unknown_as true as an error in secure flows
      ---
      duration_ms: 0.4685
      ...
    # Subtest: blocks secret literals and unsafe dynamic execution
    ok 5 - blocks secret literals and unsafe dynamic execution
      ---
      duration_ms: 0.5862
      ...
    # Subtest: accepts explicit exhaustive Tri handling
    ok 6 - accepts explicit exhaustive Tri handling
      ---
      duration_ms: 0.3925
      ...
    # Subtest: rejects var and const as unsupported binding keywords
    ok 7 - rejects var and const as unsupported binding keywords
      ---
      duration_ms: 0.5016
      ...
    # Subtest: does not flag var/const inside comment lines
    ok 8 - does not flag var/const inside comment lines
      ---
      duration_ms: 1.9084
      ...
    # Subtest: checkBindingReassignment emits LLN-BINDING-001 for let, LLN-BINDING-002 for readonly, nothing for mut
    ok 9 - checkBindingReassignment emits LLN-BINDING-001 for let, LLN-BINDING-002 for readonly, nothing for mut
      ---
      duration_ms: 0.5623
      ...
    # Subtest: checkReadonlyMutation emits LLN-BINDING-003 only for readonly bindings
    ok 10 - checkReadonlyMutation emits LLN-BINDING-003 only for readonly bindings
      ---
      duration_ms: 0.6196
      ...
    # Subtest: checkMethodChain returns empty diagnostics (stub — pending type scope)
    ok 11 - checkMethodChain returns empty diagnostics (stub — pending type scope)
      ---
      duration_ms: 0.1987
      ...
    # Subtest: diagnostic constant arrays use correct LLN-* code prefixes
    ok 12 - diagnostic constant arrays use correct LLN-* code prefixes
      ---
      duration_ms: 0.3111
      ...
    # Subtest: accepts a well-formed typed content block without errors
    ok 13 - accepts a well-formed typed content block without errors
      ---
      duration_ms: 0.2952
      ...
    # Subtest: emits LLN-BLOCK-001 for an unknown content block type
    ok 14 - emits LLN-BLOCK-001 for an unknown content block type
      ---
      duration_ms: 0.2866
      ...
    # Subtest: emits LLN-BLOCK-002 for an unclosed typed content block
    ok 15 - emits LLN-BLOCK-002 for an unclosed typed content block
      ---
      duration_ms: 0.1728
      ...
    # Subtest: does not flag var/const keywords found inside a typed content block
    ok 16 - does not flag var/const keywords found inside a typed content block
      ---
      duration_ms: 0.1292
      ...
    # Subtest: validateTypedContentBlock stub returns empty diagnostics
    ok 17 - validateTypedContentBlock stub returns empty diagnostics
      ---
      duration_ms: 0.1103
      ...
    # Subtest: validateIntentEffects stub returns correct empty result shape
    ok 18 - validateIntentEffects stub returns correct empty result shape
      ---
      duration_ms: 0.898
      ...
    # Subtest: validateIntentEffects stub omits intent field when undefined
    ok 19 - validateIntentEffects stub omits intent field when undefined
      ---
      duration_ms: 0.1635
      ...
    # Subtest: String/Char/Byte diagnostic constants carry correct codes and names
    ok 20 - String/Char/Byte diagnostic constants carry correct codes and names
      ---
      duration_ms: 0.1991
      ...
    # Subtest: Memory diagnostic constants carry correct codes, names, and are all errors
    ok 21 - Memory diagnostic constants carry correct codes, names, and are all errors
      ---
      duration_ms: 0.1475
      ...
    # Subtest: Safety diagnostic constants carry correct codes and names (LLN-SAFETY-* series)
    ok 22 - Safety diagnostic constants carry correct codes and names (LLN-SAFETY-* series)
      ---
      duration_ms: 0.1262
      ...
    # Subtest: diagnostic constants export complete arrays check — including LLN-SAFETY-* and LLN-RAWPTR-*
    ok 23 - diagnostic constants export complete arrays check — including LLN-SAFETY-* and LLN-RAWPTR-*
      ---
      duration_ms: 0.1218
      ...
    # Subtest: rejects mut binding declared inside a pure flow — LLN-BINDING-004
    ok 24 - rejects mut binding declared inside a pure flow — LLN-BINDING-004
      ---
      duration_ms: 0.305
      ...
    # Subtest: allows mut binding in non-pure flows — no LLN-BINDING-004
    ok 25 - allows mut binding in non-pure flows — no LLN-BINDING-004
      ---
      duration_ms: 0.1669
      ...
    # Subtest: checkMutInPureContext emits LLN-BINDING-004 for pure flows and nothing otherwise
    ok 26 - checkMutInPureContext emits LLN-BINDING-004 for pure flows and nothing otherwise
      ---
      duration_ms: 0.1688
      ...
    # Subtest: rejects unsafe block without reason declaration — LLN-MEMORY-008
    ok 27 - rejects unsafe block without reason declaration — LLN-MEMORY-008
      ---
      duration_ms: 0.2476
      ...
    # Subtest: accepts unsafe block with reason declaration — no LLN-MEMORY-008
    ok 28 - accepts unsafe block with reason declaration — no LLN-MEMORY-008
      ---
      duration_ms: 0.2231
      ...
    1..28
ok 24 - logicn-core-compiler syntax safety contracts
  ---
  duration_ms: 19.9573
  type: 'suite'
  ...
# Subtest: Contract sections — errors {}
    # Subtest: parses errors block without errors
    ok 1 - parses errors block without errors
      ---
      duration_ms: 6.8489
      ...
    1..1
ok 25 - Contract sections — errors {}
  ---
  duration_ms: 8.0792
  type: 'suite'
  ...
# Subtest: Contract sections — timeouts {}
    # Subtest: parses timeouts block without errors
    ok 1 - parses timeouts block without errors
      ---
      duration_ms: 0.8797
      ...
    1..1
ok 26 - Contract sections — timeouts {}
  ---
  duration_ms: 1.0433
  type: 'suite'
  ...
# Subtest: Contract sections — retries {}
    # Subtest: parses retries block without errors
    ok 1 - parses retries block without errors
      ---
      duration_ms: 0.5964
      ...
    1..1
ok 27 - Contract sections — retries {}
  ---
  duration_ms: 0.7348
  type: 'suite'
  ...
# Subtest: Contract sections — limits {}
    # Subtest: parses limits block without errors
    ok 1 - parses limits block without errors
      ---
      duration_ms: 0.3267
      ...
    1..1
ok 28 - Contract sections — limits {}
  ---
  duration_ms: 0.4264
  type: 'suite'
  ...
# Subtest: Contract sections — privacy {}
    # Subtest: parses privacy block without errors
    ok 1 - parses privacy block without errors
      ---
      duration_ms: 0.9778
      ...
    1..1
ok 29 - Contract sections — privacy {}
  ---
  duration_ms: 2.3397
  type: 'suite'
  ...
# Subtest: Contract sections — observability {}
    # Subtest: parses observability block without errors
    ok 1 - parses observability block without errors
      ---
      duration_ms: 0.8335
      ...
    1..1
ok 30 - Contract sections — observability {}
  ---
  duration_ms: 1.0836
  type: 'suite'
  ...
# Subtest: Contract sections — all 6 new sections together
    # Subtest: parses all 6 new contract sections in one contract
    ok 1 - parses all 6 new contract sections in one contract
      ---
      duration_ms: 0.8454
      ...
    1..1
ok 31 - Contract sections — all 6 new sections together
  ---
  duration_ms: 0.9662
  type: 'suite'
  ...
# Subtest: Contract sections — named result type
    # Subtest: flow using named result type in contract.types parses without error
    ok 1 - flow using named result type in contract.types parses without error
      ---
      duration_ms: 0.4202
      ...
    # Subtest: canonical getPatient with all sections parses without error
    ok 2 - canonical getPatient with all sections parses without error
      ---
      duration_ms: 1.2013
      ...
    1..2
ok 32 - Contract sections — named result type
  ---
  duration_ms: 1.9472
  type: 'suite'
  ...
# Subtest: AI domain — basic ai.inference flow with intent
    # Subtest: parses an AI flow with intent and ai.inference effect without errors
    ok 1 - parses an AI flow with intent and ai.inference effect without errors
      ---
      duration_ms: 11.1942
      ...
    # Subtest: recognises ai.inference as a canonical effect — no LLN-EFFECT-004
    ok 2 - recognises ai.inference as a canonical effect — no LLN-EFFECT-004
      ---
      duration_ms: 4.1311
      ...
    # Subtest: effect result records ai.inference in declaredEffects
    ok 3 - effect result records ai.inference in declaredEffects
      ---
      duration_ms: 1.0453
      ...
    # Subtest: secure AI flow with intent { ... } in contract section parses without errors
    ok 4 - secure AI flow with intent { ... } in contract section parses without errors
      ---
      duration_ms: 1.1754
      ...
    1..4
ok 33 - AI domain — basic ai.inference flow with intent
  ---
  duration_ms: 19.1395
  type: 'suite'
  ...
# Subtest: AI domain — model contract section with uses ClassifierModel
    # Subtest: parses model { uses ClassifierModel } contract block without errors
    ok 1 - parses model { uses ClassifierModel } contract block without errors
      ---
      duration_ms: 0.7476
      ...
    # Subtest: parses model { uses ClassifierModel reads EmbeddingInput } without errors
    ok 2 - parses model { uses ClassifierModel reads EmbeddingInput } without errors
      ---
      duration_ms: 0.5708
      ...
    # Subtest: parses model { uses ClassifierModel constraints { ... } } without errors
    ok 3 - parses model { uses ClassifierModel constraints { ... } } without errors
      ---
      duration_ms: 0.8025
      ...
    1..3
ok 34 - AI domain — model contract section with uses ClassifierModel
  ---
  duration_ms: 2.7685
  type: 'suite'
  ...
# Subtest: AI domain — Tensor<Float32, [768]> embedding tensor type
    # Subtest: parses a binding with type Tensor<Float32, [768]> without errors
    ok 1 - parses a binding with type Tensor<Float32, [768]> without errors
      ---
      duration_ms: 0.9142
      ...
    # Subtest: parses Tensor<Float32, [768]> as a return type annotation without errors
    ok 2 - parses Tensor<Float32, [768]> as a return type annotation without errors
      ---
      duration_ms: 0.5635
      ...
    # Subtest: recognises EmbeddingModel.run as producing ai.inference effect
    ok 3 - recognises EmbeddingModel.run as producing ai.inference effect
      ---
      duration_ms: 1.4514
      ...
    1..3
ok 35 - AI domain — Tensor<Float32, [768]> embedding tensor type
  ---
  duration_ms: 3.2986
  type: 'suite'
  ...
# Subtest: AI domain — Tensor<Int8, [512]> quantized model input
    # Subtest: parses Tensor<Int8, [512]> as a binding type without errors
    ok 1 - parses Tensor<Int8, [512]> as a binding type without errors
      ---
      duration_ms: 0.4577
      ...
    # Subtest: parses Tensor<Int8, [512]> as a parameter type without errors
    ok 2 - parses Tensor<Int8, [512]> as a parameter type without errors
      ---
      duration_ms: 0.2515
      ...
    # Subtest: parses multi-dimensional quantized tensor Tensor<Int8, [4, 512]> without errors
    ok 3 - parses multi-dimensional quantized tensor Tensor<Int8, [4, 512]> without errors
      ---
      duration_ms: 0.2818
      ...
    1..3
ok 36 - AI domain — Tensor<Int8, [512]> quantized model input
  ---
  duration_ms: 1.1731
  type: 'suite'
  ...
# Subtest: AI domain — AnyTensor usage for generic AI ops
    # Subtest: parses AnyTensor as a binding type without errors
    ok 1 - parses AnyTensor as a binding type without errors
      ---
      duration_ms: 0.3375
      ...
    # Subtest: parses AnyTensor as a parameter type without errors
    ok 2 - parses AnyTensor as a parameter type without errors
      ---
      duration_ms: 0.2046
      ...
    # Subtest: parses AnyTensor as a return type without errors
    ok 3 - parses AnyTensor as a return type without errors
      ---
      duration_ms: 0.2129
      ...
    1..3
ok 37 - AI domain — AnyTensor usage for generic AI ops
  ---
  duration_ms: 1.0117
  type: 'suite'
  ...
# Subtest: AI domain — LLN-HINT-COMPUTE-001: ai.inference without compute target
    # Subtest: emits LLN-HINT-COMPUTE-001 when ai.inference declared but no compute target block
    ok 1 - emits LLN-HINT-COMPUTE-001 when ai.inference declared but no compute target block
      ---
      duration_ms: 1.962
      ...
    # Subtest: LLN-HINT-COMPUTE-001 is info severity
    ok 2 - LLN-HINT-COMPUTE-001 is info severity
      ---
      duration_ms: 0.7053
      ...
    # Subtest: LLN-HINT-COMPUTE-001 includes a suggestedFix mentioning compute target
    ok 3 - LLN-HINT-COMPUTE-001 includes a suggestedFix mentioning compute target
      ---
      duration_ms: 0.7716
      ...
    # Subtest: does NOT emit LLN-HINT-COMPUTE-001 when compute target block is present
    ok 4 - does NOT emit LLN-HINT-COMPUTE-001 when compute target block is present
      ---
      duration_ms: 0.9471
      ...
    # Subtest: does NOT emit LLN-HINT-COMPUTE-001 for flows without ai.inference
    ok 5 - does NOT emit LLN-HINT-COMPUTE-001 for flows without ai.inference
      ---
      duration_ms: 0.5767
      ...
    1..5
ok 38 - AI domain — LLN-HINT-COMPUTE-001: ai.inference without compute target
  ---
  duration_ms: 5.2273
  type: 'suite'
  ...
# Subtest: AI domain — compute target with prefer [npu, gpu, cpu]
    # Subtest: parses compute target best { prefer [npu, gpu, cpu] fallback cpu } without errors
    ok 1 - parses compute target best { prefer [npu, gpu, cpu] fallback cpu } without errors
      ---
      duration_ms: 0.4172
      ...
    # Subtest: parses compute target npu { ... } without errors
    ok 2 - parses compute target npu { ... } without errors
      ---
      duration_ms: 0.2647
      ...
    # Subtest: parses compute target gpu { ... } without errors
    ok 3 - parses compute target gpu { ... } without errors
      ---
      duration_ms: 0.3278
      ...
    # Subtest: parses compute target cpu { ... } without errors
    ok 4 - parses compute target cpu { ... } without errors
      ---
      duration_ms: 0.2613
      ...
    1..4
ok 39 - AI domain — compute target with prefer [npu, gpu, cpu]
  ---
  duration_ms: 1.4726
  type: 'suite'
  ...
# Subtest: AI domain — protected input to AI model
    # Subtest: parses a protected binding passed to an AI model without errors
    ok 1 - parses a protected binding passed to an AI model without errors
      ---
      duration_ms: 0.34
      ...
    # Subtest: parses protected Tensor binding without errors
    ok 2 - parses protected Tensor binding without errors
      ---
      duration_ms: 0.3059
      ...
    # Subtest: ai.inference with protected input and audit.write produces no effect errors
    ok 3 - ai.inference with protected input and audit.write produces no effect errors
      ---
      duration_ms: 0.9313
      ...
    1..3
ok 40 - AI domain — protected input to AI model
  ---
  duration_ms: 1.7557
  type: 'suite'
  ...
# Subtest: AI domain — AI flow with classification result
    # Subtest: parses a flow returning ClassificationResult without errors
    ok 1 - parses a flow returning ClassificationResult without errors
      ---
      duration_ms: 0.3073
      ...
    # Subtest: ClassifierModel.infer is recognised as ai.inference effect producer
    ok 2 - ClassifierModel.infer is recognised as ai.inference effect producer
      ---
      duration_ms: 0.4953
      ...
    # Subtest: parses a flow with Label classification binding without errors
    ok 3 - parses a flow with Label classification binding without errors
      ---
      duration_ms: 0.3259
      ...
    1..3
ok 41 - AI domain — AI flow with classification result
  ---
  duration_ms: 1.3522
  type: 'suite'
  ...
# Subtest: AI domain — Embedding<768> type (Phase 11E)
    # Subtest: parses Embedding<768> as a binding type without errors
    ok 1 - parses Embedding<768> as a binding type without errors
      ---
      duration_ms: 0.3356
      ...
    # Subtest: parses Embedding<768> as a return type without errors
    ok 2 - parses Embedding<768> as a return type without errors
      ---
      duration_ms: 0.2759
      ...
    # Subtest: parses Embedding<1536> as a higher-dimensional embedding type without errors
    ok 3 - parses Embedding<1536> as a higher-dimensional embedding type without errors
      ---
      duration_ms: 0.2031
      ...
    # Subtest: parses Embedding<768> as a parameter type without errors
    ok 4 - parses Embedding<768> as a parameter type without errors
      ---
      duration_ms: 0.1838
      ...
    1..4
ok 42 - AI domain — Embedding<768> type (Phase 11E)
  ---
  duration_ms: 1.1898
  type: 'suite'
  ...
# Subtest: AI domain — Classification result type
    # Subtest: parses Classification as a type without errors
    ok 1 - parses Classification as a type without errors
      ---
      duration_ms: 0.2001
      ...
    # Subtest: parses EmbeddingResult type in a binding without errors
    ok 2 - parses EmbeddingResult type in a binding without errors
      ---
      duration_ms: 0.1325
      ...
    # Subtest: parses RiskScore as a named AI output type without errors
    ok 3 - parses RiskScore as a named AI output type without errors
      ---
      duration_ms: 0.1204
      ...
    1..3
ok 43 - AI domain — Classification result type
  ---
  duration_ms: 0.5419
  type: 'suite'
  ...
# Subtest: AI domain — AI contract with deny [remote.execution] in targets
    # Subtest: parses a flow with contract targets { deny { localOnly } } without errors
    ok 1 - parses a flow with contract targets { deny { localOnly } } without errors
      ---
      duration_ms: 0.2186
      ...
    # Subtest: does not emit LLN-GOV-004 when remote.execution is denied and no network.outbound is declared
    ok 2 - does not emit LLN-GOV-004 when remote.execution is denied and no network.outbound is declared
      ---
      duration_ms: 0.5121
      ...
    1..2
ok 44 - AI domain — AI contract with deny [remote.execution] in targets
  ---
  duration_ms: 0.8152
  type: 'suite'
  ...
# Subtest: AI domain — Full AI classify flow with contract, effects, compute target
    # Subtest: full classify flow with contract + ai.inference + compute target parses without errors
    ok 1 - full classify flow with contract + ai.inference + compute target parses without errors
      ---
      duration_ms: 1.2306
      ...
    # Subtest: full classify flow has no effect errors
    ok 2 - full classify flow has no effect errors
      ---
      duration_ms: 0.5405
      ...
    # Subtest: full classify flow with compute target suppresses LLN-HINT-COMPUTE-001
    ok 3 - full classify flow with compute target suppresses LLN-HINT-COMPUTE-001
      ---
      duration_ms: 0.8244
      ...
    1..3
ok 45 - AI domain — Full AI classify flow with contract, effects, compute target
  ---
  duration_ms: 2.779
  type: 'suite'
  ...
# Subtest: AI domain — AI flow audit with AuditLog.write
    # Subtest: AuditLog.write in AI flow with audit.write effect produces no errors
    ok 1 - AuditLog.write in AI flow with audit.write effect produces no errors
      ---
      duration_ms: 0.6207
      ...
    # Subtest: parses AuditLog.write with redacted model input binding without errors
    ok 2 - parses AuditLog.write with redacted model input binding without errors
      ---
      duration_ms: 1.6754
      ...
    # Subtest: governance verifier records audit_required proof obligation for AI flow with audit.write
    ok 3 - governance verifier records audit_required proof obligation for AI flow with audit.write
      ---
      duration_ms: 0.5525
      ...
    # Subtest: AI flow missing audit.write triggers LLN-GOV-002 when database.write also declared
    ok 4 - AI flow missing audit.write triggers LLN-GOV-002 when database.write also declared
      ---
      duration_ms: 0.518
      ...
    1..4
ok 46 - AI domain — AI flow audit with AuditLog.write
  ---
  duration_ms: 3.5875
  type: 'suite'
  ...
# Subtest: AI domain — LLN-GOV-004: denied target selected
    # Subtest: governance verifier result has diagnostics array for AI flow
    ok 1 - governance verifier result has diagnostics array for AI flow
      ---
      duration_ms: 0.695
      ...
    # Subtest: emits LLN-GOV-004 when compute target denies remote.execution but network.outbound is declared
    ok 2 - emits LLN-GOV-004 when compute target denies remote.execution but network.outbound is declared
      ---
      duration_ms: 0.4431
      ...
    # Subtest: pure flow with ai.inference emits LLN-EFFECT-003
    ok 3 - pure flow with ai.inference emits LLN-EFFECT-003
      ---
      duration_ms: 0.3942
      ...
    # Subtest: effectResultsToDiagnostics includes ai.inference effect error from pure flow
    ok 4 - effectResultsToDiagnostics includes ai.inference effect error from pure flow
      ---
      duration_ms: 0.3938
      ...
    # Subtest: 'ai' as an effect alias triggers LLN-EFFECT-004 with suggestion ai.inference
    ok 5 - 'ai' as an effect alias triggers LLN-EFFECT-004 with suggestion ai.inference
      ---
      duration_ms: 0.3593
      ...
    1..5
ok 47 - AI domain — LLN-GOV-004: denied target selected
  ---
  duration_ms: 2.5145
  type: 'suite'
  ...
# Subtest: AI domain — integration: mixed AI types in one flow
    # Subtest: parses a flow using Tensor, Embedding and Classification types together without errors
    ok 1 - parses a flow using Tensor, Embedding and Classification types together without errors
      ---
      duration_ms: 0.385
      ...
    # Subtest: full AI pipeline with compute target + audit has no effect errors and no compute hint
    ok 2 - full AI pipeline with compute target + audit has no effect errors and no compute hint
      ---
      duration_ms: 0.4454
      ...
    # Subtest: governance verifier does not emit LLN-GOV-002 when ai flow declares audit.write
    ok 3 - governance verifier does not emit LLN-GOV-002 when ai flow declares audit.write
      ---
      duration_ms: 0.4833
      ...
    1..3
ok 48 - AI domain — integration: mixed AI types in one flow
  ---
  duration_ms: 1.4827
  type: 'suite'
  ...
# Subtest: Arithmetic — Int: addition
    # Subtest: Int + Int produces no type errors
    ok 1 - Int + Int produces no type errors
      ---
      duration_ms: 7.2859
      ...
    # Subtest: Int literal addition inline: 7 + 5
    ok 2 - Int literal addition inline: 7 + 5
      ---
      duration_ms: 0.5127
      ...
    1..2
ok 49 - Arithmetic — Int: addition
  ---
  duration_ms: 10.2409
  type: 'suite'
  ...
# Subtest: Arithmetic — Int: subtraction
    # Subtest: Int - Int produces no type errors
    ok 1 - Int - Int produces no type errors
      ---
      duration_ms: 2.2415
      ...
    # Subtest: Int literal subtraction: 100 - 42
    ok 2 - Int literal subtraction: 100 - 42
      ---
      duration_ms: 0.4211
      ...
    1..2
ok 50 - Arithmetic — Int: subtraction
  ---
  duration_ms: 3.0385
  type: 'suite'
  ...
# Subtest: Arithmetic — Int: multiplication
    # Subtest: Int * Int produces no type errors
    ok 1 - Int * Int produces no type errors
      ---
      duration_ms: 0.8064
      ...
    # Subtest: Int literal multiplication: 6 * 7
    ok 2 - Int literal multiplication: 6 * 7
      ---
      duration_ms: 0.47
      ...
    1..2
ok 51 - Arithmetic — Int: multiplication
  ---
  duration_ms: 1.6795
  type: 'suite'
  ...
# Subtest: Arithmetic — Int: division
    # Subtest: Int / Int produces no type errors
    ok 1 - Int / Int produces no type errors
      ---
      duration_ms: 0.8224
      ...
    # Subtest: Int literal division: 99 / 3
    ok 2 - Int literal division: 99 / 3
      ---
      duration_ms: 0.3102
      ...
    1..2
ok 52 - Arithmetic — Int: division
  ---
  duration_ms: 1.4877
  type: 'suite'
  ...
# Subtest: Arithmetic — Int: modulo
    # Subtest: Int % Int produces no type errors
    ok 1 - Int % Int produces no type errors
      ---
      duration_ms: 0.8366
      ...
    # Subtest: Int literal modulo: 13 % 4
    ok 2 - Int literal modulo: 13 % 4
      ---
      duration_ms: 0.6458
      ...
    1..2
ok 53 - Arithmetic — Int: modulo
  ---
  duration_ms: 1.6551
  type: 'suite'
  ...
# Subtest: Arithmetic — Float: basic operations
    # Subtest: Float + Float produces no type errors
    ok 1 - Float + Float produces no type errors
      ---
      duration_ms: 0.4487
      ...
    # Subtest: Float - Float produces no type errors
    ok 2 - Float - Float produces no type errors
      ---
      duration_ms: 0.3078
      ...
    # Subtest: Float * Float produces no type errors
    ok 3 - Float * Float produces no type errors
      ---
      duration_ms: 0.2795
      ...
    # Subtest: Float / Float produces no type errors
    ok 4 - Float / Float produces no type errors
      ---
      duration_ms: 0.2572
      ...
    1..4
ok 54 - Arithmetic — Float: basic operations
  ---
  duration_ms: 1.491
  type: 'suite'
  ...
# Subtest: Arithmetic — Decimal: financial precision
    # Subtest: Decimal + Decimal produces no type errors
    ok 1 - Decimal + Decimal produces no type errors
      ---
      duration_ms: 0.5841
      ...
    # Subtest: Decimal - Decimal produces no type errors
    ok 2 - Decimal - Decimal produces no type errors
      ---
      duration_ms: 0.4452
      ...
    # Subtest: Decimal * Decimal produces no type errors
    ok 3 - Decimal * Decimal produces no type errors
      ---
      duration_ms: 0.3316
      ...
    # Subtest: Decimal / Decimal produces no type errors
    ok 4 - Decimal / Decimal produces no type errors
      ---
      duration_ms: 0.3578
      ...
    1..4
ok 55 - Arithmetic — Decimal: financial precision
  ---
  duration_ms: 1.9125
  type: 'suite'
  ...
# Subtest: Arithmetic — mixed numeric types
    # Subtest: Int widens to Float when assigned to Float binding
    ok 1 - Int widens to Float when assigned to Float binding
      ---
      duration_ms: 0.3141
      ...
    # Subtest: Int widens to Decimal when assigned to Decimal binding
    ok 2 - Int widens to Decimal when assigned to Decimal binding
      ---
      duration_ms: 0.2349
      ...
    # Subtest: Int and Float in same arithmetic expression produce no error
    ok 3 - Int and Float in same arithmetic expression produce no error
      ---
      duration_ms: 0.2631
      ...
    # Subtest: Decimal binding inferred from Decimal literal
    ok 4 - Decimal binding inferred from Decimal literal
      ---
      duration_ms: 0.2443
      ...
    # Subtest: Bool is not assignable to Int (no silent widening)
    ok 5 - Bool is not assignable to Int (no silent widening)
      ---
      duration_ms: 0.4243
      ...
    # Subtest: String is not assignable to Float
    ok 6 - String is not assignable to Float
      ---
      duration_ms: 0.2731
      ...
    1..6
ok 56 - Arithmetic — mixed numeric types
  ---
  duration_ms: 2.0332
  type: 'suite'
  ...
# Subtest: Arithmetic — Money<GBP>: same-currency addition
    # Subtest: Money<GBP> + Money<GBP> produces no type errors
    ok 1 - Money<GBP> + Money<GBP> produces no type errors
      ---
      duration_ms: 0.6529
      ...
    # Subtest: Money<GBP> - Money<GBP> produces no type errors
    ok 2 - Money<GBP> - Money<GBP> produces no type errors
      ---
      duration_ms: 0.3471
      ...
    # Subtest: Money<USD> + Money<USD> produces no type errors
    ok 3 - Money<USD> + Money<USD> produces no type errors
      ---
      duration_ms: 0.6979
      ...
    1..3
ok 57 - Arithmetic — Money<GBP>: same-currency addition
  ---
  duration_ms: 1.8728
  type: 'suite'
  ...
# Subtest: Arithmetic — Money cross-currency: LLN-TYPE-004 rejection
    # Subtest: Money<GBP> + Money<USD> emits LLN-TYPE-004
    ok 1 - Money<GBP> + Money<USD> emits LLN-TYPE-004
      ---
      duration_ms: 0.4524
      ...
    # Subtest: Money<GBP> + Money<USD> error message mentions 'currency'
    ok 2 - Money<GBP> + Money<USD> error message mentions 'currency'
      ---
      duration_ms: 0.4953
      ...
    # Subtest: Money<GBP> - Money<USD> emits LLN-TYPE-004
    ok 3 - Money<GBP> - Money<USD> emits LLN-TYPE-004
      ---
      duration_ms: 0.6087
      ...
    # Subtest: Money<EUR> + Money<GBP> emits LLN-TYPE-004
    ok 4 - Money<EUR> + Money<GBP> emits LLN-TYPE-004
      ---
      duration_ms: 0.4244
      ...
    # Subtest: Money<GBP> * Money<GBP> emits LLN-TYPE-004 (dimensionally invalid)
    ok 5 - Money<GBP> * Money<GBP> emits LLN-TYPE-004 (dimensionally invalid)
      ---
      duration_ms: 0.3969
      ...
    # Subtest: Money * Decimal is valid (scaling by rate)
    ok 6 - Money * Decimal is valid (scaling by rate)
      ---
      duration_ms: 0.3182
      ...
    1..6
ok 58 - Arithmetic — Money cross-currency: LLN-TYPE-004 rejection
  ---
  duration_ms: 3.0236
  type: 'suite'
  ...
# Subtest: Arithmetic — unary minus
    # Subtest: Unary minus on Int produces no type errors
    ok 1 - Unary minus on Int produces no type errors
      ---
      duration_ms: 0.525
      ...
    # Subtest: Unary minus on Float literal produces no type errors
    ok 2 - Unary minus on Float literal produces no type errors
      ---
      duration_ms: 0.2352
      ...
    # Subtest: Unary minus on Int literal produces no type errors
    ok 3 - Unary minus on Int literal produces no type errors
      ---
      duration_ms: 0.2018
      ...
    1..3
ok 59 - Arithmetic — unary minus
  ---
  duration_ms: 1.1308
  type: 'suite'
  ...
# Subtest: Arithmetic — comparison operators on Int
    # Subtest: Int > Int produces no type errors
    ok 1 - Int > Int produces no type errors
      ---
      duration_ms: 0.3539
      ...
    # Subtest: Int < Int produces no type errors
    ok 2 - Int < Int produces no type errors
      ---
      duration_ms: 0.2427
      ...
    # Subtest: Int >= Int produces no type errors
    ok 3 - Int >= Int produces no type errors
      ---
      duration_ms: 0.3297
      ...
    # Subtest: Int <= Int produces no type errors
    ok 4 - Int <= Int produces no type errors
      ---
      duration_ms: 0.3398
      ...
    # Subtest: Int == Int produces no type errors
    ok 5 - Int == Int produces no type errors
      ---
      duration_ms: 0.2329
      ...
    # Subtest: Int != Int produces no type errors
    ok 6 - Int != Int produces no type errors
      ---
      duration_ms: 0.209
      ...
    # Subtest: Float > Float produces no type errors
    ok 7 - Float > Float produces no type errors
      ---
      duration_ms: 0.2038
      ...
    # Subtest: Int compared with String emits LLN-TYPE-004
    ok 8 - Int compared with String emits LLN-TYPE-004
      ---
      duration_ms: 0.2282
      ...
    # Subtest: Bool + Int emits LLN-TYPE-004
    ok 9 - Bool + Int emits LLN-TYPE-004
      ---
      duration_ms: 0.2079
      ...
    1..9
ok 60 - Arithmetic — comparison operators on Int
  ---
  duration_ms: 2.6905
  type: 'suite'
  ...
# Subtest: Arithmetic — real-world: VAT computation
    # Subtest: VAT calculation with Decimal produces no type errors
    ok 1 - VAT calculation with Decimal produces no type errors
      ---
      duration_ms: 0.4391
      ...
    # Subtest: UK VAT at 20%: Money<GBP> + Money<GBP> total
    ok 2 - UK VAT at 20%: Money<GBP> + Money<GBP> total
      ---
      duration_ms: 0.3088
      ...
    # Subtest: VAT rate check using Decimal comparison
    ok 3 - VAT rate check using Decimal comparison
      ---
      duration_ms: 0.2803
      ...
    1..3
ok 61 - Arithmetic — real-world: VAT computation
  ---
  duration_ms: 1.1819
  type: 'suite'
  ...
# Subtest: Arithmetic — real-world: salary deductions
    # Subtest: Salary deduction flow with Int arithmetic produces no type errors
    ok 1 - Salary deduction flow with Int arithmetic produces no type errors
      ---
      duration_ms: 0.3662
      ...
    # Subtest: Percentage deduction with Decimal produces no type errors
    ok 2 - Percentage deduction with Decimal produces no type errors
      ---
      duration_ms: 0.2919
      ...
    # Subtest: Monthly salary from annual: Int / Int
    ok 3 - Monthly salary from annual: Int / Int
      ---
      duration_ms: 0.3141
      ...
    1..3
ok 62 - Arithmetic — real-world: salary deductions
  ---
  duration_ms: 2.3502
  type: 'suite'
  ...
# Subtest: Arithmetic — real-world: loan interest
    # Subtest: Simple interest calculation with Float produces no type errors
    ok 1 - Simple interest calculation with Float produces no type errors
      ---
      duration_ms: 0.4246
      ...
    # Subtest: Loan repayment check: balance > 0 comparison
    ok 2 - Loan repayment check: balance > 0 comparison
      ---
      duration_ms: 0.3027
      ...
    # Subtest: Monthly payment modulo: outstanding % installments
    ok 3 - Monthly payment modulo: outstanding % installments
      ---
      duration_ms: 0.2316
      ...
    1..3
ok 63 - Arithmetic — real-world: loan interest
  ---
  duration_ms: 1.1385
  type: 'suite'
  ...
# Subtest: Arithmetic — sized Int types: narrowing is handled by LLN-TYPE-002
    # Subtest: Int8 = 42 does not emit LLN-TYPE-017 (narrowing is TYPE-002, not TYPE-017)
    ok 1 - Int8 = 42 does not emit LLN-TYPE-017 (narrowing is TYPE-002, not TYPE-017)
      ---
      duration_ms: 0.2823
      ...
    # Subtest: LLN-TYPE-017 constant has correct spec name QuantizedPrecisionMismatch
    ok 2 - LLN-TYPE-017 constant has correct spec name QuantizedPrecisionMismatch
      ---
      duration_ms: 0.3751
      ...
    # Subtest: Int16 = 1000 does not emit LLN-TYPE-017
    ok 3 - Int16 = 1000 does not emit LLN-TYPE-017
      ---
      duration_ms: 0.2876
      ...
    # Subtest: Int64 = 999 does not emit LLN-TYPE-017 (Int is smaller, widening to larger is safe)
    ok 4 - Int64 = 999 does not emit LLN-TYPE-017 (Int is smaller, widening to larger is safe)
      ---
      duration_ms: 0.1849
      ...
    # Subtest: Int = 42 does not emit LLN-TYPE-017
    ok 5 - Int = 42 does not emit LLN-TYPE-017
      ---
      duration_ms: 0.2271
      ...
    # Subtest: Float16 = 3.14 does not emit LLN-TYPE-017 (float narrowing is TYPE-002, not TYPE-017)
    ok 6 - Float16 = 3.14 does not emit LLN-TYPE-017 (float narrowing is TYPE-002, not TYPE-017)
      ---
      duration_ms: 0.1977
      ...
    # Subtest: Float64 = 3.14 does not emit LLN-TYPE-017 (widening is safe)
    ok 7 - Float64 = 3.14 does not emit LLN-TYPE-017 (widening is safe)
      ---
      duration_ms: 0.1762
      ...
    1..7
ok 64 - Arithmetic — sized Int types: narrowing is handled by LLN-TYPE-002
  ---
  duration_ms: 1.9818
  type: 'suite'
  ...
# Subtest: Arithmetic — readable numeric comparisons
    # Subtest: 'a is greater than b' parses as > and has no type errors
    ok 1 - 'a is greater than b' parses as > and has no type errors
      ---
      duration_ms: 0.7084
      ...
    # Subtest: 'a is less than b' parses as < and has no type errors
    ok 2 - 'a is less than b' parses as < and has no type errors
      ---
      duration_ms: 0.2656
      ...
    # Subtest: 'a is greater than or equal to b' has no type errors
    ok 3 - 'a is greater than or equal to b' has no type errors
      ---
      duration_ms: 0.2988
      ...
    # Subtest: 'a is less than or equal to b' has no type errors
    ok 4 - 'a is less than or equal to b' has no type errors
      ---
      duration_ms: 0.2315
      ...
    # Subtest: 'score is greater than 90' with literal produces no type errors
    ok 5 - 'score is greater than 90' with literal produces no type errors
      ---
      duration_ms: 0.2125
      ...
    # Subtest: 'balance is less than or equal to 0' has no type errors
    ok 6 - 'balance is less than or equal to 0' has no type errors
      ---
      duration_ms: 0.229
      ...
    # Subtest: 'amount is not equal to 0' readable form has no type errors
    ok 7 - 'amount is not equal to 0' readable form has no type errors
      ---
      duration_ms: 0.2136
      ...
    # Subtest: 'rate is equal to 0' readable form has no type errors
    ok 8 - 'rate is equal to 0' readable form has no type errors
      ---
      duration_ms: 0.227
      ...
    1..8
ok 65 - Arithmetic — readable numeric comparisons
  ---
  duration_ms: 2.684
  type: 'suite'
  ...
# Subtest: Arithmetic — numeric type mismatch guards
    # Subtest: String - Int emits LLN-TYPE-004
    ok 1 - String - Int emits LLN-TYPE-004
      ---
      duration_ms: 0.316
      ...
    # Subtest: String * String emits LLN-TYPE-004
    ok 2 - String * String emits LLN-TYPE-004
      ---
      duration_ms: 0.2349
      ...
    # Subtest: Bool % Int emits LLN-TYPE-004
    ok 3 - Bool % Int emits LLN-TYPE-004
      ---
      duration_ms: 0.2027
      ...
    # Subtest: String > Int emits LLN-TYPE-004 (cross-type comparison)
    ok 4 - String > Int emits LLN-TYPE-004 (cross-type comparison)
      ---
      duration_ms: 0.1743
      ...
    # Subtest: Int + Int + Int chained arithmetic has no type errors
    ok 5 - Int + Int + Int chained arithmetic has no type errors
      ---
      duration_ms: 0.2579
      ...
    # Subtest: Decimal arithmetic chained: (a + b) * rate has no type errors
    ok 6 - Decimal arithmetic chained: (a + b) * rate has no type errors
      ---
      duration_ms: 0.2711
      ...
    1..6
ok 66 - Arithmetic — numeric type mismatch guards
  ---
  duration_ms: 1.7036
  type: 'suite'
  ...
# Subtest: Bool — basic literals and type annotation
    # Subtest: true literal parses inside a pure flow with no errors
    ok 1 - true literal parses inside a pure flow with no errors
      ---
      duration_ms: 4.279
      ...
    # Subtest: false literal parses inside a pure flow with no errors
    ok 2 - false literal parses inside a pure flow with no errors
      ---
      duration_ms: 0.496
      ...
    # Subtest: true literal produces a boolLiteral AST node with value 'true'
    ok 3 - true literal produces a boolLiteral AST node with value 'true'
      ---
      duration_ms: 0.401
      ...
    # Subtest: false literal produces a boolLiteral AST node with value 'false'
    ok 4 - false literal produces a boolLiteral AST node with value 'false'
      ---
      duration_ms: 0.2577
      ...
    # Subtest: Bool is accepted as a parameter type without type errors
    ok 5 - Bool is accepted as a parameter type without type errors
      ---
      duration_ms: 5.5911
      ...
    # Subtest: Bool is accepted as a return type without type errors
    ok 6 - Bool is accepted as a return type without type errors
      ---
      duration_ms: 0.7542
      ...
    # Subtest: Bool as mut binding parses without errors in guarded flow
    ok 7 - Bool as mut binding parses without errors in guarded flow
      ---
      duration_ms: 3.6658
      ...
    1..7
ok 67 - Bool — basic literals and type annotation
  ---
  duration_ms: 17.1437
  type: 'suite'
  ...
# Subtest: Bool — symbolic operators &&, ||, !
    # Subtest: && operator parses correctly in a return expression
    ok 1 - && operator parses correctly in a return expression
      ---
      duration_ms: 2.249
      ...
    # Subtest: || operator parses correctly in a return expression
    ok 2 - || operator parses correctly in a return expression
      ---
      duration_ms: 0.7379
      ...
    # Subtest: ! prefix operator parses correctly
    ok 3 - ! prefix operator parses correctly
      ---
      duration_ms: 1.2769
      ...
    # Subtest: chained && and || respect precedence — && binds tighter
    ok 4 - chained && and || respect precedence — && binds tighter
      ---
      duration_ms: 1.1642
      ...
    # Subtest: double negation !!flag parses as nested unaryExpr nodes
    ok 5 - double negation !!flag parses as nested unaryExpr nodes
      ---
      duration_ms: 0.2641
      ...
    # Subtest: complex boolean expression with && and || and ! parses without errors
    ok 6 - complex boolean expression with && and || and ! parses without errors
      ---
      duration_ms: 0.352
      ...
    1..6
ok 68 - Bool — symbolic operators &&, ||, !
  ---
  duration_ms: 7.6792
  type: 'suite'
  ...
# Subtest: Bool — readable forms: and, or, unless, is not
    # Subtest: 'a and b' parses to binaryExpr with value '&&' and readableForm 'and'
    ok 1 - 'a and b' parses to binaryExpr with value '&&' and readableForm 'and'
      ---
      duration_ms: 0.359
      ...
    # Subtest: 'a or b' parses to binaryExpr with value '||' and readableForm 'or'
    ok 2 - 'a or b' parses to binaryExpr with value '||' and readableForm 'or'
      ---
      duration_ms: 0.2438
      ...
    # Subtest: 'unless condition {}' parses as ifStmt with negated condition
    ok 3 - 'unless condition {}' parses as ifStmt with negated condition
      ---
      duration_ms: 6.3096
      ...
    # Subtest: 'unless' with else branch parses correctly with 3 children
    ok 4 - 'unless' with else branch parses correctly with 3 children
      ---
      duration_ms: 0.501
      ...
    # Subtest: 'a is not b' parses to binaryExpr with value '!=' and readableForm 'is not'
    ok 5 - 'a is not b' parses to binaryExpr with value '!=' and readableForm 'is not'
      ---
      duration_ms: 0.4677
      ...
    # Subtest: mixed 'and'/'or' readable forms with correct precedence
    ok 6 - mixed 'and'/'or' readable forms with correct precedence
      ---
      duration_ms: 0.2616
      ...
    1..6
ok 69 - Bool — readable forms: and, or, unless, is not
  ---
  duration_ms: 11.4974
  type: 'suite'
  ...
# Subtest: Bool — symbolic comparison operators
    # Subtest: == operator parses in a condition and produces binaryExpr
    ok 1 - == operator parses in a condition and produces binaryExpr
      ---
      duration_ms: 0.356
      ...
    # Subtest: != operator parses correctly
    ok 2 - != operator parses correctly
      ---
      duration_ms: 0.2233
      ...
    # Subtest: > operator parses correctly
    ok 3 - > operator parses correctly
      ---
      duration_ms: 0.2483
      ...
    # Subtest: < operator parses correctly
    ok 4 - < operator parses correctly
      ---
      duration_ms: 0.3432
      ...
    # Subtest: >= operator parses correctly
    ok 5 - >= operator parses correctly
      ---
      duration_ms: 0.3158
      ...
    # Subtest: <= operator parses correctly
    ok 6 - <= operator parses correctly
      ---
      duration_ms: 0.1989
      ...
    # Subtest: comparison combined with && operator parses correctly
    ok 7 - comparison combined with && operator parses correctly
      ---
      duration_ms: 0.1775
      ...
    1..7
ok 70 - Bool — symbolic comparison operators
  ---
  duration_ms: 2.2455
  type: 'suite'
  ...
# Subtest: Bool — readable comparison forms
    # Subtest: 'x is greater than y' parses to binaryExpr '>' with correct readableForm
    ok 1 - 'x is greater than y' parses to binaryExpr '>' with correct readableForm
      ---
      duration_ms: 0.3908
      ...
    # Subtest: 'x is less than y' parses to binaryExpr '<'
    ok 2 - 'x is less than y' parses to binaryExpr '<'
      ---
      duration_ms: 0.2592
      ...
    # Subtest: 'x is greater than or equal to y' parses to binaryExpr '>='
    ok 3 - 'x is greater than or equal to y' parses to binaryExpr '>='
      ---
      duration_ms: 0.2438
      ...
    # Subtest: 'x is less than or equal to y' parses to binaryExpr '<='
    ok 4 - 'x is less than or equal to y' parses to binaryExpr '<='
      ---
      duration_ms: 1.5184
      ...
    # Subtest: 'x is not y' parses to binaryExpr '!=' with readableForm 'is not'
    ok 5 - 'x is not y' parses to binaryExpr '!=' with readableForm 'is not'
      ---
      duration_ms: 1.1079
      ...
    # Subtest: 'x is equal to y' parses to binaryExpr '==' with readableForm 'is equal to'
    ok 6 - 'x is equal to y' parses to binaryExpr '==' with readableForm 'is equal to'
      ---
      duration_ms: 0.6725
      ...
    # Subtest: 'x is not greater than y' parses to binaryExpr '<=' with readableForm 'is not greater than'
    ok 7 - 'x is not greater than y' parses to binaryExpr '<=' with readableForm 'is not greater than'
      ---
      duration_ms: 0.3047
      ...
    1..7
ok 71 - Bool — readable comparison forms
  ---
  duration_ms: 4.9764
  type: 'suite'
  ...
# Subtest: Bool — real-world if statements
    # Subtest: if isActive { } parses as ifStmt with identifier condition
    ok 1 - if isActive { } parses as ifStmt with identifier condition
      ---
      duration_ms: 0.4779
      ...
    # Subtest: if age > 18 { } parses as ifStmt with binaryExpr condition
    ok 2 - if age > 18 { } parses as ifStmt with binaryExpr condition
      ---
      duration_ms: 0.2332
      ...
    # Subtest: if/else structure parses with 3 children on ifStmt
    ok 3 - if/else structure parses with 3 children on ifStmt
      ---
      duration_ms: 0.2144
      ...
    # Subtest: if with && compound condition parses correctly
    ok 4 - if with && compound condition parses correctly
      ---
      duration_ms: 0.1896
      ...
    # Subtest: if with || compound condition parses correctly
    ok 5 - if with || compound condition parses correctly
      ---
      duration_ms: 0.3504
      ...
    # Subtest: if with negated condition !flag parses correctly
    ok 6 - if with negated condition !flag parses correctly
      ---
      duration_ms: 0.2391
      ...
    # Subtest: nested if statements parse without errors
    ok 7 - nested if statements parse without errors
      ---
      duration_ms: 0.2534
      ...
    1..7
ok 72 - Bool — real-world if statements
  ---
  duration_ms: 2.3197
  type: 'suite'
  ...
# Subtest: Bool — match expressions on Bool values
    # Subtest: match on a Bool variable parses without errors
    ok 1 - match on a Bool variable parses without errors
      ---
      duration_ms: 7.9169
      ...
    # Subtest: match on Bool produces a matchExpr AST node
    ok 2 - match on Bool produces a matchExpr AST node
      ---
      duration_ms: 0.4992
      ...
    # Subtest: match on Bool has correct arm patterns (true, false, _)
    ok 3 - match on Bool has correct arm patterns (true, false, _)
      ---
      duration_ms: 0.6544
      ...
    # Subtest: match on Bool literal expression parses without errors
    ok 4 - match on Bool literal expression parses without errors
      ---
      duration_ms: 0.3892
      ...
    # Subtest: match on Bool comparison result parses without errors
    ok 5 - match on Bool comparison result parses without errors
      ---
      duration_ms: 0.3504
      ...
    1..5
ok 73 - Bool — match expressions on Bool values
  ---
  duration_ms: 10.1016
  type: 'suite'
  ...
# Subtest: Bool — Bool inside Option<Bool>
    # Subtest: Option<Bool> as parameter type parses without type errors
    ok 1 - Option<Bool> as parameter type parses without type errors
      ---
      duration_ms: 0.6145
      ...
    # Subtest: Option<Bool> as return type parses without parse errors
    ok 2 - Option<Bool> as return type parses without parse errors
      ---
      duration_ms: 0.2098
      ...
    # Subtest: match on Option<Bool> with Some and None arms parses without errors
    ok 3 - match on Option<Bool> with Some and None arms parses without errors
      ---
      duration_ms: 0.2346
      ...
    # Subtest: Option<Bool> let binding parses without errors
    ok 4 - Option<Bool> let binding parses without errors
      ---
      duration_ms: 0.2148
      ...
    # Subtest: Option<Bool> in a record type context parses without errors
    ok 5 - Option<Bool> in a record type context parses without errors
      ---
      duration_ms: 1.0669
      ...
    1..5
ok 74 - Bool — Bool inside Option<Bool>
  ---
  duration_ms: 2.5795
  type: 'suite'
  ...
# Subtest: Bool — Bool inside Result<Bool, Error>
    # Subtest: Result<Bool, Error> as return type parses without type errors
    ok 1 - Result<Bool, Error> as return type parses without type errors
      ---
      duration_ms: 0.5094
      ...
    # Subtest: Result<Bool, String> as parameter type parses without errors
    ok 2 - Result<Bool, String> as parameter type parses without errors
      ---
      duration_ms: 0.1734
      ...
    # Subtest: match on Result<Bool, Error> parses correctly
    ok 3 - match on Result<Bool, Error> parses correctly
      ---
      duration_ms: 0.2016
      ...
    # Subtest: ? error propagation on Result<Bool, Error> parses without errors
    ok 4 - ? error propagation on Result<Bool, Error> parses without errors
      ---
      duration_ms: 0.2771
      ...
    # Subtest: Result<Bool, Error> let binding parses without errors
    ok 5 - Result<Bool, Error> let binding parses without errors
      ---
      duration_ms: 0.9328
      ...
    # Subtest: nested Result with Bool parses without errors
    ok 6 - nested Result with Bool parses without errors
      ---
      duration_ms: 0.3053
      ...
    1..6
ok 75 - Bool — Bool inside Result<Bool, Error>
  ---
  duration_ms: 8.0521
  type: 'suite'
  ...
# Subtest: Bool — Bool in flow signatures (params and returns)
    # Subtest: pure flow with multiple Bool params parses without errors
    ok 1 - pure flow with multiple Bool params parses without errors
      ---
      duration_ms: 0.3396
      ...
    # Subtest: secure flow with Bool param parses without errors
    ok 2 - secure flow with Bool param parses without errors
      ---
      duration_ms: 1.1702
      ...
    # Subtest: guarded flow returning Bool parses without errors
    ok 3 - guarded flow returning Bool parses without errors
      ---
      duration_ms: 0.354
      ...
    # Subtest: flow with Bool and non-Bool params parses without errors
    ok 4 - flow with Bool and non-Bool params parses without errors
      ---
      duration_ms: 0.2555
      ...
    # Subtest: flow using Bool readable form in return passes parse check
    ok 5 - flow using Bool readable form in return passes parse check
      ---
      duration_ms: 0.1751
      ...
    # Subtest: flow with Bool in unless guard parses without errors
    ok 6 - flow with Bool in unless guard parses without errors
      ---
      duration_ms: 0.64
      ...
    # Subtest: pure flow chaining Bool comparisons with 'and' readable form
    ok 7 - pure flow chaining Bool comparisons with 'and' readable form
      ---
      duration_ms: 0.2018
      ...
    # Subtest: flow returning Bool from 'is greater than' readable comparison
    ok 8 - flow returning Bool from 'is greater than' readable comparison
      ---
      duration_ms: 0.2443
      ...
    1..8
ok 76 - Bool — Bool in flow signatures (params and returns)
  ---
  duration_ms: 3.8572
  type: 'suite'
  ...
# Subtest: Collections — Array<String>, Array<Int>, Array<Bool> (type-checker)
    # Subtest: accepts Array<String> with all string elements
    ok 1 - accepts Array<String> with all string elements
      ---
      duration_ms: 7.2655
      ...
    # Subtest: accepts Array<Int> with all integer elements
    ok 2 - accepts Array<Int> with all integer elements
      ---
      duration_ms: 0.743
      ...
    # Subtest: accepts Array<Bool> with all boolean elements
    ok 3 - accepts Array<Bool> with all boolean elements
      ---
      duration_ms: 0.5447
      ...
    # Subtest: rejects Array<String> with a mixed Int element
    ok 4 - rejects Array<String> with a mixed Int element
      ---
      duration_ms: 0.5161
      ...
    # Subtest: rejects Array<Bool> with a String element
    ok 5 - rejects Array<Bool> with a String element
      ---
      duration_ms: 0.4868
      ...
    1..5
ok 77 - Collections — Array<String>, Array<Int>, Array<Bool> (type-checker)
  ---
  duration_ms: 11.0076
  type: 'suite'
  ...
# Subtest: Collections — Array<Email> domain type (type-checker)
    # Subtest: accepts empty Array<Email> without element mismatch when Email is declared
    ok 1 - accepts empty Array<Email> without element mismatch when Email is declared
      ---
      duration_ms: 3.4241
      ...
    # Subtest: does not emit LLN-TYPE-001 for the Array type itself when Email is declared
    ok 2 - does not emit LLN-TYPE-001 for the Array type itself when Email is declared
      ---
      duration_ms: 2.1543
      ...
    # Subtest: does not emit LLN-TYPE-011 when an Array<String> holds all string elements
    ok 3 - does not emit LLN-TYPE-011 when an Array<String> holds all string elements
      ---
      duration_ms: 0.8733
      ...
    # Subtest: emits LLN-TYPE-011 when an Array<String> contains a non-String element
    ok 4 - emits LLN-TYPE-011 when an Array<String> contains a non-String element
      ---
      duration_ms: 0.8856
      ...
    1..4
ok 78 - Collections — Array<Email> domain type (type-checker)
  ---
  duration_ms: 8.0851
  type: 'suite'
  ...
# Subtest: Collections — protected Array<Email> (value-state-checker)
    # Subtest: does not emit LLN-VALUESTATE-006 when protected value is assigned to protected binding
    ok 1 - does not emit LLN-VALUESTATE-006 when protected value is assigned to protected binding
      ---
      duration_ms: 2.2457
      ...
    # Subtest: emits LLN-VALUESTATE-006 when protect() result is assigned to plain String
    ok 2 - emits LLN-VALUESTATE-006 when protect() result is assigned to plain String
      ---
      duration_ms: 0.7608
      ...
    1..2
ok 79 - Collections — protected Array<Email> (value-state-checker)
  ---
  duration_ms: 3.2072
  type: 'suite'
  ...
# Subtest: Collections — LLN-TYPE-011 Array<Int> with String element
    # Subtest: emits LLN-TYPE-011 for Array<Int> = [1, 'two']
    ok 1 - emits LLN-TYPE-011 for Array<Int> = [1, 'two']
      ---
      duration_ms: 0.5791
      ...
    # Subtest: LLN-TYPE-011 message mentions the actual element type (String)
    ok 2 - LLN-TYPE-011 message mentions the actual element type (String)
      ---
      duration_ms: 0.312
      ...
    # Subtest: does not emit LLN-TYPE-011 for correct Array<Int> = [1, 2, 3]
    ok 3 - does not emit LLN-TYPE-011 for correct Array<Int> = [1, 2, 3]
      ---
      duration_ms: 0.2246
      ...
    # Subtest: emits LLN-TYPE-011 for Array<Bool> = [true, 42]
    ok 4 - emits LLN-TYPE-011 for Array<Bool> = [true, 42]
      ---
      duration_ms: 0.2333
      ...
    1..4
ok 80 - Collections — LLN-TYPE-011 Array<Int> with String element
  ---
  duration_ms: 1.5374
  type: 'suite'
  ...
# Subtest: Collections — Array methods (interpreter)
    # Subtest: .length returns the number of elements
    ok 1 - .length returns the number of elements
      ---
      duration_ms: 11.6469
      ...
    # Subtest: .first returns Some(firstElement) for a non-empty list
    ok 2 - .first returns Some(firstElement) for a non-empty list
      ---
      duration_ms: 1.566
      ...
    # Subtest: .last returns Some(lastElement) for a non-empty list
    ok 3 - .last returns Some(lastElement) for a non-empty list
      ---
      duration_ms: 1.0701
      ...
    # Subtest: .first returns None for an empty list
    ok 4 - .first returns None for an empty list
      ---
      duration_ms: 1.0461
      ...
    # Subtest: .filter keeps only matching elements — callback flow with 'arg' parameter
    ok 5 - .filter keeps only matching elements — callback flow with 'arg' parameter
      ---
      duration_ms: 3.486
      ...
    # Subtest: .map transforms each element — callback flow with 'arg' parameter
    ok 6 - .map transforms each element — callback flow with 'arg' parameter
      ---
      duration_ms: 1.6656
      ...
    # Subtest: .find returns Some(item) when a predicate matches — callback flow with 'arg' parameter
    ok 7 - .find returns Some(item) when a predicate matches — callback flow with 'arg' parameter
      ---
      duration_ms: 1.4259
      ...
    # Subtest: .find returns None when no element matches
    ok 8 - .find returns None when no element matches
      ---
      duration_ms: 1.1699
      ...
    1..8
ok 81 - Collections — Array methods (interpreter)
  ---
  duration_ms: 23.6016
  type: 'suite'
  ...
# Subtest: Collections — Array static constructors (interpreter)
    # Subtest: Array.empty() produces an empty list
    ok 1 - Array.empty() produces an empty list
      ---
      duration_ms: 0.7249
      ...
    # Subtest: Array.of() produces a list from its arguments
    ok 2 - Array.of() produces a list from its arguments
      ---
      duration_ms: 0.6074
      ...
    # Subtest: Array.range(0, 5) produces [0,1,2,3,4]
    ok 3 - Array.range(0, 5) produces [0,1,2,3,4]
      ---
      duration_ms: 0.7503
      ...
    # Subtest: Array.range with step produces every-other element
    ok 4 - Array.range with step produces every-other element
      ---
      duration_ms: 0.5335
      ...
    # Subtest: Array.range(3, 3) produces an empty list
    ok 5 - Array.range(3, 3) produces an empty list
      ---
      duration_ms: 0.4824
      ...
    1..5
ok 82 - Collections — Array static constructors (interpreter)
  ---
  duration_ms: 3.381
  type: 'suite'
  ...
# Subtest: Collections — Map<String, Int> (interpreter)
    # Subtest: Map.empty() produces a map with size 0
    ok 1 - Map.empty() produces a map with size 0
      ---
      duration_ms: 1.521
      ...
    # Subtest: Map.set() adds a key-value pair and increases size
    ok 2 - Map.set() adds a key-value pair and increases size
      ---
      duration_ms: 0.7753
      ...
    # Subtest: Map.get() returns Some(value) for a known key
    ok 3 - Map.get() returns Some(value) for a known key
      ---
      duration_ms: 0.8421
      ...
    # Subtest: Map.get() returns None for a missing key
    ok 4 - Map.get() returns None for a missing key
      ---
      duration_ms: 2.2763
      ...
    # Subtest: Map.has() returns true for an existing key
    ok 5 - Map.has() returns true for an existing key
      ---
      duration_ms: 0.8735
      ...
    # Subtest: Map.keys() returns a list of all keys
    ok 6 - Map.keys() returns a list of all keys
      ---
      duration_ms: 0.8351
      ...
    1..6
ok 83 - Collections — Map<String, Int> (interpreter)
  ---
  duration_ms: 7.483
  type: 'suite'
  ...
# Subtest: Collections — Set (interpreter)
    # Subtest: Set.empty() produces a set with no items — verified via toList().length()
    ok 1 - Set.empty() produces a set with no items — verified via toList().length()
      ---
      duration_ms: 3.9905
      ...
    # Subtest: Set.from([...]) constructs a set with the given elements — toList().length()
    ok 2 - Set.from([...]) constructs a set with the given elements — toList().length()
      ---
      duration_ms: 1.0806
      ...
    # Subtest: Set.add() inserts a new element
    ok 3 - Set.add() inserts a new element
      ---
      duration_ms: 10.4015
      ...
    # Subtest: Set.add() does not duplicate an existing element
    ok 4 - Set.add() does not duplicate an existing element
      ---
      duration_ms: 0.6732
      ...
    # Subtest: type-checker accepts Set<String> without element mismatch
    ok 5 - type-checker accepts Set<String> without element mismatch
      ---
      duration_ms: 0.2407
      ...
    1..5
ok 84 - Collections — Set (interpreter)
  ---
  duration_ms: 16.7311
  type: 'suite'
  ...
# Subtest: Collections — Nested Array<Array<Int>> (interpreter)
    # Subtest: builds a nested list and reads the inner length
    ok 1 - builds a nested list and reads the inner length
      ---
      duration_ms: 0.6754
      ...
    # Subtest: flattens a nested list using flatMap
    ok 2 - flattens a nested list using flatMap
      ---
      duration_ms: 0.9287
      ...
    1..2
ok 85 - Collections — Nested Array<Array<Int>> (interpreter)
  ---
  duration_ms: 1.7427
  type: 'suite'
  ...
# Subtest: Collections — Option<Array<Email>> (interpreter)
    # Subtest: Some wraps a list and unwrapOr returns it when Some
    ok 1 - Some wraps a list and unwrapOr returns it when Some
      ---
      duration_ms: 6.7885
      ...
    # Subtest: None.unwrapOr returns the fallback empty list
    ok 2 - None.unwrapOr returns the fallback empty list
      ---
      duration_ms: 0.5299
      ...
    # Subtest: Option.isSome returns true for Some(list)
    ok 3 - Option.isSome returns true for Some(list)
      ---
      duration_ms: 0.3881
      ...
    1..3
ok 86 - Collections — Option<Array<Email>> (interpreter)
  ---
  duration_ms: 7.9168
  type: 'suite'
  ...
# Subtest: Collections — Result wrapping a list (interpreter)
    # Subtest: Ok([...]).isOk() returns true
    ok 1 - Ok([...]).isOk() returns true
      ---
      duration_ms: 0.5272
      ...
    # Subtest: Err(apiError).isErr() returns true
    ok 2 - Err(apiError).isErr() returns true
      ---
      duration_ms: 0.5735
      ...
    # Subtest: Ok([...]).unwrapOr([]) returns the inner list
    ok 3 - Ok([...]).unwrapOr([]) returns the inner list
      ---
      duration_ms: 0.8977
      ...
    # Subtest: Err(...).unwrapOr([]) returns the fallback empty list
    ok 4 - Err(...).unwrapOr([]) returns the fallback empty list
      ---
      duration_ms: 0.6502
      ...
    1..4
ok 87 - Collections — Result wrapping a list (interpreter)
  ---
  duration_ms: 2.9487
  type: 'suite'
  ...
# Subtest: Collections — building arrays with while loops (interpreter)
    # Subtest: appends elements in a while loop to build a list of given length
    ok 1 - appends elements in a while loop to build a list of given length
      ---
      duration_ms: 1.4048
      ...
    # Subtest: accumulates a sum via push + sum in a while loop
    ok 2 - accumulates a sum via push + sum in a while loop
      ---
      duration_ms: 1.1207
      ...
    1..2
ok 88 - Collections — building arrays with while loops (interpreter)
  ---
  duration_ms: 2.6721
  type: 'suite'
  ...
# Subtest: Collections — for-each iteration (interpreter)
    # Subtest: iterates a string list and counts items
    ok 1 - iterates a string list and counts items
      ---
      duration_ms: 0.7391
      ...
    # Subtest: iterates over Array.range result and sums items
    ok 2 - iterates over Array.range result and sums items
      ---
      duration_ms: 0.7178
      ...
    # Subtest: for-each over empty list executes body zero times
    ok 3 - for-each over empty list executes body zero times
      ---
      duration_ms: 0.5015
      ...
    # Subtest: for-each can build a filtered accumulator
    ok 4 - for-each can build a filtered accumulator
      ---
      duration_ms: 0.9114
      ...
    1..4
ok 89 - Collections — for-each iteration (interpreter)
  ---
  duration_ms: 3.0946
  type: 'suite'
  ...
# Subtest: Collections — Array operations in flows (interpreter)
    # Subtest: combines .filter and .map to produce a transformed subset
    ok 1 - combines .filter and .map to produce a transformed subset
      ---
      duration_ms: 1.4349
      ...
    # Subtest: .reverse reverses the element order
    ok 2 - .reverse reverses the element order
      ---
      duration_ms: 0.4891
      ...
    # Subtest: .join concatenates string elements with a separator
    ok 3 - .join concatenates string elements with a separator
      ---
      duration_ms: 0.3946
      ...
    # Subtest: .contains returns true when element is present
    ok 4 - .contains returns true when element is present
      ---
      duration_ms: 0.45
      ...
    # Subtest: .sort orders integer elements ascending
    ok 5 - .sort orders integer elements ascending
      ---
      duration_ms: 2.2679
      ...
    1..5
ok 90 - Collections — Array operations in flows (interpreter)
  ---
  duration_ms: 5.2846
  type: 'suite'
  ...
# Subtest: Collections — type inference for list literals (type-checker)
    # Subtest: infers Array<Int> for [1, 2, 3] — no LLN-TYPE-011 when assigned to Array<Int>
    ok 1 - infers Array<Int> for [1, 2, 3] — no LLN-TYPE-011 when assigned to Array<Int>
      ---
      duration_ms: 0.3488
      ...
    # Subtest: infers Array<String> for ['a','b','c'] — no LLN-TYPE-011 when assigned to Array<String>
    ok 2 - infers Array<String> for ['a','b','c'] — no LLN-TYPE-011 when assigned to Array<String>
      ---
      duration_ms: 0.2221
      ...
    # Subtest: infers Array<Bool> for [true, false] — no LLN-TYPE-011
    ok 3 - infers Array<Bool> for [true, false] — no LLN-TYPE-011
      ---
      duration_ms: 0.2349
      ...
    # Subtest: [1,'two'] — mismatched list literal triggers LLN-TYPE-011 on Array<Int>
    ok 4 - [1,'two'] — mismatched list literal triggers LLN-TYPE-011 on Array<Int>
      ---
      duration_ms: 0.2041
      ...
    # Subtest: bare list literal without annotation is accepted (no arity error)
    ok 5 - bare list literal without annotation is accepted (no arity error)
      ---
      duration_ms: 0.1716
      ...
    1..5
ok 91 - Collections — type inference for list literals (type-checker)
  ---
  duration_ms: 1.3858
  type: 'suite'
  ...
# Subtest: Financial — Money type declarations
    # Subtest: accepts Money<GBP> as a parameter type without LLN-TYPE-001
    ok 1 - accepts Money<GBP> as a parameter type without LLN-TYPE-001
      ---
      duration_ms: 6.7282
      ...
    # Subtest: accepts Money<USD> as a parameter type without LLN-TYPE-001
    ok 2 - accepts Money<USD> as a parameter type without LLN-TYPE-001
      ---
      duration_ms: 0.9572
      ...
    # Subtest: accepts Money<EUR> as a parameter type without LLN-TYPE-001
    ok 3 - accepts Money<EUR> as a parameter type without LLN-TYPE-001
      ---
      duration_ms: 0.5359
      ...
    # Subtest: accepts Money<JPY> as a parameter type without LLN-TYPE-001
    ok 4 - accepts Money<JPY> as a parameter type without LLN-TYPE-001
      ---
      duration_ms: 0.3886
      ...
    # Subtest: accepts all four currency types together in the same flow
    ok 5 - accepts all four currency types together in the same flow
      ---
      duration_ms: 0.6402
      ...
    # Subtest: does not emit LLN-TYPE-009 for Money<GBP> (correct arity)
    ok 6 - does not emit LLN-TYPE-009 for Money<GBP> (correct arity)
      ---
      duration_ms: 0.4271
      ...
    1..6
ok 92 - Financial — Money type declarations
  ---
  duration_ms: 11.3157
  type: 'suite'
  ...
# Subtest: Financial — valid same-currency arithmetic (type check)
    # Subtest: does not emit LLN-TYPE-004 for Money<GBP> + Money<GBP>
    ok 1 - does not emit LLN-TYPE-004 for Money<GBP> + Money<GBP>
      ---
      duration_ms: 1.9154
      ...
    # Subtest: does not emit LLN-TYPE-004 for Money<USD> + Money<USD>
    ok 2 - does not emit LLN-TYPE-004 for Money<USD> + Money<USD>
      ---
      duration_ms: 0.7715
      ...
    # Subtest: does not emit LLN-TYPE-004 for Money<EUR> - Money<EUR>
    ok 3 - does not emit LLN-TYPE-004 for Money<EUR> - Money<EUR>
      ---
      duration_ms: 1.0722
      ...
    1..3
ok 93 - Financial — valid same-currency arithmetic (type check)
  ---
  duration_ms: 4.4555
  type: 'suite'
  ...
# Subtest: Financial — cross-currency rejection (LLN-TYPE-004)
    # Subtest: emits LLN-TYPE-004 for Money<GBP> + Money<USD>
    ok 1 - emits LLN-TYPE-004 for Money<GBP> + Money<USD>
      ---
      duration_ms: 0.8725
      ...
    # Subtest: emits LLN-TYPE-004 for Money<GBP> + Money<EUR>
    ok 2 - emits LLN-TYPE-004 for Money<GBP> + Money<EUR>
      ---
      duration_ms: 0.5545
      ...
    # Subtest: emits LLN-TYPE-004 for Money<USD> - Money<JPY>
    ok 3 - emits LLN-TYPE-004 for Money<USD> - Money<JPY>
      ---
      duration_ms: 0.3292
      ...
    # Subtest: emits LLN-TYPE-004 for Money * Money (dimensionally invalid)
    ok 4 - emits LLN-TYPE-004 for Money * Money (dimensionally invalid)
      ---
      duration_ms: 0.3738
      ...
    1..4
ok 94 - Financial — cross-currency rejection (LLN-TYPE-004)
  ---
  duration_ms: 2.3567
  type: 'suite'
  ...
# Subtest: Financial — Money comparison at runtime
    # Subtest: isGreaterThan: 100.00 GBP > 50.00 GBP is true
    ok 1 - isGreaterThan: 100.00 GBP > 50.00 GBP is true
      ---
      duration_ms: 11.793
      ...
    # Subtest: isGreaterThan: 50.00 GBP > 100.00 GBP is false
    ok 2 - isGreaterThan: 50.00 GBP > 100.00 GBP is false
      ---
      duration_ms: 2.1063
      ...
    # Subtest: equals: two GBP amounts with identical value (via Decimal ==)
    ok 3 - equals: two GBP amounts with identical value (via Decimal ==)
      ---
      duration_ms: 2.031
      ...
    # Subtest: equals: two GBP amounts with different values
    ok 4 - equals: two GBP amounts with different values
      ---
      duration_ms: 1.0841
      ...
    # Subtest: currency accessor returns the currency code string
    ok 5 - currency accessor returns the currency code string
      ---
      duration_ms: 0.6138
      ...
    1..5
ok 95 - Financial — Money comparison at runtime
  ---
  duration_ms: 17.9823
  type: 'suite'
  ...
# Subtest: Financial — VAT calculation
    # Subtest: calculates VAT at 20% on a GBP price
    ok 1 - calculates VAT at 20% on a GBP price
      ---
      duration_ms: 0.8733
      ...
    # Subtest: calculates gross price: net + VAT
    ok 2 - calculates gross price: net + VAT
      ---
      duration_ms: 1.2038
      ...
    # Subtest: type checker accepts Money<GBP> * Decimal (vatRate flow signature)
    ok 3 - type checker accepts Money<GBP> * Decimal (vatRate flow signature)
      ---
      duration_ms: 0.4173
      ...
    1..3
ok 96 - Financial — VAT calculation
  ---
  duration_ms: 2.7663
  type: 'suite'
  ...
# Subtest: Financial — salary flow with Decimal precision
    # Subtest: monthly salary computed from annual correctly (BigInt-backed)
    ok 1 - monthly salary computed from annual correctly (BigInt-backed)
      ---
      duration_ms: 0.9067
      ...
    # Subtest: annual salary after 10% raise
    ok 2 - annual salary after 10% raise
      ---
      duration_ms: 6.2521
      ...
    # Subtest: salary deductions: pension and tax
    ok 3 - salary deductions: pension and tax
      ---
      duration_ms: 1.8331
      ...
    # Subtest: Decimal type is recognised without LLN-TYPE-001
    ok 4 - Decimal type is recognised without LLN-TYPE-001
      ---
      duration_ms: 0.3683
      ...
    1..4
ok 97 - Financial — salary flow with Decimal precision
  ---
  duration_ms: 9.6961
  type: 'suite'
  ...
# Subtest: Financial — payment flow with full governed contract (parse)
    # Subtest: parses a payment flow contract with types, intent, effects, privacy, errors, audit sections
    ok 1 - parses a payment flow contract with types, intent, effects, privacy, errors, audit sections
      ---
      duration_ms: 2.7751
      ...
    # Subtest: parses payment flow with timeouts and retries
    ok 2 - parses payment flow with timeouts and retries
      ---
      duration_ms: 0.5955
      ...
    # Subtest: parses payment flow contract with observability section
    ok 3 - parses payment flow contract with observability section
      ---
      duration_ms: 0.5587
      ...
    1..3
ok 98 - Financial — payment flow with full governed contract (parse)
  ---
  duration_ms: 4.1548
  type: 'suite'
  ...
# Subtest: Financial — record types: Invoice, Payment, Balance
    # Subtest: type checker accepts an Invoice record type declaration
    ok 1 - type checker accepts an Invoice record type declaration
      ---
      duration_ms: 0.4691
      ...
    # Subtest: type checker accepts a Payment record type declaration
    ok 2 - type checker accepts a Payment record type declaration
      ---
      duration_ms: 0.4257
      ...
    # Subtest: type checker accepts a Balance record type declaration
    ok 3 - type checker accepts a Balance record type declaration
      ---
      duration_ms: 1.7571
      ...
    # Subtest: type checker accepts Invoice, Payment, and Balance together in a flow
    ok 4 - type checker accepts Invoice, Payment, and Balance together in a flow
      ---
      duration_ms: 0.5187
      ...
    1..4
ok 99 - Financial — record types: Invoice, Payment, Balance
  ---
  duration_ms: 3.4199
  type: 'suite'
  ...
# Subtest: Financial — brand types: AccountId, TransactionId, CardNumber
    # Subtest: type checker accepts AccountId as a Brand<String, ...> alias (alias itself not flagged)
    ok 1 - type checker accepts AccountId as a Brand<String, ...> alias (alias itself not flagged)
      ---
      duration_ms: 4.2222
      ...
    # Subtest: type checker accepts TransactionId as a Brand<String, ...> alias (alias itself not flagged)
    ok 2 - type checker accepts TransactionId as a Brand<String, ...> alias (alias itself not flagged)
      ---
      duration_ms: 3.431
      ...
    # Subtest: type checker accepts CardNumber as a Brand<String, ...> alias (alias itself not flagged)
    ok 3 - type checker accepts CardNumber as a Brand<String, ...> alias (alias itself not flagged)
      ---
      duration_ms: 1.261
      ...
    # Subtest: emits LLN-TYPE-003 when a string literal is directly assigned to AccountId
    ok 4 - emits LLN-TYPE-003 when a string literal is directly assigned to AccountId
      ---
      duration_ms: 1.3986
      ...
    # Subtest: emits LLN-TYPE-003 when a string literal is directly assigned to TransactionId
    ok 5 - emits LLN-TYPE-003 when a string literal is directly assigned to TransactionId
      ---
      duration_ms: 1.5863
      ...
    # Subtest: emits LLN-TYPE-003 when a string literal is assigned to CardNumber
    ok 6 - emits LLN-TYPE-003 when a string literal is assigned to CardNumber
      ---
      duration_ms: 1.3303
      ...
    # Subtest: LLN-TYPE-003 diagnostic for CardNumber includes a suggested validate gate
    ok 7 - LLN-TYPE-003 diagnostic for CardNumber includes a suggested validate gate
      ---
      duration_ms: 1.1477
      ...
    # Subtest: does not emit LLN-TYPE-003 for a plain String binding (no brand)
    ok 8 - does not emit LLN-TYPE-003 for a plain String binding (no brand)
      ---
      duration_ms: 0.2438
      ...
    1..8
ok 100 - Financial — brand types: AccountId, TransactionId, CardNumber
  ---
  duration_ms: 15.0521
  type: 'suite'
  ...
# Subtest: Financial — runtime Money BigInt precision
    # Subtest: Money.gbp(0.1) + Money.gbp(0.2) equals exactly 0.30 (no floating-point drift)
    ok 1 - Money.gbp(0.1) + Money.gbp(0.2) equals exactly 0.30 (no floating-point drift)
      ---
      duration_ms: 0.8592
      ...
    # Subtest: repeating decimal addition stays exact: 10 x 0.10 GBP = 1.00
    ok 2 - repeating decimal addition stays exact: 10 x 0.10 GBP = 1.00
      ---
      duration_ms: 3.3035
      ...
    # Subtest: Money.gbp amount() returns a decimal value
    ok 3 - Money.gbp amount() returns a decimal value
      ---
      duration_ms: 0.6298
      ...
    # Subtest: USD cross-check: 1/3 of 99.99 does not produce floating-point garbage
    ok 4 - USD cross-check: 1/3 of 99.99 does not produce floating-point garbage
      ---
      duration_ms: 1.157
      ...
    # Subtest: EUR subtract does not underflow to negative floating drift
    ok 5 - EUR subtract does not underflow to negative floating drift
      ---
      duration_ms: 1.2998
      ...
    # Subtest: JPY Money.toString includes currency code JPY
    ok 6 - JPY Money.toString includes currency code JPY
      ---
      duration_ms: 0.5627
      ...
    1..6
ok 101 - Financial — runtime Money BigInt precision
  ---
  duration_ms: 8.1719
  type: 'suite'
  ...
# Subtest: Financial — full secure payment flow execution
    # Subtest: executes a payment flow and records an audit entry
    ok 1 - executes a payment flow and records an audit entry
      ---
      duration_ms: 5.1648
      ...
    # Subtest: payment flow audit record has correct schema version
    ok 2 - payment flow audit record has correct schema version
      ---
      duration_ms: 1.081
      ...
    # Subtest: validates that payment amount is positive before processing
    ok 3 - validates that payment amount is positive before processing
      ---
      duration_ms: 1.1934
      ...
    # Subtest: rejects zero payment amount with Err result
    ok 4 - rejects zero payment amount with Err result
      ---
      duration_ms: 1.4132
      ...
    # Subtest: full PaymentResult contract parses without errors
    ok 5 - full PaymentResult contract parses without errors
      ---
      duration_ms: 0.4582
      ...
    1..5
ok 102 - Financial — full secure payment flow execution
  ---
  duration_ms: 9.6281
  type: 'suite'
  ...
# Subtest: Domain governance — contract with all 16 sections
    # Subtest: parses without errors
    ok 1 - parses without errors
      ---
      duration_ms: 14.4951
      ...
    # Subtest: extracts one flow from the 16-section contract
    ok 2 - extracts one flow from the 16-section contract
      ---
      duration_ms: 11.105
      ...
    # Subtest: does not raise LLN-EVENT-001 — event declared before use
    ok 3 - does not raise LLN-EVENT-001 — event declared before use
      ---
      duration_ms: 2.1526
      ...
    # Subtest: does not raise LLN-EVENT-002 — event is emitted
    ok 4 - does not raise LLN-EVENT-002 — event is emitted
      ---
      duration_ms: 1.9893
      ...
    # Subtest: does not raise LLN-CONTEXT-001 — actor and trace_id are accessed
    ok 5 - does not raise LLN-CONTEXT-001 — actor and trace_id are accessed
      ---
      duration_ms: 2.157
      ...
    # Subtest: does not raise LLN-GOV-003 — denied fields nhsNumber/dateOfBirth are not returned
    ok 6 - does not raise LLN-GOV-003 — denied fields nhsNumber/dateOfBirth are not returned
      ---
      duration_ms: 2.173
      ...
    # Subtest: does not raise LLN-GOV-010 — intent is declared
    ok 7 - does not raise LLN-GOV-010 — intent is declared
      ---
      duration_ms: 2.8478
      ...
    # Subtest: records intent_declared proof obligation
    ok 8 - records intent_declared proof obligation
      ---
      duration_ms: 1.679
      ...
    # Subtest: records audit_required proof obligation
    ok 9 - records audit_required proof obligation
      ---
      duration_ms: 2.115
      ...
    1..9
ok 103 - Domain governance — contract with all 16 sections
  ---
  duration_ms: 43.0641
  type: 'suite'
  ...
# Subtest: LLN-GOV-003 — denied field appears in response body
    # Subtest: emits LLN-GOV-003 when a denied field name is used in a response record
    ok 1 - emits LLN-GOV-003 when a denied field name is used in a response record
      ---
      duration_ms: 1.1803
      ...
    # Subtest: LLN-GOV-003 is error severity
    ok 2 - LLN-GOV-003 is error severity
      ---
      duration_ms: 0.561
      ...
    # Subtest: LLN-GOV-003 message names the offending field
    ok 3 - LLN-GOV-003 message names the offending field
      ---
      duration_ms: 0.5121
      ...
    # Subtest: does not emit LLN-GOV-003 when denied field is not in the response body
    ok 4 - does not emit LLN-GOV-003 when denied field is not in the response body
      ---
      duration_ms: 0.4779
      ...
    # Subtest: does not emit LLN-GOV-003 when contract has no response section
    ok 5 - does not emit LLN-GOV-003 when contract has no response section
      ---
      duration_ms: 0.458
      ...
    # Subtest: LLN_GOV_003 constant has expected code and name
    ok 6 - LLN_GOV_003 constant has expected code and name
      ---
      duration_ms: 0.1282
      ...
    1..6
ok 104 - LLN-GOV-003 — denied field appears in response body
  ---
  duration_ms: 3.8123
  type: 'suite'
  ...
# Subtest: LLN-GOV-011 — unknown contract set
    # Subtest: emits LLN-GOV-011 when flow uses an undeclared contract set
    ok 1 - emits LLN-GOV-011 when flow uses an undeclared contract set
      ---
      duration_ms: 0.477
      ...
    # Subtest: LLN-GOV-011 is error severity
    ok 2 - LLN-GOV-011 is error severity
      ---
      duration_ms: 0.4592
      ...
    # Subtest: LLN-GOV-011 message names the missing set
    ok 3 - LLN-GOV-011 message names the missing set
      ---
      duration_ms: 0.6349
      ...
    # Subtest: does not emit LLN-GOV-011 when the contract set is declared at program scope
    ok 4 - does not emit LLN-GOV-011 when the contract set is declared at program scope
      ---
      duration_ms: 1.0157
      ...
    # Subtest: LLN_GOV_011 constant has expected code and name
    ok 5 - LLN_GOV_011 constant has expected code and name
      ---
      duration_ms: 0.152
      ...
    1..5
ok 105 - LLN-GOV-011 — unknown contract set
  ---
  duration_ms: 3.0494
  type: 'suite'
  ...
# Subtest: LLN-GOV-012 — contract set audit requirement not met
    # Subtest: emits LLN-GOV-012 when audit requirement is unmet
    ok 1 - emits LLN-GOV-012 when audit requirement is unmet
      ---
      duration_ms: 0.5698
      ...
    # Subtest: LLN-GOV-012 is warning severity
    ok 2 - LLN-GOV-012 is warning severity
      ---
      duration_ms: 0.6072
      ...
    # Subtest: does not emit LLN-GOV-012 when flow declares audit.write
    ok 3 - does not emit LLN-GOV-012 when flow declares audit.write
      ---
      duration_ms: 0.4626
      ...
    # Subtest: does not emit LLN-GOV-012 when contract set audit block is empty
    ok 4 - does not emit LLN-GOV-012 when contract set audit block is empty
      ---
      duration_ms: 0.4805
      ...
    # Subtest: LLN_GOV_012 constant has expected code and name
    ok 5 - LLN_GOV_012 constant has expected code and name
      ---
      duration_ms: 0.1172
      ...
    1..5
ok 106 - LLN-GOV-012 — contract set audit requirement not met
  ---
  duration_ms: 2.4964
  type: 'suite'
  ...
# Subtest: LLN-CONTEXT-001 — required context field not accessed
    # Subtest: emits LLN-CONTEXT-001 when context.actor is required but never accessed
    ok 1 - emits LLN-CONTEXT-001 when context.actor is required but never accessed
      ---
      duration_ms: 0.6444
      ...
    # Subtest: LLN-CONTEXT-001 is warning severity
    ok 2 - LLN-CONTEXT-001 is warning severity
      ---
      duration_ms: 0.569
      ...
    # Subtest: LLN-CONTEXT-001 message names the missing field
    ok 3 - LLN-CONTEXT-001 message names the missing field
      ---
      duration_ms: 0.4315
      ...
    # Subtest: does not emit LLN-CONTEXT-001 when the field is accessed in the body
    ok 4 - does not emit LLN-CONTEXT-001 when the field is accessed in the body
      ---
      duration_ms: 0.4174
      ...
    # Subtest: does not emit LLN-CONTEXT-001 when there is no context section
    ok 5 - does not emit LLN-CONTEXT-001 when there is no context section
      ---
      duration_ms: 0.8371
      ...
    # Subtest: LLN_CONTEXT_001 constant has expected code and name
    ok 6 - LLN_CONTEXT_001 constant has expected code and name
      ---
      duration_ms: 0.1547
      ...
    1..6
ok 107 - LLN-CONTEXT-001 — required context field not accessed
  ---
  duration_ms: 3.3717
  type: 'suite'
  ...
# Subtest: LLN-EVENT-001 — emit without global event declaration
    # Subtest: emits LLN-EVENT-001 when an event is emitted without a top-level declaration
    ok 1 - emits LLN-EVENT-001 when an event is emitted without a top-level declaration
      ---
      duration_ms: 0.8
      ...
    # Subtest: LLN-EVENT-001 is error severity
    ok 2 - LLN-EVENT-001 is error severity
      ---
      duration_ms: 1.4145
      ...
    # Subtest: LLN-EVENT-001 message names the undeclared event
    ok 3 - LLN-EVENT-001 message names the undeclared event
      ---
      duration_ms: 1.1682
      ...
    # Subtest: does not emit LLN-EVENT-001 when the event is declared globally
    ok 4 - does not emit LLN-EVENT-001 when the event is declared globally
      ---
      duration_ms: 0.4793
      ...
    # Subtest: LLN_EVENT_001 constant has expected code and name
    ok 5 - LLN_EVENT_001 constant has expected code and name
      ---
      duration_ms: 0.1329
      ...
    1..5
ok 108 - LLN-EVENT-001 — emit without global event declaration
  ---
  duration_ms: 4.2809
  type: 'suite'
  ...
# Subtest: LLN-EVENT-002 — event declared but never emitted
    # Subtest: emits LLN-EVENT-002 when a declared event is never emitted
    ok 1 - emits LLN-EVENT-002 when a declared event is never emitted
      ---
      duration_ms: 0.4432
      ...
    # Subtest: LLN-EVENT-002 is warning severity
    ok 2 - LLN-EVENT-002 is warning severity
      ---
      duration_ms: 0.244
      ...
    # Subtest: LLN-EVENT-002 message names the unused event
    ok 3 - LLN-EVENT-002 message names the unused event
      ---
      duration_ms: 0.1686
      ...
    # Subtest: does not emit LLN-EVENT-002 when the event is emitted somewhere
    ok 4 - does not emit LLN-EVENT-002 when the event is emitted somewhere
      ---
      duration_ms: 0.2776
      ...
    # Subtest: LLN_EVENT_002 constant has expected code and name
    ok 5 - LLN_EVENT_002 constant has expected code and name
      ---
      duration_ms: 0.1145
      ...
    1..5
ok 109 - LLN-EVENT-002 — event declared but never emitted
  ---
  duration_ms: 1.4516
  type: 'suite'
  ...
# Subtest: Effect checker — LLN-EFFECT-001 undeclared effect
    # Subtest: emits LLN-EFFECT-001 for a guarded flow using an undeclared effect
    ok 1 - emits LLN-EFFECT-001 for a guarded flow using an undeclared effect
      ---
      duration_ms: 0.5728
      ...
    # Subtest: LLN-EFFECT-001 is error severity
    ok 2 - LLN-EFFECT-001 is error severity
      ---
      duration_ms: 0.3094
      ...
    # Subtest: does not emit LLN-EFFECT-001 when effect is correctly declared
    ok 3 - does not emit LLN-EFFECT-001 when effect is correctly declared
      ---
      duration_ms: 0.2506
      ...
    1..3
ok 110 - Effect checker — LLN-EFFECT-001 undeclared effect
  ---
  duration_ms: 1.2793
  type: 'suite'
  ...
# Subtest: Effect checker — LLN-EFFECT-002 overdeclared effect
    # Subtest: emits LLN-EFFECT-002 (warning) when a declared effect is not observed
    ok 1 - emits LLN-EFFECT-002 (warning) when a declared effect is not observed
      ---
      duration_ms: 0.3232
      ...
    # Subtest: LLN-EFFECT-002 is warning severity for overdeclared effect
    ok 2 - LLN-EFFECT-002 is warning severity for overdeclared effect
      ---
      duration_ms: 0.3
      ...
    1..2
ok 111 - Effect checker — LLN-EFFECT-002 overdeclared effect
  ---
  duration_ms: 0.7387
  type: 'suite'
  ...
# Subtest: Effect checker — LLN-EFFECT-003 pure flow with effects
    # Subtest: emits LLN-EFFECT-003 when pure flow declares effects
    ok 1 - emits LLN-EFFECT-003 when pure flow declares effects
      ---
      duration_ms: 0.3163
      ...
    # Subtest: LLN-EFFECT-003 is error severity
    ok 2 - LLN-EFFECT-003 is error severity
      ---
      duration_ms: 0.2562
      ...
    # Subtest: does not emit LLN-EFFECT-003 for a pure flow with no effects
    ok 3 - does not emit LLN-EFFECT-003 for a pure flow with no effects
      ---
      duration_ms: 0.2191
      ...
    1..3
ok 112 - Effect checker — LLN-EFFECT-003 pure flow with effects
  ---
  duration_ms: 0.9566
  type: 'suite'
  ...
# Subtest: Effect checker — LLN-EFFECT-004 unknown / non-canonical effect name
    # Subtest: emits LLN-EFFECT-004 for a non-canonical alias effect name
    ok 1 - emits LLN-EFFECT-004 for a non-canonical alias effect name
      ---
      duration_ms: 0.2995
      ...
    # Subtest: emits LLN-EFFECT-004 for a completely unknown effect name
    ok 2 - emits LLN-EFFECT-004 for a completely unknown effect name
      ---
      duration_ms: 0.2738
      ...
    # Subtest: does not emit LLN-EFFECT-004 for canonical effect names
    ok 3 - does not emit LLN-EFFECT-004 for canonical effect names
      ---
      duration_ms: 0.2597
      ...
    1..3
ok 113 - Effect checker — LLN-EFFECT-004 unknown / non-canonical effect name
  ---
  duration_ms: 0.9993
  type: 'suite'
  ...
# Subtest: Governance verifier — GOV-001 intent behaviour mismatch
    # Subtest: emits LLN-GOV-001 warning when intent says local but flow declares network.outbound
    ok 1 - emits LLN-GOV-001 warning when intent says local but flow declares network.outbound
      ---
      duration_ms: 0.3368
      ...
    1..1
ok 114 - Governance verifier — GOV-001 intent behaviour mismatch
  ---
  duration_ms: 0.4362
  type: 'suite'
  ...
# Subtest: Governance verifier — GOV-002 missing audit for governed sink
    # Subtest: emits LLN-GOV-002 when database.write is declared but audit.write is missing
    ok 1 - emits LLN-GOV-002 when database.write is declared but audit.write is missing
      ---
      duration_ms: 0.2846
      ...
    # Subtest: does not emit LLN-GOV-002 when audit.write is co-declared
    ok 2 - does not emit LLN-GOV-002 when audit.write is co-declared
      ---
      duration_ms: 0.2702
      ...
    1..2
ok 115 - Governance verifier — GOV-002 missing audit for governed sink
  ---
  duration_ms: 0.6788
  type: 'suite'
  ...
# Subtest: Governance verifier — GOV-010 missing intent on secure flow
    # Subtest: emits LLN-GOV-010 info when secure flow has no intent in dev mode
    ok 1 - emits LLN-GOV-010 info when secure flow has no intent in dev mode
      ---
      duration_ms: 0.3692
      ...
    # Subtest: emits LLN-GOV-010 as error in production mode
    ok 2 - emits LLN-GOV-010 as error in production mode
      ---
      duration_ms: 0.3157
      ...
    # Subtest: does not emit LLN-GOV-010 when secure flow has intent
    ok 3 - does not emit LLN-GOV-010 when secure flow has intent
      ---
      duration_ms: 0.271
      ...
    1..3
ok 116 - Governance verifier — GOV-010 missing intent on secure flow
  ---
  duration_ms: 1.1046
  type: 'suite'
  ...
# Subtest: Full getPatient flow — complete contract and correct governance
    # Subtest: parses without errors
    ok 1 - parses without errors
      ---
      duration_ms: 0.7397
      ...
    # Subtest: has correct flow name and qualifier
    ok 2 - has correct flow name and qualifier
      ---
      duration_ms: 0.64
      ...
    # Subtest: declares database.read and audit.write
    ok 3 - declares database.read and audit.write
      ---
      duration_ms: 1.0758
      ...
    # Subtest: no LLN-GOV-010 — intent is declared
    ok 4 - no LLN-GOV-010 — intent is declared
      ---
      duration_ms: 0.67
      ...
    # Subtest: no LLN-GOV-003 — denied fields are not in the response body
    ok 5 - no LLN-GOV-003 — denied fields are not in the response body
      ---
      duration_ms: 0.6852
      ...
    # Subtest: no LLN-CONTEXT-001 — actor and trace_id are accessed
    ok 6 - no LLN-CONTEXT-001 — actor and trace_id are accessed
      ---
      duration_ms: 0.7068
      ...
    # Subtest: no LLN-GOV-002 — audit.write is declared
    ok 7 - no LLN-GOV-002 — audit.write is declared
      ---
      duration_ms: 0.6317
      ...
    # Subtest: no LLN-EVENT-001 — event is declared globally
    ok 8 - no LLN-EVENT-001 — event is declared globally
      ---
      duration_ms: 0.6281
      ...
    # Subtest: no LLN-EVENT-002 — event is emitted in the flow body
    ok 9 - no LLN-EVENT-002 — event is emitted in the flow body
      ---
      duration_ms: 1.7344
      ...
    # Subtest: records audit_required proof obligation
    ok 10 - records audit_required proof obligation
      ---
      duration_ms: 0.7355
      ...
    # Subtest: records intent_declared proof obligation
    ok 11 - records intent_declared proof obligation
      ---
      duration_ms: 0.6594
      ...
    1..11
ok 117 - Full getPatient flow — complete contract and correct governance
  ---
  duration_ms: 9.4209
  type: 'suite'
  ...
# Subtest: Healthcare flow — privacy.contains PII
    # Subtest: parses without errors
    ok 1 - parses without errors
      ---
      duration_ms: 0.6112
      ...
    # Subtest: does not emit LLN-GOV-003 — denied PII fields not returned
    ok 2 - does not emit LLN-GOV-003 — denied PII fields not returned
      ---
      duration_ms: 0.4314
      ...
    # Subtest: no LLN-GOV-002 — audit.write declared for the database.write sink
    ok 3 - no LLN-GOV-002 — audit.write declared for the database.write sink
      ---
      duration_ms: 0.4393
      ...
    # Subtest: emits LLN-GOV-003 when a PII field leaks into the response body
    ok 4 - emits LLN-GOV-003 when a PII field leaks into the response body
      ---
      duration_ms: 0.311
      ...
    1..4
ok 118 - Healthcare flow — privacy.contains PII
  ---
  duration_ms: 1.9973
  type: 'suite'
  ...
# Subtest: AI flow — intent + model + ai.inference effect
    # Subtest: parses without errors
    ok 1 - parses without errors
      ---
      duration_ms: 0.4885
      ...
    # Subtest: correctly identifies ai.inference as a declared effect
    ok 2 - correctly identifies ai.inference as a declared effect
      ---
      duration_ms: 0.3735
      ...
    # Subtest: does not emit LLN-GOV-010 — intent is declared
    ok 3 - does not emit LLN-GOV-010 — intent is declared
      ---
      duration_ms: 0.4612
      ...
    # Subtest: emits LLN-HINT-COMPUTE-001 — ai.inference without compute target preference
    ok 4 - emits LLN-HINT-COMPUTE-001 — ai.inference without compute target preference
      ---
      duration_ms: 0.379
      ...
    # Subtest: does not emit LLN-EFFECT-004 — ai.inference is a canonical effect name
    ok 5 - does not emit LLN-EFFECT-004 — ai.inference is a canonical effect name
      ---
      duration_ms: 1.2753
      ...
    1..5
ok 119 - AI flow — intent + model + ai.inference effect
  ---
  duration_ms: 3.2231
  type: 'suite'
  ...
# Subtest: Contract set reuse pattern
    # Subtest: parses without errors
    ok 1 - parses without errors
      ---
      duration_ms: 0.6263
      ...
    # Subtest: does not emit LLN-GOV-011 — contract set is declared
    ok 2 - does not emit LLN-GOV-011 — contract set is declared
      ---
      duration_ms: 0.5
      ...
    # Subtest: does not emit LLN-GOV-012 — flow declares audit.write as required by the set
    ok 3 - does not emit LLN-GOV-012 — flow declares audit.write as required by the set
      ---
      duration_ms: 0.3586
      ...
    # Subtest: does not emit LLN-EVENT-001 — event is declared globally
    ok 4 - does not emit LLN-EVENT-001 — event is declared globally
      ---
      duration_ms: 0.3329
      ...
    # Subtest: emits LLN-GOV-012 for a second flow that uses the set without audit.write
    ok 5 - emits LLN-GOV-012 for a second flow that uses the set without audit.write
      ---
      duration_ms: 0.2426
      ...
    # Subtest: multiple flows can reuse the same contract set
    ok 6 - multiple flows can reuse the same contract set
      ---
      duration_ms: 0.3098
      ...
    1..6
ok 120 - Contract set reuse pattern
  ---
  duration_ms: 2.6362
  type: 'suite'
  ...
# Subtest: Named result types in contract.types
    # Subtest: parses CreatePatientResult = Result<Response, ApiError> without error
    ok 1 - parses CreatePatientResult = Result<Response, ApiError> without error
      ---
      duration_ms: 0.3056
      ...
    # Subtest: parses GetPatientResult = Result<Response, ApiError> in a complete flow
    ok 2 - parses GetPatientResult = Result<Response, ApiError> in a complete flow
      ---
      duration_ms: 0.4274
      ...
    # Subtest: named result type does not affect effect checking
    ok 3 - named result type does not affect effect checking
      ---
      duration_ms: 0.2867
      ...
    # Subtest: named result type flow with all 16 sections parses cleanly
    ok 4 - named result type flow with all 16 sections parses cleanly
      ---
      duration_ms: 0.7877
      ...
    1..4
ok 121 - Named result types in contract.types
  ---
  duration_ms: 1.9882
  type: 'suite'
  ...
# Subtest: Phase 12A — while loop: count up
    # Subtest: counts from 0 to 10 (exactly 10 iterations)
    ok 1 - counts from 0 to 10 (exactly 10 iterations)
      ---
      duration_ms: 12.7867
      ...
    # Subtest: count starts from 0 and terminates at exact boundary
    ok 2 - count starts from 0 and terminates at exact boundary
      ---
      duration_ms: 1.6137
      ...
    # Subtest: counts by 2 up to 10
    ok 3 - counts by 2 up to 10
      ---
      duration_ms: 1.1204
      ...
    # Subtest: while loop with false condition executes zero times
    ok 4 - while loop with false condition executes zero times
      ---
      duration_ms: 1.3799
      ...
    1..4
ok 122 - Phase 12A — while loop: count up
  ---
  duration_ms: 18.3132
  type: 'suite'
  ...
# Subtest: Phase 12A — while loop: accumulate sum of list
    # Subtest: sums [1..5] using index while loop
    ok 1 - sums [1..5] using index while loop
      ---
      duration_ms: 1.7768
      ...
    # Subtest: sums [1..10] equals 55
    ok 2 - sums [1..10] equals 55
      ---
      duration_ms: 2.3666
      ...
    # Subtest: accumulates product using while loop
    ok 3 - accumulates product using while loop
      ---
      duration_ms: 1.527
      ...
    1..3
ok 123 - Phase 12A — while loop: accumulate sum of list
  ---
  duration_ms: 6.2293
  type: 'suite'
  ...
# Subtest: Phase 12A — while loop: string building
    # Subtest: builds a string by repeating a char using a counter
    ok 1 - builds a string by repeating a char using a counter
      ---
      duration_ms: 1.8523
      ...
    # Subtest: builds a numeric string representation via while loop
    ok 2 - builds a numeric string representation via while loop
      ---
      duration_ms: 1.6223
      ...
    # Subtest: appends separator between items using while loop
    ok 3 - appends separator between items using while loop
      ---
      duration_ms: 2.156
      ...
    1..3
ok 124 - Phase 12A — while loop: string building
  ---
  duration_ms: 6.0998
  type: 'suite'
  ...
# Subtest: Phase 12A — for item in list: iterate array
    # Subtest: iterates over [1,2,3] and counts 3 iterations
    ok 1 - iterates over [1,2,3] and counts 3 iterations
      ---
      duration_ms: 10.6993
      ...
    # Subtest: iterates over empty list and executes zero times
    ok 2 - iterates over empty list and executes zero times
      ---
      duration_ms: 0.5367
      ...
    # Subtest: accesses loop variable in each iteration
    ok 3 - accesses loop variable in each iteration
      ---
      duration_ms: 0.9862
      ...
    # Subtest: iterates over a let-bound list variable
    ok 4 - iterates over a let-bound list variable
      ---
      duration_ms: 0.9615
      ...
    # Subtest: iterates over a string list and counts items
    ok 5 - iterates over a string list and counts items
      ---
      duration_ms: 0.6936
      ...
    1..5
ok 125 - Phase 12A — for item in list: iterate array
  ---
  duration_ms: 14.2135
  type: 'suite'
  ...
# Subtest: Phase 12A — for item in list: filter items
    # Subtest: counts only even numbers from a list
    ok 1 - counts only even numbers from a list
      ---
      duration_ms: 1.4773
      ...
    # Subtest: sums only values greater than 3
    ok 2 - sums only values greater than 3
      ---
      duration_ms: 0.7418
      ...
    # Subtest: filter produces correct count when all pass predicate
    ok 3 - filter produces correct count when all pass predicate
      ---
      duration_ms: 3.5373
      ...
    # Subtest: filter produces zero count when nothing passes predicate
    ok 4 - filter produces zero count when nothing passes predicate
      ---
      duration_ms: 2.8254
      ...
    1..4
ok 126 - Phase 12A — for item in list: filter items
  ---
  duration_ms: 8.851
  type: 'suite'
  ...
# Subtest: Phase 12A — for item in list: transform/map
    # Subtest: doubles each element by accumulating doubled values
    ok 1 - doubles each element by accumulating doubled values
      ---
      duration_ms: 1.0935
      ...
    # Subtest: transforms strings by counting total characters
    ok 2 - transforms strings by counting total characters
      ---
      duration_ms: 0.6663
      ...
    # Subtest: squares values and accumulates sum (1+4+9=14)
    ok 3 - squares values and accumulates sum (1+4+9=14)
      ---
      duration_ms: 1.4016
      ...
    1..3
ok 127 - Phase 12A — for item in list: transform/map
  ---
  duration_ms: 3.3956
  type: 'suite'
  ...
# Subtest: Phase 12A — nested while in for
    # Subtest: for loop with nested while increments inner counter each outer iteration
    ok 1 - for loop with nested while increments inner counter each outer iteration
      ---
      duration_ms: 0.9842
      ...
    # Subtest: nested while accumulates item*2 for each for-item
    ok 2 - nested while accumulates item*2 for each for-item
      ---
      duration_ms: 1.9696
      ...
    1..2
ok 128 - Phase 12A — nested while in for
  ---
  duration_ms: 3.1196
  type: 'suite'
  ...
# Subtest: Phase 12A — while with mut inside loop body
    # Subtest: mut declared inside while body is local to each iteration
    ok 1 - mut declared inside while body is local to each iteration
      ---
      duration_ms: 0.8427
      ...
    # Subtest: reassigns outer mut from within while body
    ok 2 - reassigns outer mut from within while body
      ---
      duration_ms: 0.68
      ...
    1..2
ok 129 - Phase 12A — while with mut inside loop body
  ---
  duration_ms: 1.666
  type: 'suite'
  ...
# Subtest: Phase 12A — loop with break-via-condition
    # Subtest: loop uses conditional to stop incrementing after threshold
    ok 1 - loop uses conditional to stop incrementing after threshold
      ---
      duration_ms: 0.7942
      ...
    # Subtest: loop stops when sentinel changes to false
    ok 2 - loop stops when sentinel changes to false
      ---
      duration_ms: 0.7784
      ...
    # Subtest: max-10 guard: loop stops at 10 via conditional
    ok 3 - max-10 guard: loop stops at 10 via conditional
      ---
      duration_ms: 0.9807
      ...
    1..3
ok 130 - Phase 12A — loop with break-via-condition
  ---
  duration_ms: 18.1165
  type: 'suite'
  ...
# Subtest: Phase 12A — infinite loop guard (LLN-RUNTIME-005)
    # Subtest: while true emits LLN-RUNTIME-005 diagnostic
    ok 1 - while true emits LLN-RUNTIME-005 diagnostic
      ---
      duration_ms: 1706.1746
      ...
    # Subtest: while true guard stops at 100k iterations
    ok 2 - while true guard stops at 100k iterations
      ---
      duration_ms: 927.561
      ...
    # Subtest: LLN-RUNTIME-005 is raised via run() pipeline as well
    ok 3 - LLN-RUNTIME-005 is raised via run() pipeline as well
      ---
      duration_ms: 1191.5599
      ...
    # Subtest: non-infinite loop with 99999 iterations does NOT emit LLN-RUNTIME-005
    ok 4 - non-infinite loop with 99999 iterations does NOT emit LLN-RUNTIME-005
      ---
      duration_ms: 25.162
      ...
    1..4
ok 131 - Phase 12A — infinite loop guard (LLN-RUNTIME-005)
  ---
  duration_ms: 3850.7457
  type: 'suite'
  ...
# Subtest: Phase 12A — assignment expression: mut x = x + 1
    # Subtest: increments mut binding by self-reference
    ok 1 - increments mut binding by self-reference
      ---
      duration_ms: 0.4278
      ...
    # Subtest: self-reference accumulates product
    ok 2 - self-reference accumulates product
      ---
      duration_ms: 0.409
      ...
    # Subtest: mut string binding builds upon itself
    ok 3 - mut string binding builds upon itself
      ---
      duration_ms: 0.3608
      ...
    1..3
ok 132 - Phase 12A — assignment expression: mut x = x + 1
  ---
  duration_ms: 1.3421
  type: 'suite'
  ...
# Subtest: Phase 12A — multiple mut reassignments in one flow
    # Subtest: two independent mut bindings can be reassigned without conflict
    ok 1 - two independent mut bindings can be reassigned without conflict
      ---
      duration_ms: 0.5925
      ...
    # Subtest: reassigning three muts in sequence produces correct final values
    ok 2 - reassigning three muts in sequence produces correct final values
      ---
      duration_ms: 0.4779
      ...
    # Subtest: multiple reassignments of same binding collapse to last value
    ok 3 - multiple reassignments of same binding collapse to last value
      ---
      duration_ms: 0.2663
      ...
    1..3
ok 133 - Phase 12A — multiple mut reassignments in one flow
  ---
  duration_ms: 1.4941
  type: 'suite'
  ...
# Subtest: Phase 12A — mut in while loop body
    # Subtest: outer mut is updated through each while iteration correctly
    ok 1 - outer mut is updated through each while iteration correctly
      ---
      duration_ms: 0.326
      ...
    # Subtest: mut string builds inside while loop body
    ok 2 - mut string builds inside while loop body
      ---
      duration_ms: 0.3716
      ...
    # Subtest: two muts updated inside while — counter and accumulator
    ok 3 - two muts updated inside while — counter and accumulator
      ---
      duration_ms: 0.3653
      ...
    1..3
ok 134 - Phase 12A — mut in while loop body
  ---
  duration_ms: 1.1447
  type: 'suite'
  ...
# Subtest: Phase 12A — real-world: character frequency counter
    # Subtest: counts occurrences of a specific char in a list using while
    ok 1 - counts occurrences of a specific char in a list using while
      ---
      duration_ms: 0.7735
      ...
    # Subtest: counts two different chars independently using for loop
    ok 2 - counts two different chars independently using for loop
      ---
      duration_ms: 0.6411
      ...
    # Subtest: builds frequency map using Map.empty and while-style counting
    ok 3 - builds frequency map using Map.empty and while-style counting
      ---
      duration_ms: 3.9186
      ...
    # Subtest: Map.empty with set and get round-trips a frequency value
    ok 4 - Map.empty with set and get round-trips a frequency value
      ---
      duration_ms: 1.2038
      ...
    1..4
ok 135 - Phase 12A — real-world: character frequency counter
  ---
  duration_ms: 6.7641
  type: 'suite'
  ...
# Subtest: Phase 12A — real-world: list reverse using while + mut
    # Subtest: reverses a list by building a new accumulator via for loop
    ok 1 - reverses a list by building a new accumulator via for loop
      ---
      duration_ms: 0.9778
      ...
    # Subtest: last element of original is tracked via while position tracking
    ok 2 - last element of original is tracked via while position tracking
      ---
      duration_ms: 1.0981
      ...
    # Subtest: accumulates items in descending order using index tracking
    ok 3 - accumulates items in descending order using index tracking
      ---
      duration_ms: 0.7526
      ...
    1..3
ok 136 - Phase 12A — real-world: list reverse using while + mut
  ---
  duration_ms: 3.0702
  type: 'suite'
  ...
# Subtest: Phase 12A — real-world: find first matching item using while
    # Subtest: finds the first value greater than 3 in a sequence
    ok 1 - finds the first value greater than 3 in a sequence
      ---
      duration_ms: 0.8738
      ...
    # Subtest: finds first even number in for loop using sentinel flag
    ok 2 - finds first even number in for loop using sentinel flag
      ---
      duration_ms: 0.4631
      ...
    # Subtest: returns 0 when no matching element exists
    ok 3 - returns 0 when no matching element exists
      ---
      duration_ms: 0.4195
      ...
    1..3
ok 137 - Phase 12A — real-world: find first matching item using while
  ---
  duration_ms: 1.8969
  type: 'suite'
  ...
# Subtest: Phase 12A — real-world: Fibonacci using while loop
    # Subtest: fib(0) = 0
    ok 1 - fib(0) = 0
      ---
      duration_ms: 0.4008
      ...
    # Subtest: fib(5) = 5 using while loop
    ok 2 - fib(5) = 5 using while loop
      ---
      duration_ms: 0.6405
      ...
    # Subtest: fib(10) = 55 using while loop
    ok 3 - fib(10) = 55 using while loop
      ---
      duration_ms: 0.8052
      ...
    # Subtest: fib(7) = 13 using while loop
    ok 4 - fib(7) = 13 using while loop
      ---
      duration_ms: 0.8227
      ...
    1..4
ok 138 - Phase 12A — real-world: Fibonacci using while loop
  ---
  duration_ms: 2.8417
  type: 'suite'
  ...
# Subtest: Phase 12A — loop with early return
    # Subtest: return at flow level after while loop completes is reached
    ok 1 - return at flow level after while loop completes is reached
      ---
      duration_ms: 0.7017
      ...
    # Subtest: direct return from inside for loop body exits early
    ok 2 - direct return from inside for loop body exits early
      ---
      duration_ms: 0.5703
      ...
    # Subtest: early return from nested while loops propagates correctly
    ok 3 - early return from nested while loops propagates correctly
      ---
      duration_ms: 0.7982
      ...
    # Subtest: direct return from inside while loop body exits early
    ok 4 - direct return from inside while loop body exits early
      ---
      duration_ms: 0.4779
      ...
    # Subtest: return inside for loop skips remaining iterations and flow-level fallback
    ok 5 - return inside for loop skips remaining iterations and flow-level fallback
      ---
      duration_ms: 0.3244
      ...
    1..5
ok 139 - Phase 12A — loop with early return
  ---
  duration_ms: 3.0859
  type: 'suite'
  ...
# Subtest: HEALTHCARE — createPatient
    # Subtest: returns Ok with a patient ID string
    ok 1 - returns Ok with a patient ID string
      ---
      duration_ms: 19.5625
      ...
    # Subtest: records an audit entry for patient.created
    ok 2 - records an audit entry for patient.created
      ---
      duration_ms: 2.5237
      ...
    # Subtest: records audit.write effect (the observable side-effect)
    ok 3 - records audit.write effect (the observable side-effect)
      ---
      duration_ms: 2.2382
      ...
    # Subtest: audit schema version is lln.runtime.audit.v1
    ok 4 - audit schema version is lln.runtime.audit.v1
      ---
      duration_ms: 1.7739
      ...
    1..4
ok 140 - HEALTHCARE — createPatient
  ---
  duration_ms: 27.5549
  type: 'suite'
  ...
# Subtest: HEALTHCARE — searchPatients
    # Subtest: returns Err when query is empty
    ok 1 - returns Err when query is empty
      ---
      duration_ms: 1.1784
      ...
    # Subtest: returns Ok with result string for valid query
    ok 2 - returns Ok with result string for valid query
      ---
      duration_ms: 1.0512
      ...
    # Subtest: protected query value is created via validate gate
    ok 3 - protected query value is created via validate gate
      ---
      duration_ms: 0.7927
      ...
    1..3
ok 141 - HEALTHCARE — searchPatients
  ---
  duration_ms: 3.4689
  type: 'suite'
  ...
# Subtest: FINANCIAL — calculateVAT
    # Subtest: 20% VAT on GBP 100.00 produces GBP 20.00
    ok 1 - 20% VAT on GBP 100.00 produces GBP 20.00
      ---
      duration_ms: 1.7605
      ...
    # Subtest: 5% VAT on GBP 80.00 produces GBP 4.00
    ok 2 - 5% VAT on GBP 80.00 produces GBP 4.00
      ---
      duration_ms: 1.5735
      ...
    # Subtest: Money.multiply preserves GBP currency tag
    ok 3 - Money.multiply preserves GBP currency tag
      ---
      duration_ms: 1.3087
      ...
    1..3
ok 142 - FINANCIAL — calculateVAT
  ---
  duration_ms: 5.0163
  type: 'suite'
  ...
# Subtest: FINANCIAL — convertCurrency
    # Subtest: converts GBP 100.00 at 1.27 rate to USD equivalent
    ok 1 - converts GBP 100.00 at 1.27 rate to USD equivalent
      ---
      duration_ms: 0.9563
      ...
    # Subtest: converts zero amount to zero
    ok 2 - converts zero amount to zero
      ---
      duration_ms: 1.0967
      ...
    # Subtest: Money.add produces exact BigInt result — no float rounding
    ok 3 - Money.add produces exact BigInt result — no float rounding
      ---
      duration_ms: 1.1782
      ...
    1..3
ok 143 - FINANCIAL — convertCurrency
  ---
  duration_ms: 3.5128
  type: 'suite'
  ...
# Subtest: SECURITY — loginUser
    # Subtest: returns Err for empty username
    ok 1 - returns Err for empty username
      ---
      duration_ms: 1.4171
      ...
    # Subtest: returns Err for empty password
    ok 2 - returns Err for empty password
      ---
      duration_ms: 1.0987
      ...
    # Subtest: returns Ok session token for correct credentials
    ok 3 - returns Ok session token for correct credentials
      ---
      duration_ms: 1.3822
      ...
    # Subtest: returns Err for wrong password via constantTimeEquals
    ok 4 - returns Err for wrong password via constantTimeEquals
      ---
      duration_ms: 1.2288
      ...
    # Subtest: records login.success audit entry on correct credentials
    ok 5 - records login.success audit entry on correct credentials
      ---
      duration_ms: 2.6914
      ...
    # Subtest: records login.failure audit entry on wrong credentials
    ok 6 - records login.failure audit entry on wrong credentials
      ---
      duration_ms: 1.3575
      ...
    # Subtest: raw password value is never in result tag
    ok 7 - raw password value is never in result tag
      ---
      duration_ms: 1.3428
      ...
    1..7
ok 144 - SECURITY — loginUser
  ---
  duration_ms: 11.1612
  type: 'suite'
  ...
# Subtest: API — getUser
    # Subtest: returns Ok with user profile string
    ok 1 - returns Ok with user profile string
      ---
      duration_ms: 1.0734
      ...
    # Subtest: records audit.write effect (observable side-effect)
    ok 2 - records audit.write effect (observable side-effect)
      ---
      duration_ms: 7.3947
      ...
    # Subtest: records user.read audit entry
    ok 3 - records user.read audit entry
      ---
      duration_ms: 1.2156
      ...
    # Subtest: userId validate gate produces protected value
    ok 4 - userId validate gate produces protected value
      ---
      duration_ms: 0.5521
      ...
    # Subtest: Err propagates when validate gate fails (empty input)
    ok 5 - Err propagates when validate gate fails (empty input)
      ---
      duration_ms: 5.8602
      ...
    1..5
ok 145 - API — getUser
  ---
  duration_ms: 16.4623
  type: 'suite'
  ...
# Subtest: AI — classifyMessage
    # Subtest: returns Err for empty text
    ok 1 - returns Err for empty text
      ---
      duration_ms: 0.7723
      ...
    # Subtest: classifies urgent messages as PRIORITY_HIGH
    ok 2 - classifies urgent messages as PRIORITY_HIGH
      ---
      duration_ms: 0.881
      ...
    # Subtest: classifies cancellation messages as INTENT_CANCEL
    ok 3 - classifies cancellation messages as INTENT_CANCEL
      ---
      duration_ms: 2.1453
      ...
    # Subtest: classifies support requests as INTENT_SUPPORT
    ok 4 - classifies support requests as INTENT_SUPPORT
      ---
      duration_ms: 0.8724
      ...
    # Subtest: classifies unknown messages as INTENT_GENERAL
    ok 5 - classifies unknown messages as INTENT_GENERAL
      ---
      duration_ms: 1.0335
      ...
    1..5
ok 146 - AI — classifyMessage
  ---
  duration_ms: 6.0203
  type: 'suite'
  ...
# Subtest: GOVERNANCE — createOrder
    # Subtest: returns Ok with order ID
    ok 1 - returns Ok with order ID
      ---
      duration_ms: 1.3328
      ...
    # Subtest: records order.created audit entry
    ok 2 - records order.created audit entry
      ---
      duration_ms: 1.1454
      ...
    # Subtest: records audit.write effect (observable side-effect)
    ok 3 - records audit.write effect (observable side-effect)
      ---
      duration_ms: 1.2083
      ...
    # Subtest: audit record has correct flow name
    ok 4 - audit record has correct flow name
      ---
      duration_ms: 1.6406
      ...
    # Subtest: audit record result is ok
    ok 5 - audit record result is ok
      ---
      duration_ms: 0.9612
      ...
    # Subtest: customerId is validated and protected before use
    ok 6 - customerId is validated and protected before use
      ---
      duration_ms: 0.6772
      ...
    1..6
ok 147 - GOVERNANCE — createOrder
  ---
  duration_ms: 7.2813
  type: 'suite'
  ...
# Subtest: STATISTICS — calculateMean
    # Subtest: returns 0.0 for empty array
    ok 1 - returns 0.0 for empty array
      ---
      duration_ms: 2.9441
      ...
    # Subtest: returns the single value for a one-element array
    ok 2 - returns the single value for a one-element array
      ---
      duration_ms: 0.9387
      ...
    # Subtest: computes mean of [10, 20, 30] = 20
    ok 3 - computes mean of [10, 20, 30] = 20
      ---
      duration_ms: 0.5991
      ...
    # Subtest: computes mean of [1, 2, 3, 4, 5] = 3
    ok 4 - computes mean of [1, 2, 3, 4, 5] = 3
      ---
      duration_ms: 0.5728
      ...
    # Subtest: computes Array.range-based sum via pure flow
    ok 5 - computes Array.range-based sum via pure flow
      ---
      duration_ms: 0.4262
      ...
    1..5
ok 148 - STATISTICS — calculateMean
  ---
  duration_ms: 5.7676
  type: 'suite'
  ...
# Subtest: BOOLEAN — complexAccessCheck
    # Subtest: grants access when all conditions are true
    ok 1 - grants access when all conditions are true
      ---
      duration_ms: 0.5513
      ...
    # Subtest: denies access when not authenticated
    ok 2 - denies access when not authenticated
      ---
      duration_ms: 0.4283
      ...
    # Subtest: denies access when role is missing
    ok 3 - denies access when role is missing
      ---
      duration_ms: 0.4185
      ...
    # Subtest: denies access when account is inactive
    ok 4 - denies access when account is inactive
      ---
      duration_ms: 0.503
      ...
    # Subtest: denies access when account is suspended
    ok 5 - denies access when account is suspended
      ---
      duration_ms: 0.4551
      ...
    # Subtest: match on bool grant/deny returns correct label
    ok 6 - match on bool grant/deny returns correct label
      ---
      duration_ms: 1.498
      ...
    1..6
ok 149 - BOOLEAN — complexAccessCheck
  ---
  duration_ms: 4.1549
  type: 'suite'
  ...
# Subtest: SECURITY — raw→protected→redacted→audit pipeline
    # Subtest: returns Ok after completing the full pipeline
    ok 1 - returns Ok after completing the full pipeline
      ---
      duration_ms: 1.0021
      ...
    # Subtest: redact produces a redacted tag from a protected value
    ok 2 - redact produces a redacted tag from a protected value
      ---
      duration_ms: 4.4887
      ...
    # Subtest: records pii.processed audit entry
    ok 3 - records pii.processed audit entry
      ---
      duration_ms: 1.003
      ...
    # Subtest: audit.write effect is observed
    ok 4 - audit.write effect is observed
      ---
      duration_ms: 0.8962
      ...
    # Subtest: protected email is masked in display (not leaked as plaintext)
    ok 5 - protected email is masked in display (not leaked as plaintext)
      ---
      duration_ms: 0.6412
      ...
    1..5
ok 150 - SECURITY — raw→protected→redacted→audit pipeline
  ---
  duration_ms: 8.3029
  type: 'suite'
  ...
# Subtest: HEALTHCARE — email validation gate
    # Subtest: valid email produces protected Email with correct baseType
    ok 1 - valid email produces protected Email with correct baseType
      ---
      duration_ms: 0.5032
      ...
    # Subtest: validate gate always produces a protected value (interpreter normalises to Ok)
    ok 2 - validate gate always produces a protected value (interpreter normalises to Ok)
      ---
      duration_ms: 7.2208
      ...
    # Subtest: protected email value's inner value is the original string
    ok 3 - protected email value's inner value is the original string
      ---
      duration_ms: 0.5507
      ...
    1..3
ok 151 - HEALTHCARE — email validation gate
  ---
  duration_ms: 8.4648
  type: 'suite'
  ...
# Subtest: Security — unsafe let boundary input
    # Subtest: parses unsafe let without error
    ok 1 - parses unsafe let without error
      ---
      duration_ms: 4.9674
      ...
    # Subtest: emits LLN-VALUESTATE-003 when unsafe let reaches a DB insert directly
    ok 2 - emits LLN-VALUESTATE-003 when unsafe let reaches a DB insert directly
      ---
      duration_ms: 2.837
      ...
    # Subtest: emits LLN-VALUESTATE-003 when unsafe let reaches AuditLog.write
    ok 3 - emits LLN-VALUESTATE-003 when unsafe let reaches AuditLog.write
      ---
      duration_ms: 1.2293
      ...
    # Subtest: does not emit LLN-VALUESTATE-003 for plain (non-unsafe) let at a sink
    ok 4 - does not emit LLN-VALUESTATE-003 for plain (non-unsafe) let at a sink
      ---
      duration_ms: 0.5853
      ...
    # Subtest: LLN-VALUESTATE-003 diagnostic carries why and risk fields
    ok 5 - LLN-VALUESTATE-003 diagnostic carries why and risk fields
      ---
      duration_ms: 0.9922
      ...
    1..5
ok 152 - Security — unsafe let boundary input
  ---
  duration_ms: 12.1306
  type: 'suite'
  ...
# Subtest: Security — validate.email() produces protected Email
    # Subtest: protected Email annotation parses cleanly (no LLN-TYPE-001 for protected)
    ok 1 - protected Email annotation parses cleanly (no LLN-TYPE-001 for protected)
      ---
      duration_ms: 3.7442
      ...
    # Subtest: validate.email() gate breaks taint chain — no LLN-VALUESTATE-003 after gate
    ok 2 - validate.email() gate breaks taint chain — no LLN-VALUESTATE-003 after gate
      ---
      duration_ms: 1.3584
      ...
    # Subtest: validate.* gate satisfies safe mut gate requirement (no LLN-VALUESTATE-001)
    ok 3 - validate.* gate satisfies safe mut gate requirement (no LLN-VALUESTATE-001)
      ---
      duration_ms: 0.8298
      ...
    # Subtest: emits LLN-VALUESTATE-001 when safe mut uses a non-gate function
    ok 4 - emits LLN-VALUESTATE-001 when safe mut uses a non-gate function
      ---
      duration_ms: 0.8083
      ...
    1..4
ok 153 - Security — validate.email() produces protected Email
  ---
  duration_ms: 7.389
  type: 'suite'
  ...
# Subtest: Security — redact() produces redacted Email
    # Subtest: redacted Email annotation parses cleanly (no LLN-TYPE-001 for redacted)
    ok 1 - redacted Email annotation parses cleanly (no LLN-TYPE-001 for redacted)
      ---
      duration_ms: 0.7936
      ...
    # Subtest: redact() is a recognised gate — does not emit LLN-VALUESTATE-001 when used in safe mut
    ok 2 - redact() is a recognised gate — does not emit LLN-VALUESTATE-001 when used in safe mut
      ---
      duration_ms: 0.4131
      ...
    # Subtest: redact() does not suppress LLN-VALUESTATE-003 — unsafe direct to sink still flagged
    ok 3 - redact() does not suppress LLN-VALUESTATE-003 — unsafe direct to sink still flagged
      ---
      duration_ms: 0.3569
      ...
    1..3
ok 154 - Security — redact() produces redacted Email
  ---
  duration_ms: 1.7563
  type: 'suite'
  ...
# Subtest: Security — full chain: unsafe → protected → redacted → audit
    # Subtest: full pipeline emits no security errors
    ok 1 - full pipeline emits no security errors
      ---
      duration_ms: 0.6675
      ...
    # Subtest: skipping validate gate before DB emits LLN-VALUESTATE-003 even when redact is present
    ok 2 - skipping validate gate before DB emits LLN-VALUESTATE-003 even when redact is present
      ---
      duration_ms: 0.3718
      ...
    # Subtest: full chain with multiple sinks — all clean after gate
    ok 3 - full chain with multiple sinks — all clean after gate
      ---
      duration_ms: 0.5293
      ...
    1..3
ok 155 - Security — full chain: unsafe → protected → redacted → audit
  ---
  duration_ms: 1.842
  type: 'suite'
  ...
# Subtest: Security — LLN-VALUESTATE-003: unsafe value at governed sink
    # Subtest: emits LLN-VALUESTATE-003 for unsafe binding at shell.exec
    ok 1 - emits LLN-VALUESTATE-003 for unsafe binding at shell.exec
      ---
      duration_ms: 0.3619
      ...
    # Subtest: emits LLN-VALUESTATE-003 for unsafe binding at EmailService.sendEmail
    ok 2 - emits LLN-VALUESTATE-003 for unsafe binding at EmailService.sendEmail
      ---
      duration_ms: 0.3156
      ...
    # Subtest: emits LLN-VALUESTATE-003 for unsafe binding at FileSystem.write
    ok 3 - emits LLN-VALUESTATE-003 for unsafe binding at FileSystem.write
      ---
      duration_ms: 0.4679
      ...
    # Subtest: LLN-VALUESTATE-003 diagnostic message names the binding and the sink
    ok 4 - LLN-VALUESTATE-003 diagnostic message names the binding and the sink
      ---
      duration_ms: 0.4842
      ...
    # Subtest: LLN-VALUESTATE-003 includes a suggestedFix pointing to a validate gate
    ok 5 - LLN-VALUESTATE-003 includes a suggestedFix pointing to a validate gate
      ---
      duration_ms: 0.3716
      ...
    1..5
ok 156 - Security — LLN-VALUESTATE-003: unsafe value at governed sink
  ---
  duration_ms: 2.252
  type: 'suite'
  ...
# Subtest: Security — LLN-VALUESTATE-005: two-hop taint propagation
    # Subtest: emits LLN-VALUESTATE-005 when rawEmail.trim() reaches UsersDB.query
    ok 1 - emits LLN-VALUESTATE-005 when rawEmail.trim() reaches UsersDB.query
      ---
      duration_ms: 0.5745
      ...
    # Subtest: emits LLN-VALUESTATE-005 for multi-step taint (trim → toLower → sink)
    ok 2 - emits LLN-VALUESTATE-005 for multi-step taint (trim → toLower → sink)
      ---
      duration_ms: 0.4212
      ...
    # Subtest: does NOT emit taint diagnostic after validate.* gate clears two-hop taint
    ok 3 - does NOT emit taint diagnostic after validate.* gate clears two-hop taint
      ---
      duration_ms: 0.3483
      ...
    # Subtest: LLN-VALUESTATE-005 carries why and risk fields
    ok 4 - LLN-VALUESTATE-005 carries why and risk fields
      ---
      duration_ms: 0.3626
      ...
    # Subtest: does not taint a clean let binding derived from another clean binding
    ok 5 - does not taint a clean let binding derived from another clean binding
      ---
      duration_ms: 0.2483
      ...
    1..5
ok 157 - Security — LLN-VALUESTATE-005: two-hop taint propagation
  ---
  duration_ms: 2.2193
  type: 'suite'
  ...
# Subtest: Security — LLN-VALUESTATE-006: protected Email used as plain Email
    # Subtest: emits LLN-VALUESTATE-006 when validate.email() result is directly assigned to plain Email
    ok 1 - emits LLN-VALUESTATE-006 when validate.email() result is directly assigned to plain Email
      ---
      duration_ms: 0.3414
      ...
    # Subtest: does not emit LLN-VALUESTATE-006 when validate.email() is assigned to protected Email
    ok 2 - does not emit LLN-VALUESTATE-006 when validate.email() is assigned to protected Email
      ---
      duration_ms: 0.3022
      ...
    # Subtest: LLN-VALUESTATE-006 message names the protected qualifier and suggests a fix
    ok 3 - LLN-VALUESTATE-006 message names the protected qualifier and suggests a fix
      ---
      duration_ms: 0.2867
      ...
    1..3
ok 158 - Security — LLN-VALUESTATE-006: protected Email used as plain Email
  ---
  duration_ms: 1.0954
  type: 'suite'
  ...
# Subtest: Security — LLN-VALUESTATE-007: redacted Email used as plain Email
    # Subtest: emits LLN-VALUESTATE-007 when redact() result is directly assigned to plain Email
    ok 1 - emits LLN-VALUESTATE-007 when redact() result is directly assigned to plain Email
      ---
      duration_ms: 0.3915
      ...
    # Subtest: does not emit LLN-VALUESTATE-007 when redact() is assigned to redacted Email binding
    ok 2 - does not emit LLN-VALUESTATE-007 when redact() is assigned to redacted Email binding
      ---
      duration_ms: 0.3386
      ...
    # Subtest: LLN-VALUESTATE-007 message mentions irreversibility of redaction
    ok 3 - LLN-VALUESTATE-007 message mentions irreversibility of redaction
      ---
      duration_ms: 0.54
      ...
    1..3
ok 159 - Security — LLN-VALUESTATE-007: redacted Email used as plain Email
  ---
  duration_ms: 1.4918
  type: 'suite'
  ...
# Subtest: Security — LLN-TYPE-003: branded type requires validation gate
    # Subtest: emits LLN-TYPE-003 when raw String is directly assigned to a Brand<> type
    ok 1 - emits LLN-TYPE-003 when raw String is directly assigned to a Brand<> type
      ---
      duration_ms: 4.9031
      ...
    # Subtest: does not emit LLN-TYPE-003 when a validate gate is used
    ok 2 - does not emit LLN-TYPE-003 when a validate gate is used
      ---
      duration_ms: 1.2927
      ...
    # Subtest: LLN-TYPE-003 diagnostic includes suggestedFix with validate gate
    ok 3 - LLN-TYPE-003 diagnostic includes suggestedFix with validate gate
      ---
      duration_ms: 1.3301
      ...
    # Subtest: emits LLN-TYPE-003 for OrderId = rawString
    ok 4 - emits LLN-TYPE-003 for OrderId = rawString
      ---
      duration_ms: 0.9203
      ...
    # Subtest: does not emit LLN-TYPE-003 for non-branded String bindings
    ok 5 - does not emit LLN-TYPE-003 for non-branded String bindings
      ---
      duration_ms: 0.3053
      ...
    1..5
ok 160 - Security — LLN-TYPE-003: branded type requires validation gate
  ---
  duration_ms: 9.0684
  type: 'suite'
  ...
# Subtest: Security — LLN-SECRET-001: SecureString in log calls
    # Subtest: emits LLN-SECRET-001 when SecureString passed to print()
    ok 1 - emits LLN-SECRET-001 when SecureString passed to print()
      ---
      duration_ms: 0.6137
      ...
    # Subtest: emits LLN-SECRET-001 when SecureString passed to log.info()
    ok 2 - emits LLN-SECRET-001 when SecureString passed to log.info()
      ---
      duration_ms: 0.3071
      ...
    # Subtest: emits LLN-SECRET-001 when SecureString passed to log.error()
    ok 3 - emits LLN-SECRET-001 when SecureString passed to log.error()
      ---
      duration_ms: 0.2868
      ...
    # Subtest: does NOT emit LLN-SECRET-001 when SecureString is redacted before logging
    ok 4 - does NOT emit LLN-SECRET-001 when SecureString is redacted before logging
      ---
      duration_ms: 0.2845
      ...
    # Subtest: does NOT emit LLN-SECRET-001 for plain String passed to log.info()
    ok 5 - does NOT emit LLN-SECRET-001 for plain String passed to log.info()
      ---
      duration_ms: 0.3316
      ...
    # Subtest: LLN-SECRET-001 diagnostic includes why and risk fields
    ok 6 - LLN-SECRET-001 diagnostic includes why and risk fields
      ---
      duration_ms: 0.3496
      ...
    1..6
ok 161 - Security — LLN-SECRET-001: SecureString in log calls
  ---
  duration_ms: 2.4665
  type: 'suite'
  ...
# Subtest: Security — LLN-SECRET-002: SecureString equality comparison
    # Subtest: emits LLN-SECRET-002 when SecureString is compared with ==
    ok 1 - emits LLN-SECRET-002 when SecureString is compared with ==
      ---
      duration_ms: 0.5671
      ...
    # Subtest: emits LLN-SECRET-002 when SecureString is compared with !=
    ok 2 - emits LLN-SECRET-002 when SecureString is compared with !=
      ---
      duration_ms: 0.4117
      ...
    # Subtest: does NOT emit LLN-SECRET-002 for constantTimeEquals usage
    ok 3 - does NOT emit LLN-SECRET-002 for constantTimeEquals usage
      ---
      duration_ms: 0.3421
      ...
    # Subtest: does NOT emit LLN-SECRET-002 for plain String == comparison
    ok 4 - does NOT emit LLN-SECRET-002 for plain String == comparison
      ---
      duration_ms: 0.2149
      ...
    # Subtest: LLN-SECRET-002 diagnostic suggests constantTimeEquals
    ok 5 - LLN-SECRET-002 diagnostic suggests constantTimeEquals
      ---
      duration_ms: 0.3597
      ...
    1..5
ok 162 - Security — LLN-SECRET-002: SecureString equality comparison
  ---
  duration_ms: 2.1225
  type: 'suite'
  ...
# Subtest: Security — user-defined gate functions break taint chain
    # Subtest: fn validateAge() used after unsafe let breaks the taint chain
    ok 1 - fn validateAge() used after unsafe let breaks the taint chain
      ---
      duration_ms: 0.6348
      ...
    # Subtest: fn sanitizeHtml() breaks taint chain
    ok 2 - fn sanitizeHtml() breaks taint chain
      ---
      duration_ms: 2.727
      ...
    # Subtest: fn checkRole() breaks taint chain
    ok 3 - fn checkRole() breaks taint chain
      ---
      duration_ms: 0.4565
      ...
    # Subtest: fn NOT using a gate prefix does NOT break the taint chain
    ok 4 - fn NOT using a gate prefix does NOT break the taint chain
      ---
      duration_ms: 0.4537
      ...
    # Subtest: user gate fn satisfies safe mut requirement — no LLN-VALUESTATE-001
    ok 5 - user gate fn satisfies safe mut requirement — no LLN-VALUESTATE-001
      ---
      duration_ms: 0.3713
      ...
    # Subtest: fn verifySignature() breaks taint chain for cryptographic verification
    ok 6 - fn verifySignature() breaks taint chain for cryptographic verification
      ---
      duration_ms: 0.3803
      ...
    1..6
ok 163 - Security — user-defined gate functions break taint chain
  ---
  duration_ms: 5.3045
  type: 'suite'
  ...
# Subtest: Security — real-world secure flow with full security pipeline
    # Subtest: full user registration flow emits no security errors
    ok 1 - full user registration flow emits no security errors
      ---
      duration_ms: 0.7181
      ...
    # Subtest: customer order flow with payment sink — clean after gates
    ok 2 - customer order flow with payment sink — clean after gates
      ---
      duration_ms: 0.5077
      ...
    # Subtest: failing to gate the card input before payment emits LLN-VALUESTATE-003
    ok 3 - failing to gate the card input before payment emits LLN-VALUESTATE-003
      ---
      duration_ms: 0.2595
      ...
    # Subtest: SecureString API key used safely with constantTimeEquals and redact before log
    ok 4 - SecureString API key used safely with constantTimeEquals and redact before log
      ---
      duration_ms: 0.3924
      ...
    # Subtest: search flow with two-step taint cleanup emits no errors
    ok 5 - search flow with two-step taint cleanup emits no errors
      ---
      duration_ms: 0.2859
      ...
    1..5
ok 164 - Security — real-world secure flow with full security pipeline
  ---
  duration_ms: 2.3807
  type: 'suite'
  ...
# Subtest: Security — multiple protected values in same flow
    # Subtest: two protected Email values in same flow both pass value-state check cleanly
    ok 1 - two protected Email values in same flow both pass value-state check cleanly
      ---
      duration_ms: 2.9337
      ...
    # Subtest: two plain Email bindings assigned directly from validate.email() each emit LLN-VALUESTATE-006
    ok 2 - two plain Email bindings assigned directly from validate.email() each emit LLN-VALUESTATE-006
      ---
      duration_ms: 0.3996
      ...
    # Subtest: multiple unsafe bindings — all must be gated before their respective sinks
    ok 3 - multiple unsafe bindings — all must be gated before their respective sinks
      ---
      duration_ms: 0.3014
      ...
    # Subtest: multiple unsafe bindings gated independently — all clean at sinks
    ok 4 - multiple unsafe bindings gated independently — all clean at sinks
      ---
      duration_ms: 0.4784
      ...
    # Subtest: mix of protected and redacted values in same flow — no boundary violations
    ok 5 - mix of protected and redacted values in same flow — no boundary violations
      ---
      duration_ms: 0.6749
      ...
    1..5
ok 165 - Security — multiple protected values in same flow
  ---
  duration_ms: 5.0459
  type: 'suite'
  ...
# Subtest: Security — protected values in collections
    # Subtest: Array<Email> parameter type is recognised as valid (no LLN-TYPE-001)
    ok 1 - Array<Email> parameter type is recognised as valid (no LLN-TYPE-001)
      ---
      duration_ms: 0.4745
      ...
    # Subtest: Array<String> with multiple unsafe values — each must be gated individually
    ok 2 - Array<String> with multiple unsafe values — each must be gated individually
      ---
      duration_ms: 0.2729
      ...
    # Subtest: protected Email and plain Email binding coexist in same flow without cross-contamination
    ok 3 - protected Email and plain Email binding coexist in same flow without cross-contamination
      ---
      duration_ms: 0.3259
      ...
    # Subtest: two independent protected Email bindings — no LLN-TYPE-018 violations between them
    ok 4 - two independent protected Email bindings — no LLN-TYPE-018 violations between them
      ---
      duration_ms: 0.3622
      ...
    # Subtest: protected Email and redacted Email in same flow — both work correctly
    ok 5 - protected Email and redacted Email in same flow — both work correctly
      ---
      duration_ms: 0.2695
      ...
    # Subtest: collection flow with gated unsafe values — safe through the pipeline
    ok 6 - collection flow with gated unsafe values — safe through the pipeline
      ---
      duration_ms: 0.3537
      ...
    1..6
ok 166 - Security — protected values in collections
  ---
  duration_ms: 2.2954
  type: 'suite'
  ...
# Subtest: Domain type hierarchy — primitive types
    # Subtest: accepts Bool as a parameter type
    ok 1 - accepts Bool as a parameter type
      ---
      duration_ms: 6.068
      ...
    # Subtest: accepts Boolean as an alias for Bool
    ok 2 - accepts Boolean as an alias for Bool
      ---
      duration_ms: 0.8811
      ...
    # Subtest: accepts Int as a parameter type
    ok 3 - accepts Int as a parameter type
      ---
      duration_ms: 0.499
      ...
    # Subtest: accepts Double (Float64 alias) as a parameter type
    ok 4 - accepts Double (Float64 alias) as a parameter type
      ---
      duration_ms: 0.3463
      ...
    # Subtest: accepts Float64 as a parameter type
    ok 5 - accepts Float64 as a parameter type
      ---
      duration_ms: 0.4409
      ...
    # Subtest: accepts Decimal as a parameter type
    ok 6 - accepts Decimal as a parameter type
      ---
      duration_ms: 0.3918
      ...
    # Subtest: accepts String as a parameter type
    ok 7 - accepts String as a parameter type
      ---
      duration_ms: 0.3049
      ...
    # Subtest: accepts Bytes as a parameter type
    ok 8 - accepts Bytes as a parameter type
      ---
      duration_ms: 0.4296
      ...
    # Subtest: accepts Char as a parameter type
    ok 9 - accepts Char as a parameter type
      ---
      duration_ms: 0.8532
      ...
    # Subtest: accepts all primitive types together in one flow
    ok 10 - accepts all primitive types together in one flow
      ---
      duration_ms: 0.9214
      ...
    1..10
ok 167 - Domain type hierarchy — primitive types
  ---
  duration_ms: 13.1502
  type: 'suite'
  ...
# Subtest: Domain type hierarchy — core algebraic types
    # Subtest: accepts Result<String, Error> with correct arity
    ok 1 - accepts Result<String, Error> with correct arity
      ---
      duration_ms: 0.5466
      ...
    # Subtest: accepts Option<String> with correct arity
    ok 2 - accepts Option<String> with correct arity
      ---
      duration_ms: 0.285
      ...
    # Subtest: accepts Brand<String, 'CustomerId'> with correct arity — Brand base is recognized, no LLN-TYPE-009
    ok 3 - accepts Brand<String, 'CustomerId'> with correct arity — Brand base is recognized, no LLN-TYPE-009
      ---
      duration_ms: 7.4144
      ...
    # Subtest: accepts Result<Int, ValidationError> as parameter
    ok 4 - accepts Result<Int, ValidationError> as parameter
      ---
      duration_ms: 0.3441
      ...
    1..4
ok 168 - Domain type hierarchy — core algebraic types
  ---
  duration_ms: 8.8715
  type: 'suite'
  ...
# Subtest: Domain type hierarchy — collection types
    # Subtest: accepts Array<String> as a type annotation
    ok 1 - accepts Array<String> as a type annotation
      ---
      duration_ms: 0.3163
      ...
    # Subtest: accepts Array<Int> as a type annotation
    ok 2 - accepts Array<Int> as a type annotation
      ---
      duration_ms: 0.2418
      ...
    # Subtest: accepts Map<String, Int> as a type annotation
    ok 3 - accepts Map<String, Int> as a type annotation
      ---
      duration_ms: 0.2431
      ...
    # Subtest: accepts Map<String, Bool> as a type annotation
    ok 4 - accepts Map<String, Bool> as a type annotation
      ---
      duration_ms: 0.2103
      ...
    1..4
ok 169 - Domain type hierarchy — collection types
  ---
  duration_ms: 1.207
  type: 'suite'
  ...
# Subtest: Domain type hierarchy — governance qualifier binding types
    # Subtest: protected Email binding type does not emit LLN-TYPE-001
    ok 1 - protected Email binding type does not emit LLN-TYPE-001
      ---
      duration_ms: 1.8952
      ...
    # Subtest: redacted Email binding type does not emit LLN-TYPE-001
    ok 2 - redacted Email binding type does not emit LLN-TYPE-001
      ---
      duration_ms: 1.675
      ...
    # Subtest: protected String binding type does not emit LLN-TYPE-001 for String
    ok 3 - protected String binding type does not emit LLN-TYPE-001 for String
      ---
      duration_ms: 0.3983
      ...
    # Subtest: protected Int binding type does not emit LLN-TYPE-001 for Int
    ok 4 - protected Int binding type does not emit LLN-TYPE-001 for Int
      ---
      duration_ms: 0.2874
      ...
    1..4
ok 170 - Domain type hierarchy — governance qualifier binding types
  ---
  duration_ms: 4.5058
  type: 'suite'
  ...
# Subtest: Domain type hierarchy — finance types
    # Subtest: accepts Money<GBP> with correct arity
    ok 1 - accepts Money<GBP> with correct arity
      ---
      duration_ms: 0.3511
      ...
    # Subtest: accepts Money<USD> with correct arity
    ok 2 - accepts Money<USD> with correct arity
      ---
      duration_ms: 0.2331
      ...
    # Subtest: accepts Money<EUR> with correct arity
    ok 3 - accepts Money<EUR> with correct arity
      ---
      duration_ms: 0.2308
      ...
    # Subtest: GBP, USD, EUR currency codes are recognized as standalone types
    ok 4 - GBP, USD, EUR currency codes are recognized as standalone types
      ---
      duration_ms: 0.2559
      ...
    1..4
ok 171 - Domain type hierarchy — finance types
  ---
  duration_ms: 1.3654
  type: 'suite'
  ...
# Subtest: Domain type hierarchy — time types
    # Subtest: accepts Duration as a parameter type
    ok 1 - accepts Duration as a parameter type
      ---
      duration_ms: 0.2422
      ...
    # Subtest: accepts Timestamp as a parameter type (used for DateTime/Date)
    ok 2 - accepts Timestamp as a parameter type (used for DateTime/Date)
      ---
      duration_ms: 0.1798
      ...
    # Subtest: accepts both Duration and Timestamp together
    ok 3 - accepts both Duration and Timestamp together
      ---
      duration_ms: 0.2352
      ...
    # Subtest: accepts Date and Time as separate types
    ok 4 - accepts Date and Time as separate types
      ---
      duration_ms: 0.285
      ...
    1..4
ok 172 - Domain type hierarchy — time types
  ---
  duration_ms: 1.1725
  type: 'suite'
  ...
# Subtest: Domain type hierarchy — AI/ML types
    # Subtest: accepts Tensor<Float32, [768]> with correct arity — no LLN-TYPE-009
    ok 1 - accepts Tensor<Float32, [768]> with correct arity — no LLN-TYPE-009
      ---
      duration_ms: 1.3796
      ...
    # Subtest: accepts Tensor<Int8, [512]> with correct arity — no LLN-TYPE-009
    ok 2 - accepts Tensor<Int8, [512]> with correct arity — no LLN-TYPE-009
      ---
      duration_ms: 1.2281
      ...
    # Subtest: accepts AnyTensor as a non-generic type
    ok 3 - accepts AnyTensor as a non-generic type
      ---
      duration_ms: 0.2605
      ...
    # Subtest: accepts Embedding as a type
    ok 4 - accepts Embedding as a type
      ---
      duration_ms: 0.2499
      ...
    # Subtest: accepts Classification as a type
    ok 5 - accepts Classification as a type
      ---
      duration_ms: 0.2411
      ...
    # Subtest: accepts Float32 as a standalone type (element type for Tensor)
    ok 6 - accepts Float32 as a standalone type (element type for Tensor)
      ---
      duration_ms: 0.1801
      ...
    1..6
ok 173 - Domain type hierarchy — AI/ML types
  ---
  duration_ms: 3.8129
  type: 'suite'
  ...
# Subtest: Domain type hierarchy — built-in brand identity types
    # Subtest: accepts CustomerId as a built-in type
    ok 1 - accepts CustomerId as a built-in type
      ---
      duration_ms: 0.2862
      ...
    # Subtest: accepts PatientId as a built-in type
    ok 2 - accepts PatientId as a built-in type
      ---
      duration_ms: 0.3711
      ...
    # Subtest: accepts AccountId as a built-in type
    ok 3 - accepts AccountId as a built-in type
      ---
      duration_ms: 0.2242
      ...
    # Subtest: accepts user-defined Brand alias CustomerId = Brand<String,'CustomerId'> in flow param
    ok 4 - accepts user-defined Brand alias CustomerId = Brand<String,'CustomerId'> in flow param
      ---
      duration_ms: 1.2029
      ...
    # Subtest: accepts user-defined Brand alias PatientId = Brand<String,'PatientId'> in flow param
    ok 5 - accepts user-defined Brand alias PatientId = Brand<String,'PatientId'> in flow param
      ---
      duration_ms: 1.2416
      ...
    # Subtest: accepts user-defined Brand alias AccountId = Brand<String,'AccountId'> in flow param
    ok 6 - accepts user-defined Brand alias AccountId = Brand<String,'AccountId'> in flow param
      ---
      duration_ms: 1.108
      ...
    1..6
ok 174 - Domain type hierarchy — built-in brand identity types
  ---
  duration_ms: 5.5105
  type: 'suite'
  ...
# Subtest: Domain type hierarchy — GENERIC_ARITY correct counts
    # Subtest: Option requires exactly 1 type arg (no error for Option<String>)
    ok 1 - Option requires exactly 1 type arg (no error for Option<String>)
      ---
      duration_ms: 2.4356
      ...
    # Subtest: Result requires exactly 2 type args (no error for Result<String,Error>)
    ok 2 - Result requires exactly 2 type args (no error for Result<String,Error>)
      ---
      duration_ms: 0.3214
      ...
    # Subtest: Array requires exactly 1 type arg (no error for Array<Int>)
    ok 3 - Array requires exactly 1 type arg (no error for Array<Int>)
      ---
      duration_ms: 0.2269
      ...
    # Subtest: Map requires exactly 2 type args (no error for Map<String,Int>)
    ok 4 - Map requires exactly 2 type args (no error for Map<String,Int>)
      ---
      duration_ms: 0.2791
      ...
    # Subtest: Money requires exactly 1 type arg (no error for Money<GBP>)
    ok 5 - Money requires exactly 1 type arg (no error for Money<GBP>)
      ---
      duration_ms: 0.1891
      ...
    # Subtest: Tensor requires exactly 2 type args — no LLN-TYPE-009 for Tensor<Float32,[768]>
    ok 6 - Tensor requires exactly 2 type args — no LLN-TYPE-009 for Tensor<Float32,[768]>
      ---
      duration_ms: 1.1343
      ...
    # Subtest: Brand requires exactly 2 type args — no LLN-TYPE-009 for Brand<String,'X'>
    ok 7 - Brand requires exactly 2 type args — no LLN-TYPE-009 for Brand<String,'X'>
      ---
      duration_ms: 0.9291
      ...
    1..7
ok 175 - Domain type hierarchy — GENERIC_ARITY correct counts
  ---
  duration_ms: 5.8635
  type: 'suite'
  ...
# Subtest: Domain type hierarchy — LLN-TYPE-001 unknown type detection
    # Subtest: emits LLN-TYPE-001 for misspelled 'Booleen'
    ok 1 - emits LLN-TYPE-001 for misspelled 'Booleen'
      ---
      duration_ms: 1.3651
      ...
    # Subtest: emits LLN-TYPE-001 for misspelled 'Integr'
    ok 2 - emits LLN-TYPE-001 for misspelled 'Integr'
      ---
      duration_ms: 1.1724
      ...
    # Subtest: emits LLN-TYPE-001 for misspelled 'Monye'
    ok 3 - emits LLN-TYPE-001 for misspelled 'Monye'
      ---
      duration_ms: 1.0788
      ...
    # Subtest: emits LLN-TYPE-001 for misspelled 'Tenssor'
    ok 4 - emits LLN-TYPE-001 for misspelled 'Tenssor'
      ---
      duration_ms: 1.3129
      ...
    # Subtest: emits LLN-TYPE-001 for misspelled 'Embeding'
    ok 5 - emits LLN-TYPE-001 for misspelled 'Embeding'
      ---
      duration_ms: 1.3009
      ...
    # Subtest: emits LLN-TYPE-001 for misspelled 'Durration'
    ok 6 - emits LLN-TYPE-001 for misspelled 'Durration'
      ---
      duration_ms: 1.4947
      ...
    1..6
ok 176 - Domain type hierarchy — LLN-TYPE-001 unknown type detection
  ---
  duration_ms: 8.0927
  type: 'suite'
  ...
# Subtest: Domain type hierarchy — LLN-TYPE-009 wrong generic arity
    # Subtest: emits LLN-TYPE-009 for Option with 2 args (Option<String, Error>)
    ok 1 - emits LLN-TYPE-009 for Option with 2 args (Option<String, Error>)
      ---
      duration_ms: 0.4016
      ...
    # Subtest: emits LLN-TYPE-009 for Result with 1 arg (Result<String>)
    ok 2 - emits LLN-TYPE-009 for Result with 1 arg (Result<String>)
      ---
      duration_ms: 0.3263
      ...
    # Subtest: emits LLN-TYPE-009 for Map with 1 arg (Map<String>)
    ok 3 - emits LLN-TYPE-009 for Map with 1 arg (Map<String>)
      ---
      duration_ms: 0.2466
      ...
    # Subtest: emits LLN-TYPE-009 for Money with 0 args (bare Money)
    ok 4 - emits LLN-TYPE-009 for Money with 0 args (bare Money)
      ---
      duration_ms: 0.1802
      ...
    # Subtest: emits LLN-TYPE-009 for Brand with 1 arg (Brand<String>)
    ok 5 - emits LLN-TYPE-009 for Brand with 1 arg (Brand<String>)
      ---
      duration_ms: 0.2088
      ...
    # Subtest: emits LLN-TYPE-009 for Tensor with 1 arg (Tensor<Float32>)
    ok 6 - emits LLN-TYPE-009 for Tensor with 1 arg (Tensor<Float32>)
      ---
      duration_ms: 0.2017
      ...
    # Subtest: emits LLN-TYPE-009 for Array with 2 args (Array<String, Int>)
    ok 7 - emits LLN-TYPE-009 for Array with 2 args (Array<String, Int>)
      ---
      duration_ms: 0.2057
      ...
    1..7
ok 177 - Domain type hierarchy — LLN-TYPE-009 wrong generic arity
  ---
  duration_ms: 2.0617
  type: 'suite'
  ...
# Subtest: Domain type hierarchy — literal type inference
    # Subtest: integer literal 42 infers as Int (no type mismatch for Int binding)
    ok 1 - integer literal 42 infers as Int (no type mismatch for Int binding)
      ---
      duration_ms: 0.3473
      ...
    # Subtest: float literal 3.14 infers as Float (no type mismatch for Float binding)
    ok 2 - float literal 3.14 infers as Float (no type mismatch for Float binding)
      ---
      duration_ms: 0.2065
      ...
    # Subtest: string literal 'hello' infers as String (no type mismatch for String binding)
    ok 3 - string literal 'hello' infers as String (no type mismatch for String binding)
      ---
      duration_ms: 0.2131
      ...
    # Subtest: bool literal true infers as Bool (no type mismatch for Bool binding)
    ok 4 - bool literal true infers as Bool (no type mismatch for Bool binding)
      ---
      duration_ms: 0.4119
      ...
    # Subtest: integer literal assigned to String binding emits LLN-TYPE-002
    ok 5 - integer literal assigned to String binding emits LLN-TYPE-002
      ---
      duration_ms: 0.3541
      ...
    # Subtest: string literal assigned to Int binding emits LLN-TYPE-002
    ok 6 - string literal assigned to Int binding emits LLN-TYPE-002
      ---
      duration_ms: 0.2637
      ...
    # Subtest: bool literal assigned to String binding emits LLN-TYPE-002
    ok 7 - bool literal assigned to String binding emits LLN-TYPE-002
      ---
      duration_ms: 0.2344
      ...
    1..7
ok 178 - Domain type hierarchy — literal type inference
  ---
  duration_ms: 2.2966
  type: 'suite'
  ...
# Subtest: Domain type hierarchy — protected qualifier
    # Subtest: protected Int binding does not emit LLN-TYPE-001 for protected or Int
    ok 1 - protected Int binding does not emit LLN-TYPE-001 for protected or Int
      ---
      duration_ms: 0.2993
      ...
    # Subtest: protected String binding does not emit LLN-TYPE-001
    ok 2 - protected String binding does not emit LLN-TYPE-001
      ---
      duration_ms: 0.2297
      ...
    # Subtest: protected Array<Email> binding does not emit LLN-TYPE-001 for Array or Email
    ok 3 - protected Array<Email> binding does not emit LLN-TYPE-001 for Array or Email
      ---
      duration_ms: 0.22
      ...
    1..3
ok 179 - Domain type hierarchy — protected qualifier
  ---
  duration_ms: 0.9054
  type: 'suite'
  ...
# Subtest: Domain type hierarchy — nested generic types
    # Subtest: accepts Option<Array<Int>> — no LLN-TYPE-001 or LLN-TYPE-009
    ok 1 - accepts Option<Array<Int>> — no LLN-TYPE-001 or LLN-TYPE-009
      ---
      duration_ms: 0.3108
      ...
    # Subtest: accepts Result<Array<Email>, ValidationError> — no LLN-TYPE-001 or LLN-TYPE-009
    ok 2 - accepts Result<Array<Email>, ValidationError> — no LLN-TYPE-001 or LLN-TYPE-009
      ---
      duration_ms: 0.218
      ...
    # Subtest: accepts Option<Map<String, Int>> — no LLN-TYPE-009
    ok 3 - accepts Option<Map<String, Int>> — no LLN-TYPE-009
      ---
      duration_ms: 0.2125
      ...
    # Subtest: emits LLN-TYPE-009 for Option<Map<String>> — inner Map has wrong arity
    ok 4 - emits LLN-TYPE-009 for Option<Map<String>> — inner Map has wrong arity
      ---
      duration_ms: 0.2757
      ...
    # Subtest: accepts Result<Option<String>, Error> — doubly nested algebraic
    ok 5 - accepts Result<Option<String>, Error> — doubly nested algebraic
      ---
      duration_ms: 0.2767
      ...
    1..5
ok 180 - Domain type hierarchy — nested generic types
  ---
  duration_ms: 1.697
  type: 'suite'
  ...
# Subtest: Effect Checker — pure flow rules
    # Subtest: accepts a pure flow with no effects
    ok 1 - accepts a pure flow with no effects
      ---
      duration_ms: 9.8786
      ...
    # Subtest: emits LLN-EFFECT-003 when pure flow declares effects
    ok 2 - emits LLN-EFFECT-003 when pure flow declares effects
      ---
      duration_ms: 1.0436
      ...
    # Subtest: includes a suggested fix for pure flow with effects
    ok 3 - includes a suggested fix for pure flow with effects
      ---
      duration_ms: 0.6283
      ...
    1..3
ok 181 - Effect Checker — pure flow rules
  ---
  duration_ms: 13.298
  type: 'suite'
  ...
# Subtest: Effect Checker — secure flow rules
    # Subtest: accepts a secure flow with correctly declared effects
    ok 1 - accepts a secure flow with correctly declared effects
      ---
      duration_ms: 2.4895
      ...
    # Subtest: returns metadata for each flow
    ok 2 - returns metadata for each flow
      ---
      duration_ms: 1.649
      ...
    # Subtest: reports no errors for empty secure flow body
    ok 3 - reports no errors for empty secure flow body
      ---
      duration_ms: 0.9246
      ...
    1..3
ok 182 - Effect Checker — secure flow rules
  ---
  duration_ms: 5.466
  type: 'suite'
  ...
# Subtest: Effect Checker — plain flow rules
    # Subtest: accepts a plain flow with no effects
    ok 1 - accepts a plain flow with no effects
      ---
      duration_ms: 0.642
      ...
    # Subtest: warns when plain flow declares privileged effect
    ok 2 - warns when plain flow declares privileged effect
      ---
      duration_ms: 1.0237
      ...
    1..2
ok 183 - Effect Checker — plain flow rules
  ---
  duration_ms: 2.1493
  type: 'suite'
  ...
# Subtest: Effect Checker — effectResultsToDiagnostics
    # Subtest: converts effect results to flat diagnostic array
    ok 1 - converts effect results to flat diagnostic array
      ---
      duration_ms: 3.6834
      ...
    # Subtest: returns empty array when no effects violations
    ok 2 - returns empty array when no effects violations
      ---
      duration_ms: 2.2048
      ...
    1..2
ok 184 - Effect Checker — effectResultsToDiagnostics
  ---
  duration_ms: 6.0938
  type: 'suite'
  ...
# Subtest: Effect Checker — multiple flows
    # Subtest: checks each flow independently
    ok 1 - checks each flow independently
      ---
      duration_ms: 0.5763
      ...
    1..1
ok 185 - Effect Checker — multiple flows
  ---
  duration_ms: 0.7044
  type: 'suite'
  ...
# Subtest: Effect checker - guarded flow
    # Subtest: accepts guarded flow with declared effects
    ok 1 - accepts guarded flow with declared effects
      ---
      duration_ms: 2.2206
      ...
    # Subtest: emits LLN-EFFECT-001 for guarded flow missing a declared effect
    ok 2 - emits LLN-EFFECT-001 for guarded flow missing a declared effect
      ---
      duration_ms: 0.5951
      ...
    # Subtest: warns for a guarded flow with an overdeclared effect
    ok 3 - warns for a guarded flow with an overdeclared effect
      ---
      duration_ms: 0.3714
      ...
    1..3
ok 186 - Effect checker - guarded flow
  ---
  duration_ms: 3.4058
  type: 'suite'
  ...
# Subtest: Effect checker - pure flow calls effectful flow
    # Subtest: emits LLN-EFFECT-003 when pure flow calls a guarded flow
    ok 1 - emits LLN-EFFECT-003 when pure flow calls a guarded flow
      ---
      duration_ms: 0.9973
      ...
    # Subtest: allows pure flow calling another pure flow
    ok 2 - allows pure flow calling another pure flow
      ---
      duration_ms: 0.474
      ...
    # Subtest: allows guarded flow calling guarded flow when same effects are declared
    ok 3 - allows guarded flow calling guarded flow when same effects are declared
      ---
      duration_ms: 0.7705
      ...
    1..3
ok 187 - Effect checker - pure flow calls effectful flow
  ---
  duration_ms: 2.4311
  type: 'suite'
  ...
# Subtest: Effect checker - canonical effect names
    # Subtest: effects [network] emits LLN-EFFECT-004 with suggestion network.outbound
    ok 1 - effects [network] emits LLN-EFFECT-004 with suggestion network.outbound
      ---
      duration_ms: 0.6324
      ...
    # Subtest: effects [database] emits LLN-EFFECT-004 with suggestion database.read
    ok 2 - effects [database] emits LLN-EFFECT-004 with suggestion database.read
      ---
      duration_ms: 0.4298
      ...
    # Subtest: effects [network.outbound] has no canonical-name diagnostic
    ok 3 - effects [network.outbound] has no canonical-name diagnostic
      ---
      duration_ms: 0.3752
      ...
    1..3
ok 188 - Effect checker - canonical effect names
  ---
  duration_ms: 1.6739
  type: 'suite'
  ...
# Subtest: Effect checker - inter-flow propagation
    # Subtest: flow A calls flow B and declares B's effect: no diagnostics
    ok 1 - flow A calls flow B and declares B's effect: no diagnostics
      ---
      duration_ms: 0.7444
      ...
    # Subtest: flow A calls flow B and misses B's effect: LLN-EFFECT-002
    ok 2 - flow A calls flow B and misses B's effect: LLN-EFFECT-002
      ---
      duration_ms: 0.7032
      ...
    # Subtest: two-hop propagation requires the root caller to declare inherited effects
    ok 3 - two-hop propagation requires the root caller to declare inherited effects
      ---
      duration_ms: 0.9286
      ...
    1..3
ok 189 - Effect checker - inter-flow propagation
  ---
  duration_ms: 2.715
  type: 'suite'
  ...
# Subtest: Effect checker - extended call patterns
    # Subtest: http.get in pure flow body emits LLN-EFFECT-003
    ok 1 - http.get in pure flow body emits LLN-EFFECT-003
      ---
      duration_ms: 0.5306
      ...
    # Subtest: http.post in guarded flow with network.outbound declared has no diagnostics
    ok 2 - http.post in guarded flow with network.outbound declared has no diagnostics
      ---
      duration_ms: 0.3395
      ...
    # Subtest: fs.readText in pure flow emits LLN-EFFECT-003
    ok 3 - fs.readText in pure flow emits LLN-EFFECT-003
      ---
      duration_ms: 0.2601
      ...
    # Subtest: Env.get in guarded flow without secret.read emits LLN-EFFECT-001
    ok 4 - Env.get in guarded flow without secret.read emits LLN-EFFECT-001
      ---
      duration_ms: 0.2573
      ...
    1..4
ok 190 - Effect checker - extended call patterns
  ---
  duration_ms: 1.6202
  type: 'suite'
  ...
# Subtest: Effect checker — devtools-graph buildCallGraph integration
    # Subtest: still propagates transitive effects correctly after graph refactor
    ok 1 - still propagates transitive effects correctly after graph refactor
      ---
      duration_ms: 0.8765
      ...
    # Subtest: reports LLN-EFFECT-002 when a caller misses transitive effect after graph refactor
    ok 2 - reports LLN-EFFECT-002 when a caller misses transitive effect after graph refactor
      ---
      duration_ms: 0.4933
      ...
    # Subtest: handles circular flow references gracefully without hanging
    ok 3 - handles circular flow references gracefully without hanging
      ---
      duration_ms: 0.5616
      ...
    1..3
ok 191 - Effect checker — devtools-graph buildCallGraph integration
  ---
  duration_ms: 2.127
  type: 'suite'
  ...
# Subtest: Effect checker — EFFECT-001 suggestedCode is a complete contract block
    # Subtest: suggestedCode contains a complete contract.effects block for missing effects
    ok 1 - suggestedCode contains a complete contract.effects block for missing effects
      ---
      duration_ms: 0.6009
      ...
    # Subtest: suggestedCode lists all missing effect names inside the contract block
    ok 2 - suggestedCode lists all missing effect names inside the contract block
      ---
      duration_ms: 0.3897
      ...
    1..2
ok 192 - Effect checker — EFFECT-001 suggestedCode is a complete contract block
  ---
  duration_ms: 1.1334
  type: 'suite'
  ...
# Subtest: Effect checker — EFFECT-004 canonical effect alias suggestions
    # Subtest: pii.write emits EFFECT-004 suggesting database.write
    ok 1 - pii.write emits EFFECT-004 suggesting database.write
      ---
      duration_ms: 0.4398
      ...
    # Subtest: http.post emits EFFECT-004 suggesting network.outbound
    ok 2 - http.post emits EFFECT-004 suggesting network.outbound
      ---
      duration_ms: 0.3548
      ...
    # Subtest: http.get emits EFFECT-004 suggesting network.outbound
    ok 3 - http.get emits EFFECT-004 suggesting network.outbound
      ---
      duration_ms: 0.3289
      ...
    # Subtest: file.read emits EFFECT-004 suggesting filesystem.read
    ok 4 - file.read emits EFFECT-004 suggesting filesystem.read
      ---
      duration_ms: 0.2989
      ...
    # Subtest: email.send is canonical and does NOT emit EFFECT-004
    ok 5 - email.send is canonical and does NOT emit EFFECT-004
      ---
      duration_ms: 0.2982
      ...
    1..5
ok 193 - Effect checker — EFFECT-004 canonical effect alias suggestions
  ---
  duration_ms: 1.9442
  type: 'suite'
  ...
# Subtest: Effect checker — fn helper effect propagation
    # Subtest: emits EFFECT-002 when fn helper inside guarded flow makes a database call not declared
    ok 1 - emits EFFECT-002 when fn helper inside guarded flow makes a database call not declared
      ---
      duration_ms: 3.5089
      ...
    # Subtest: no EFFECT-002 when fn helper effect is declared on the parent flow
    ok 2 - no EFFECT-002 when fn helper effect is declared on the parent flow
      ---
      duration_ms: 0.4362
      ...
    1..2
ok 194 - Effect checker — fn helper effect propagation
  ---
  duration_ms: 4.0861
  type: 'suite'
  ...
# Subtest: Effect checker — EFFECT-001 location points to specific call
    # Subtest: EFFECT-001 location is on the call expression, not the flow declaration line
    ok 1 - EFFECT-001 location is on the call expression, not the flow declaration line
      ---
      duration_ms: 0.3856
      ...
    1..1
ok 195 - Effect checker — EFFECT-001 location points to specific call
  ---
  duration_ms: 0.4962
  type: 'suite'
  ...
# Subtest: Event checker — LLN-EVENT-001 event not declared
    # Subtest: emits LLN-EVENT-001 when emit used without top-level event declaration
    ok 1 - emits LLN-EVENT-001 when emit used without top-level event declaration
      ---
      duration_ms: 9.4372
      ...
    # Subtest: LLN-EVENT-001 message names the missing event
    ok 2 - LLN-EVENT-001 message names the missing event
      ---
      duration_ms: 0.8741
      ...
    # Subtest: does not emit LLN-EVENT-001 when event is declared and emitted
    ok 3 - does not emit LLN-EVENT-001 when event is declared and emitted
      ---
      duration_ms: 0.6937
      ...
    # Subtest: does not emit LLN-EVENT-001 when there are no events at all
    ok 4 - does not emit LLN-EVENT-001 when there are no events at all
      ---
      duration_ms: 3.3443
      ...
    1..4
ok 196 - Event checker — LLN-EVENT-001 event not declared
  ---
  duration_ms: 15.9339
  type: 'suite'
  ...
# Subtest: Event checker — LLN-EVENT-002 event never emitted
    # Subtest: emits LLN-EVENT-002 when event declared but never emitted
    ok 1 - emits LLN-EVENT-002 when event declared but never emitted
      ---
      duration_ms: 0.5817
      ...
    # Subtest: LLN-EVENT-002 is a warning not an error
    ok 2 - LLN-EVENT-002 is a warning not an error
      ---
      duration_ms: 0.4043
      ...
    # Subtest: LLN-EVENT-002 message names the unused event
    ok 3 - LLN-EVENT-002 message names the unused event
      ---
      duration_ms: 0.3936
      ...
    # Subtest: does not emit LLN-EVENT-002 when event is declared and emitted
    ok 4 - does not emit LLN-EVENT-002 when event is declared and emitted
      ---
      duration_ms: 0.7293
      ...
    # Subtest: does not emit LLN-EVENT-002 when there are no event declarations
    ok 5 - does not emit LLN-EVENT-002 when there are no event declarations
      ---
      duration_ms: 0.4604
      ...
    1..5
ok 197 - Event checker — LLN-EVENT-002 event never emitted
  ---
  duration_ms: 3.219
  type: 'suite'
  ...
# Subtest: Event checker — multiple events
    # Subtest: handles multiple declared and emitted events correctly
    ok 1 - handles multiple declared and emitted events correctly
      ---
      duration_ms: 1.0759
      ...
    # Subtest: emits LLN-EVENT-001 only for the undeclared event
    ok 2 - emits LLN-EVENT-001 only for the undeclared event
      ---
      duration_ms: 0.3859
      ...
    1..2
ok 198 - Event checker — multiple events
  ---
  duration_ms: 1.6416
  type: 'suite'
  ...
# Subtest: Event checker — LLN-EVENT-003 contract emits undeclared event
    # Subtest: emits LLN-EVENT-003 when contract.events lists emits X but no global event X
    ok 1 - emits LLN-EVENT-003 when contract.events lists emits X but no global event X
      ---
      duration_ms: 0.4071
      ...
    # Subtest: LLN-EVENT-003 message names the missing event
    ok 2 - LLN-EVENT-003 message names the missing event
      ---
      duration_ms: 0.5625
      ...
    # Subtest: LLN-EVENT-003 is an error
    ok 3 - LLN-EVENT-003 is an error
      ---
      duration_ms: 0.269
      ...
    # Subtest: does not emit LLN-EVENT-003 when global event exists for all contract emits
    ok 4 - does not emit LLN-EVENT-003 when global event exists for all contract emits
      ---
      duration_ms: 0.3098
      ...
    1..4
ok 199 - Event checker — LLN-EVENT-003 contract emits undeclared event
  ---
  duration_ms: 1.7385
  type: 'suite'
  ...
# Subtest: Event checker — LLN-EVENT-004 duplicate event emission
    # Subtest: emits LLN-EVENT-004 when same event is emitted twice in one flow
    ok 1 - emits LLN-EVENT-004 when same event is emitted twice in one flow
      ---
      duration_ms: 0.5192
      ...
    # Subtest: LLN-EVENT-004 is a warning
    ok 2 - LLN-EVENT-004 is a warning
      ---
      duration_ms: 0.3245
      ...
    # Subtest: LLN-EVENT-004 message names the duplicated event
    ok 3 - LLN-EVENT-004 message names the duplicated event
      ---
      duration_ms: 0.2909
      ...
    # Subtest: does not emit LLN-EVENT-004 when event emitted once
    ok 4 - does not emit LLN-EVENT-004 when event emitted once
      ---
      duration_ms: 0.2128
      ...
    # Subtest: does not emit LLN-EVENT-004 when different events emitted
    ok 5 - does not emit LLN-EVENT-004 when different events emitted
      ---
      duration_ms: 0.186
      ...
    1..5
ok 200 - Event checker — LLN-EVENT-004 duplicate event emission
  ---
  duration_ms: 1.7446
  type: 'suite'
  ...
# Subtest: Event checker — LLN-EVENT-005 event emitted not in contract
    # Subtest: emits LLN-EVENT-005 when emit X in body but X not in contract.events
    ok 1 - emits LLN-EVENT-005 when emit X in body but X not in contract.events
      ---
      duration_ms: 0.2678
      ...
    # Subtest: LLN-EVENT-005 is a warning
    ok 2 - LLN-EVENT-005 is a warning
      ---
      duration_ms: 0.3695
      ...
    # Subtest: LLN-EVENT-005 message names the event
    ok 3 - LLN-EVENT-005 message names the event
      ---
      duration_ms: 0.339
      ...
    # Subtest: does not emit LLN-EVENT-005 when all emitted events are in contract.events
    ok 4 - does not emit LLN-EVENT-005 when all emitted events are in contract.events
      ---
      duration_ms: 0.3379
      ...
    # Subtest: does not emit LLN-EVENT-005 when contract has no events block
    ok 5 - does not emit LLN-EVENT-005 when contract has no events block
      ---
      duration_ms: 0.223
      ...
    1..5
ok 201 - Event checker — LLN-EVENT-005 event emitted not in contract
  ---
  duration_ms: 1.7598
  type: 'suite'
  ...
# Subtest: Event checker — happy path all three conditions satisfied
    # Subtest: produces no errors when emit X is in body, contract.events, and global event
    ok 1 - produces no errors when emit X is in body, contract.events, and global event
      ---
      duration_ms: 0.2802
      ...
    1..1
ok 202 - Event checker — happy path all three conditions satisfied
  ---
  duration_ms: 0.376
  type: 'suite'
  ...
# Subtest: Event checker — constant shapes
    # Subtest: LLN_EVENT_003 has correct code and severity
    ok 1 - LLN_EVENT_003 has correct code and severity
      ---
      duration_ms: 0.1838
      ...
    # Subtest: LLN_EVENT_004 has correct code and severity
    ok 2 - LLN_EVENT_004 has correct code and severity
      ---
      duration_ms: 0.7077
      ...
    # Subtest: LLN_EVENT_005 has correct code and severity
    ok 3 - LLN_EVENT_005 has correct code and severity
      ---
      duration_ms: 0.1338
      ...
    1..3
ok 203 - Event checker — constant shapes
  ---
  duration_ms: 1.2177
  type: 'suite'
  ...
# Subtest: Phase 15 — PassiveExecutionPlan: pure flow
    # Subtest: buildExecutionPlan for a pure flow returns a plan with no capability steps
    ok 1 - buildExecutionPlan for a pure flow returns a plan with no capability steps
      ---
      duration_ms: 7.0782
      ...
    # Subtest: pure flow plan has a return step
    ok 2 - pure flow plan has a return step
      ---
      duration_ms: 0.7015
      ...
    1..2
ok 204 - Phase 15 — PassiveExecutionPlan: pure flow
  ---
  duration_ms: 9.0902
  type: 'suite'
  ...
# Subtest: Phase 15 — PassiveExecutionPlan: guarded flow with effects
    # Subtest: buildExecutionPlan for a guarded flow with database.write returns plan with capability_call step
    ok 1 - buildExecutionPlan for a guarded flow with database.write returns plan with capability_call step
      ---
      duration_ms: 1.7806
      ...
    # Subtest: plan approvedCapabilities contains database.read → host.database.read
    ok 2 - plan approvedCapabilities contains database.read → host.database.read
      ---
      duration_ms: 0.6222
      ...
    1..2
ok 205 - Phase 15 — PassiveExecutionPlan: guarded flow with effects
  ---
  duration_ms: 2.6018
  type: 'suite'
  ...
# Subtest: Phase 15 — PassiveExecutionPlan: planHash
    # Subtest: plan planHash is a non-empty string
    ok 1 - plan planHash is a non-empty string
      ---
      duration_ms: 0.3834
      ...
    # Subtest: planHash is a 64-char hex string (SHA-256)
    ok 2 - planHash is a 64-char hex string (SHA-256)
      ---
      duration_ms: 1.759
      ...
    # Subtest: planHash differs between two different flows
    ok 3 - planHash differs between two different flows
      ---
      duration_ms: 0.971
      ...
    1..3
ok 206 - Phase 15 — PassiveExecutionPlan: planHash
  ---
  duration_ms: 3.4852
  type: 'suite'
  ...
# Subtest: Phase 15 — Attestation with execution plan
    # Subtest: attestation with plan includes executionPlan hash field
    ok 1 - attestation with plan includes executionPlan hash field
      ---
      duration_ms: 0.6682
      ...
    # Subtest: attestation without plan has no executionPlan hash field
    ok 2 - attestation without plan has no executionPlan hash field
      ---
      duration_ms: 0.2087
      ...
    1..2
ok 207 - Phase 15 — Attestation with execution plan
  ---
  duration_ms: 1.1601
  type: 'suite'
  ...
# Subtest: Phase 15 — PassiveExecutionPlan: flow name and qualifier
    # Subtest: PassiveExecutionPlan has correct flow name and qualifier (pure)
    ok 1 - PassiveExecutionPlan has correct flow name and qualifier (pure)
      ---
      duration_ms: 0.2523
      ...
    # Subtest: PassiveExecutionPlan has correct flow name and qualifier (secure)
    ok 2 - PassiveExecutionPlan has correct flow name and qualifier (secure)
      ---
      duration_ms: 0.6202
      ...
    # Subtest: PassiveExecutionPlan has correct flow name and qualifier (guarded)
    ok 3 - PassiveExecutionPlan has correct flow name and qualifier (guarded)
      ---
      duration_ms: 0.1943
      ...
    # Subtest: PassiveExecutionPlan has generatedAt timestamp
    ok 4 - PassiveExecutionPlan has generatedAt timestamp
      ---
      duration_ms: 0.1598
      ...
    1..4
ok 208 - Phase 15 — PassiveExecutionPlan: flow name and qualifier
  ---
  duration_ms: 1.3643
  type: 'suite'
  ...
# Subtest: Phase 15 — PassiveExecutionPlan: emit_event steps
    # Subtest: flow with emit PatientCreated → plan includes emit_event step
    ok 1 - flow with emit PatientCreated → plan includes emit_event step
      ---
      duration_ms: 0.4133
      ...
    # Subtest: flow with multiple emits produces deduplicated emit_event steps
    ok 2 - flow with multiple emits produces deduplicated emit_event steps
      ---
      duration_ms: 0.7818
      ...
    # Subtest: pure flow with no emit has no emit_event steps
    ok 3 - pure flow with no emit has no emit_event steps
      ---
      duration_ms: 0.3024
      ...
    1..3
ok 209 - Phase 15 — PassiveExecutionPlan: emit_event steps
  ---
  duration_ms: 1.6459
  type: 'suite'
  ...
# Subtest: Phase 15 — PassiveExecutionPlan: step structure
    # Subtest: steps array ends with a return step
    ok 1 - steps array ends with a return step
      ---
      duration_ms: 0.3317
      ...
    # Subtest: steps is a non-empty readonly array
    ok 2 - steps is a non-empty readonly array
      ---
      duration_ms: 0.2331
      ...
    # Subtest: approvedCapabilities is a Map
    ok 3 - approvedCapabilities is a Map
      ---
      duration_ms: 1.4082
      ...
    1..3
ok 210 - Phase 15 — PassiveExecutionPlan: step structure
  ---
  duration_ms: 2.1872
  type: 'suite'
  ...
# Subtest: GIR emitter - basic pure flow
    # Subtest: emits schema and pure flow metadata
    ok 1 - emits schema and pure flow metadata
      ---
      duration_ms: 8.3076
      ...
    1..1
ok 211 - GIR emitter - basic pure flow
  ---
  duration_ms: 9.5979
  type: 'suite'
  ...
# Subtest: GIR emitter - guarded flow with effects
    # Subtest: copies declared effects from FlowMeta
    ok 1 - copies declared effects from FlowMeta
      ---
      duration_ms: 2.7709
      ...
    1..1
ok 212 - GIR emitter - guarded flow with effects
  ---
  duration_ms: 2.943
  type: 'suite'
  ...
# Subtest: GIR emitter - protected values
    # Subtest: extracts protected binding names and base types
    ok 1 - extracts protected binding names and base types
      ---
      duration_ms: 1.1102
      ...
    1..1
ok 213 - GIR emitter - protected values
  ---
  duration_ms: 1.5024
  type: 'suite'
  ...
# Subtest: GIR emitter - intent
    # Subtest: extracts flow intent declarations
    ok 1 - extracts flow intent declarations
      ---
      duration_ms: 0.6337
      ...
    1..1
ok 214 - GIR emitter - intent
  ---
  duration_ms: 0.9129
  type: 'suite'
  ...
# Subtest: GIR emitter - metadata
    # Subtest: produces a generatedAt timestamp
    ok 1 - produces a generatedAt timestamp
      ---
      duration_ms: 0.868
      ...
    # Subtest: emits multiple flow entries
    ok 2 - emits multiple flow entries
      ---
      duration_ms: 0.95
      ...
    1..2
ok 215 - GIR emitter - metadata
  ---
  duration_ms: 2.2842
  type: 'suite'
  ...
# Subtest: GIR emitter — tensor metadata
    # Subtest: extracts tensor binding from flow body
    ok 1 - extracts tensor binding from flow body
      ---
      duration_ms: 1.7103
      ...
    # Subtest: marks Int8 tensor as NOT photonic compatible
    ok 2 - marks Int8 tensor as NOT photonic compatible
      ---
      duration_ms: 1.0737
      ...
    # Subtest: produces target_affinity for ai.inference flows
    ok 3 - produces target_affinity for ai.inference flows
      ---
      duration_ms: 0.6929
      ...
    # Subtest: does not produce target_affinity for database-only flows
    ok 4 - does not produce target_affinity for database-only flows
      ---
      duration_ms: 0.9842
      ...
    1..4
ok 216 - GIR emitter — tensor metadata
  ---
  duration_ms: 4.7498
  type: 'suite'
  ...
# Subtest: Governance verifier — LLN-HINT-COMPUTE-001
    # Subtest: emits LLN-HINT-COMPUTE-001 when ai.inference has no compute target
    ok 1 - emits LLN-HINT-COMPUTE-001 when ai.inference has no compute target
      ---
      duration_ms: 1.7448
      ...
    # Subtest: does NOT emit LLN-HINT-COMPUTE-001 when compute target is declared
    ok 2 - does NOT emit LLN-HINT-COMPUTE-001 when compute target is declared
      ---
      duration_ms: 0.6985
      ...
    1..2
ok 217 - Governance verifier — LLN-HINT-COMPUTE-001
  ---
  duration_ms: 2.6059
  type: 'suite'
  ...
# Subtest: GIR emitter — emitExpr \#record handling
    # Subtest: emits recordLiteral with correct field names for audit call record
    ok 1 - emits recordLiteral with correct field names for audit call record
      ---
      duration_ms: 0.4572
      ...
    # Subtest: emits recordLiteral with correct field names for response record
    ok 2 - emits recordLiteral with correct field names for response record
      ---
      duration_ms: 0.1915
      ...
    # Subtest: emits recordLiteral for empty \#record literal (no fields)
    ok 3 - emits recordLiteral for empty \#record literal (no fields)
      ---
      duration_ms: 0.1274
      ...
    # Subtest: emitExpr does not silently skip \#record — produces inspectable output
    ok 4 - emitExpr does not silently skip \#record — produces inspectable output
      ---
      duration_ms: 0.4237
      ...
    1..4
ok 218 - GIR emitter — emitExpr \#record handling
  ---
  duration_ms: 1.4109
  type: 'suite'
  ...
# Subtest: Governance verifier — LLN-GOV-010 intent missing on secure flow
    # Subtest: emits LLN-GOV-010 info when secure flow has no intent in dev mode
    ok 1 - emits LLN-GOV-010 info when secure flow has no intent in dev mode
      ---
      duration_ms: 8.2436
      ...
    # Subtest: LLN-GOV-010 is error severity in production
    ok 2 - LLN-GOV-010 is error severity in production
      ---
      duration_ms: 0.8593
      ...
    # Subtest: does not emit LLN-GOV-010 for pure flow (only secure flows require intent)
    ok 3 - does not emit LLN-GOV-010 for pure flow (only secure flows require intent)
      ---
      duration_ms: 0.6949
      ...
    1..3
ok 219 - Governance verifier — LLN-GOV-010 intent missing on secure flow
  ---
  duration_ms: 11.2387
  type: 'suite'
  ...
# Subtest: Governance verifier — LLN-GOV-002 missing audit for governed sink
    # Subtest: emits LLN-GOV-002 when database.write declared but no audit.write
    ok 1 - emits LLN-GOV-002 when database.write declared but no audit.write
      ---
      duration_ms: 0.7457
      ...
    # Subtest: does not emit LLN-GOV-002 when audit.write is declared
    ok 2 - does not emit LLN-GOV-002 when audit.write is declared
      ---
      duration_ms: 0.9941
      ...
    # Subtest: does not emit LLN-GOV-002 for pure flow (no sinks)
    ok 3 - does not emit LLN-GOV-002 for pure flow (no sinks)
      ---
      duration_ms: 0.856
      ...
    1..3
ok 220 - Governance verifier — LLN-GOV-002 missing audit for governed sink
  ---
  duration_ms: 2.9764
  type: 'suite'
  ...
# Subtest: Governance verifier — proof obligations
    # Subtest: records audit_required obligation when audit.write is declared
    ok 1 - records audit_required obligation when audit.write is declared
      ---
      duration_ms: 1.1256
      ...
    # Subtest: records intent_declared obligation when secure flow has intent
    ok 2 - records intent_declared obligation when secure flow has intent
      ---
      duration_ms: 0.7788
      ...
    # Subtest: intent status is satisfied when secure flow has intent
    ok 3 - intent status is satisfied when secure flow has intent
      ---
      duration_ms: 0.6798
      ...
    1..3
ok 221 - Governance verifier — proof obligations
  ---
  duration_ms: 3.1576
  type: 'suite'
  ...
# Subtest: Governance verifier — LLN-GOV-004 denied target
    # Subtest: emits LLN-GOV-004 when remote.execution denied but network.outbound declared
    ok 1 - emits LLN-GOV-004 when remote.execution denied but network.outbound declared
      ---
      duration_ms: 0.659
      ...
    1..1
ok 222 - Governance verifier — LLN-GOV-004 denied target
  ---
  duration_ms: 0.7757
  type: 'suite'
  ...
# Subtest: Governance verifier — LLN-GOV-011 unknown contract set
    # Subtest: emits LLN-GOV-011 when use references an undeclared contract set
    ok 1 - emits LLN-GOV-011 when use references an undeclared contract set
      ---
      duration_ms: 0.5027
      ...
    # Subtest: LLN-GOV-011 is error severity
    ok 2 - LLN-GOV-011 is error severity
      ---
      duration_ms: 0.3953
      ...
    # Subtest: does not emit LLN-GOV-011 when contract set is declared
    ok 3 - does not emit LLN-GOV-011 when contract set is declared
      ---
      duration_ms: 0.5964
      ...
    # Subtest: LLN-GOV-011 constant has correct code
    ok 4 - LLN-GOV-011 constant has correct code
      ---
      duration_ms: 0.1679
      ...
    1..4
ok 223 - Governance verifier — LLN-GOV-011 unknown contract set
  ---
  duration_ms: 1.9557
  type: 'suite'
  ...
# Subtest: Governance verifier — LLN-GOV-012 contract set requirement not met
    # Subtest: emits LLN-GOV-012 when contract set has audit requirement and flow lacks audit.write
    ok 1 - emits LLN-GOV-012 when contract set has audit requirement and flow lacks audit.write
      ---
      duration_ms: 0.6306
      ...
    # Subtest: LLN-GOV-012 is warning severity
    ok 2 - LLN-GOV-012 is warning severity
      ---
      duration_ms: 0.458
      ...
    # Subtest: does not emit LLN-GOV-012 when flow declares audit.write
    ok 3 - does not emit LLN-GOV-012 when flow declares audit.write
      ---
      duration_ms: 0.309
      ...
    # Subtest: does not emit LLN-GOV-012 when contract set audit block is empty
    ok 4 - does not emit LLN-GOV-012 when contract set audit block is empty
      ---
      duration_ms: 0.3331
      ...
    # Subtest: LLN-GOV-012 constant has correct code
    ok 5 - LLN-GOV-012 constant has correct code
      ---
      duration_ms: 0.0755
      ...
    1..5
ok 224 - Governance verifier — LLN-GOV-012 contract set requirement not met
  ---
  duration_ms: 1.9936
  type: 'suite'
  ...
# Subtest: Governance verifier — runtime integration
    # Subtest: run() includes governanceDiagnostics in result
    ok 1 - run() includes governanceDiagnostics in result
      ---
      duration_ms: 8.4748
      ...
    # Subtest: check-only mode still produces governanceDiagnostics
    ok 2 - check-only mode still produces governanceDiagnostics
      ---
      duration_ms: 3.306
      ...
    # Subtest: production mode generates proofChain
    ok 3 - production mode generates proofChain
      ---
      duration_ms: 2.2032
      ...
    # Subtest: dev mode does not generate proofChain
    ok 4 - dev mode does not generate proofChain
      ---
      duration_ms: 1.1212
      ...
    1..4
ok 225 - Governance verifier — runtime integration
  ---
  duration_ms: 15.3947
  type: 'suite'
  ...
# Subtest: Governance verifier — LLN-GOV-003 response contract violation
    # Subtest: emits LLN-GOV-003 when a denied field appears in the response body
    ok 1 - emits LLN-GOV-003 when a denied field appears in the response body
      ---
      duration_ms: 1.5293
      ...
    # Subtest: does not emit LLN-GOV-003 when only allowed fields are returned
    ok 2 - does not emit LLN-GOV-003 when only allowed fields are returned
      ---
      duration_ms: 0.9159
      ...
    # Subtest: does not emit LLN-GOV-003 when there is no response section in the contract
    ok 3 - does not emit LLN-GOV-003 when there is no response section in the contract
      ---
      duration_ms: 0.7212
      ...
    # Subtest: LLN-GOV-003 constant has correct code and name
    ok 4 - LLN-GOV-003 constant has correct code and name
      ---
      duration_ms: 0.1518
      ...
    1..4
ok 226 - Governance verifier — LLN-GOV-003 response contract violation
  ---
  duration_ms: 3.5622
  type: 'suite'
  ...
# Subtest: Governance verifier — LLN-CONTEXT-001 required context not accessed
    # Subtest: emits LLN-CONTEXT-001 when context requires actor but body never accesses it
    ok 1 - emits LLN-CONTEXT-001 when context requires actor but body never accesses it
      ---
      duration_ms: 1.6234
      ...
    # Subtest: does not emit LLN-CONTEXT-001 when context.actor is accessed in body
    ok 2 - does not emit LLN-CONTEXT-001 when context.actor is accessed in body
      ---
      duration_ms: 0.4018
      ...
    # Subtest: does not emit LLN-CONTEXT-001 when there is no context section in the contract
    ok 3 - does not emit LLN-CONTEXT-001 when there is no context section in the contract
      ---
      duration_ms: 0.4417
      ...
    # Subtest: LLN-CONTEXT-001 is warning severity
    ok 4 - LLN-CONTEXT-001 is warning severity
      ---
      duration_ms: 0.4963
      ...
    # Subtest: LLN-CONTEXT-001 constant has correct code and name
    ok 5 - LLN-CONTEXT-001 constant has correct code and name
      ---
      duration_ms: 0.11
      ...
    1..5
ok 227 - Governance verifier — LLN-CONTEXT-001 required context not accessed
  ---
  duration_ms: 3.2853
  type: 'suite'
  ...
# Subtest: createGovernedMemory
    # Subtest: returns a GovernedMemory object with expected methods
    ok 1 - returns a GovernedMemory object with expected methods
      ---
      duration_ms: 1.2117
      ...
    # Subtest: starts with empty registry
    ok 2 - starts with empty registry
      ---
      duration_ms: 0.2872
      ...
    1..2
ok 228 - createGovernedMemory
  ---
  duration_ms: 2.8239
  type: 'suite'
  ...
# Subtest: register
    # Subtest: returns a tag with id, ownerFlow, qualifier, and baseType
    ok 1 - returns a tag with id, ownerFlow, qualifier, and baseType
      ---
      duration_ms: 1.2965
      ...
    # Subtest: assigns unique IDs to separate registrations
    ok 2 - assigns unique IDs to separate registrations
      ---
      duration_ms: 0.4929
      ...
    # Subtest: supports redacted qualifier
    ok 3 - supports redacted qualifier
      ---
      duration_ms: 0.1974
      ...
    1..3
ok 229 - register
  ---
  duration_ms: 2.401
  type: 'suite'
  ...
# Subtest: access and getAccessLog
    # Subtest: records an access in the access log
    ok 1 - records an access in the access log
      ---
      duration_ms: 0.5087
      ...
    # Subtest: records multiple accesses in order
    ok 2 - records multiple accesses in order
      ---
      duration_ms: 0.5944
      ...
    # Subtest: returns empty array for unknown id
    ok 3 - returns empty array for unknown id
      ---
      duration_ms: 1.7682
      ...
    # Subtest: access on unknown id is a no-op
    ok 4 - access on unknown id is a no-op
      ---
      duration_ms: 0.4737
      ...
    1..4
ok 230 - access and getAccessLog
  ---
  duration_ms: 4.0326
  type: 'suite'
  ...
# Subtest: getAll
    # Subtest: returns all registered values
    ok 1 - returns all registered values
      ---
      duration_ms: 0.4073
      ...
    # Subtest: reflects access log updates in getAll
    ok 2 - reflects access log updates in getAll
      ---
      duration_ms: 0.2443
      ...
    1..2
ok 231 - getAll
  ---
  duration_ms: 0.8175
  type: 'suite'
  ...
# Subtest: canAccess
    # Subtest: returns true for any flow (Phase 11D placeholder)
    ok 1 - returns true for any flow (Phase 11D placeholder)
      ---
      duration_ms: 0.1698
      ...
    1..1
ok 232 - canAccess
  ---
  duration_ms: 0.2715
  type: 'suite'
  ...
# Subtest: resolveImports — basic import parsing
    # Subtest: returns empty result for AST with no import declarations
    ok 1 - returns empty result for AST with no import declarations
      ---
      duration_ms: 4.5743
      ...
    # Subtest: resolves a single named import from @logicn/core-types
    ok 2 - resolves a single named import from @logicn/core-types
      ---
      duration_ms: 0.919
      ...
    # Subtest: resolves PatientId and NhsNumber from @logicn/healthcare-types
    ok 3 - resolves PatientId and NhsNumber from @logicn/healthcare-types
      ---
      duration_ms: 0.7475
      ...
    # Subtest: classifies EmbeddingModel as a value (not a type) from @logicn/ai-types
    ok 4 - classifies EmbeddingModel as a value (not a type) from @logicn/ai-types
      ---
      duration_ms: 0.4454
      ...
    # Subtest: resolves multiple symbols from @logicn/ai-types
    ok 5 - resolves multiple symbols from @logicn/ai-types
      ---
      duration_ms: 0.4373
      ...
    # Subtest: accepts imports from external/unknown modules without errors
    ok 6 - accepts imports from external/unknown modules without errors
      ---
      duration_ms: 0.275
      ...
    # Subtest: resolves PatientsDB as a value from @logicn/healthcare-types
    ok 7 - resolves PatientsDB as a value from @logicn/healthcare-types
      ---
      duration_ms: 1.4881
      ...
    # Subtest: resolves Actor and TraceId from @logicn/identity-types
    ok 8 - resolves Actor and TraceId from @logicn/identity-types
      ---
      duration_ms: 0.398
      ...
    1..8
ok 233 - resolveImports — basic import parsing
  ---
  duration_ms: 11.0512
  type: 'suite'
  ...
# Subtest: Type checker — imported types do not emit LLN-TYPE-001
    # Subtest: no LLN-TYPE-001 for Email when passed as importedTypes
    ok 1 - no LLN-TYPE-001 for Email when passed as importedTypes
      ---
      duration_ms: 2.8497
      ...
    # Subtest: emits LLN-TYPE-001 for Email when NOT passed as importedTypes
    ok 2 - emits LLN-TYPE-001 for Email when NOT passed as importedTypes
      ---
      duration_ms: 1.0829
      ...
    # Subtest: no LLN-TYPE-001 for PatientId (built-in after Phase 11E)
    ok 3 - no LLN-TYPE-001 for PatientId (built-in after Phase 11E)
      ---
      duration_ms: 0.5197
      ...
    # Subtest: no LLN-TYPE-001 for AiError (built-in after Phase 11E)
    ok 4 - no LLN-TYPE-001 for AiError (built-in after Phase 11E)
      ---
      duration_ms: 0.4919
      ...
    # Subtest: no LLN-TYPE-001 for Label (built-in after Phase 11E)
    ok 5 - no LLN-TYPE-001 for Label (built-in after Phase 11E)
      ---
      duration_ms: 0.4372
      ...
    # Subtest: no LLN-TYPE-001 for RiskScore (built-in after Phase 11E)
    ok 6 - no LLN-TYPE-001 for RiskScore (built-in after Phase 11E)
      ---
      duration_ms: 0.4488
      ...
    # Subtest: no LLN-TYPE-001 for importedTypes passed explicitly to checkTypes
    ok 7 - no LLN-TYPE-001 for importedTypes passed explicitly to checkTypes
      ---
      duration_ms: 0.2934
      ...
    1..7
ok 234 - Type checker — imported types do not emit LLN-TYPE-001
  ---
  duration_ms: 6.6077
  type: 'suite'
  ...
# Subtest: Symbol resolver — imported value names do not emit LLN-NAME-001
    # Subtest: no LLN-NAME-001 for PatientDB (in STANDARD_PRELUDE after Phase 11E)
    ok 1 - no LLN-NAME-001 for PatientDB (in STANDARD_PRELUDE after Phase 11E)
      ---
      duration_ms: 1.6836
      ...
    # Subtest: no LLN-NAME-001 for EmbeddingModel (in STANDARD_PRELUDE after Phase 11E)
    ok 2 - no LLN-NAME-001 for EmbeddingModel (in STANDARD_PRELUDE after Phase 11E)
      ---
      duration_ms: 0.4059
      ...
    # Subtest: no LLN-NAME-001 for an imported value name passed explicitly
    ok 3 - no LLN-NAME-001 for an imported value name passed explicitly
      ---
      duration_ms: 0.3858
      ...
    # Subtest: LLN-NAME-001 is still emitted for genuinely undeclared names
    ok 4 - LLN-NAME-001 is still emitted for genuinely undeclared names
      ---
      duration_ms: 0.2349
      ...
    1..4
ok 235 - Symbol resolver — imported value names do not emit LLN-NAME-001
  ---
  duration_ms: 2.9069
  type: 'suite'
  ...
# Subtest: Import resolver — end-to-end pipeline integration
    # Subtest: full pipeline: import Email from @logicn/core-types → no LLN-TYPE-001 for Email
    ok 1 - full pipeline: import Email from @logicn/core-types → no LLN-TYPE-001 for Email
      ---
      duration_ms: 0.404
      ...
    # Subtest: full pipeline: import { PatientId } from @logicn/healthcare-types → no type errors
    ok 2 - full pipeline: import { PatientId } from @logicn/healthcare-types → no type errors
      ---
      duration_ms: 0.4713
      ...
    # Subtest: full pipeline: import AiError from @logicn/ai-types → no type errors
    ok 3 - full pipeline: import AiError from @logicn/ai-types → no type errors
      ---
      duration_ms: 0.3554
      ...
    1..3
ok 236 - Import resolver — end-to-end pipeline integration
  ---
  duration_ms: 1.3772
  type: 'suite'
  ...
# Subtest: Interpreter - assignStmt (Phase 11A.4)
    # Subtest: assigns to a mut binding and returns updated value
    ok 1 - assigns to a mut binding and returns updated value
      ---
      duration_ms: 10.6472
      ...
    # Subtest: assigns accumulated value through multiple reassignments
    ok 2 - assigns accumulated value through multiple reassignments
      ---
      duration_ms: 1.3577
      ...
    # Subtest: assigns expression result to a mut binding
    ok 3 - assigns expression result to a mut binding
      ---
      duration_ms: 2.9614
      ...
    # Subtest: assignment to undeclared binding produces runtime diagnostic
    ok 4 - assignment to undeclared binding produces runtime diagnostic
      ---
      duration_ms: 0.7048
      ...
    1..4
ok 237 - Interpreter - assignStmt (Phase 11A.4)
  ---
  duration_ms: 17.2911
  type: 'suite'
  ...
# Subtest: Interpreter - whileStmt (Phase 12A)
    # Subtest: counts up with while loop
    ok 1 - counts up with while loop
      ---
      duration_ms: 1.2797
      ...
    # Subtest: while loop that never executes leaves value unchanged
    ok 2 - while loop that never executes leaves value unchanged
      ---
      duration_ms: 0.5544
      ...
    # Subtest: while loop accumulates a sum
    ok 3 - while loop accumulates a sum
      ---
      duration_ms: 1.0125
      ...
    # Subtest: while loop with max iteration guard emits LLN-RUNTIME-005
    ok 4 - while loop with max iteration guard emits LLN-RUNTIME-005
      ---
      duration_ms: 1515.6435
      ...
    1..4
ok 238 - Interpreter - whileStmt (Phase 12A)
  ---
  duration_ms: 1518.8247
  type: 'suite'
  ...
# Subtest: Interpreter - forEachStmt (Phase 12A)
    # Subtest: iterates over a list and counts iterations
    ok 1 - iterates over a list and counts iterations
      ---
      duration_ms: 1.0542
      ...
    # Subtest: for-each loop over empty list executes zero times
    ok 2 - for-each loop over empty list executes zero times
      ---
      duration_ms: 0.5042
      ...
    # Subtest: for-each loop can access loop variable
    ok 3 - for-each loop can access loop variable
      ---
      duration_ms: 0.2894
      ...
    # Subtest: for-each loop over a variable holding a list
    ok 4 - for-each loop over a variable holding a list
      ---
      duration_ms: 0.3402
      ...
    1..4
ok 239 - Interpreter - forEachStmt (Phase 12A)
  ---
  duration_ms: 2.4209
  type: 'suite'
  ...
# Subtest: Interpreter - basic execution
    # Subtest: exports canonical void and none constants
    ok 1 - exports canonical void and none constants
      ---
      duration_ms: 1.0801
      ...
    # Subtest: returns a string literal from a pure flow
    ok 2 - returns a string literal from a pure flow
      ---
      duration_ms: 8.6976
      ...
    # Subtest: evaluates arithmetic with parameters
    ok 3 - evaluates arithmetic with parameters
      ---
      duration_ms: 2.699
      ...
    # Subtest: returns an integer literal from a pure flow
    ok 4 - returns an integer literal from a pure flow
      ---
      duration_ms: 0.7464
      ...
    # Subtest: evaluates arithmetic without parameters
    ok 5 - evaluates arithmetic without parameters
      ---
      duration_ms: 0.5457
      ...
    # Subtest: concatenates strings
    ok 6 - concatenates strings
      ---
      duration_ms: 0.5854
      ...
    # Subtest: executes if branches
    ok 7 - executes if branches
      ---
      duration_ms: 1.5995
      ...
    # Subtest: registers let bindings
    ok 8 - registers let bindings
      ---
      duration_ms: 1.8997
      ...
    # Subtest: uses a let binding in return
    ok 9 - uses a let binding in return
      ---
      duration_ms: 1.1854
      ...
    # Subtest: executes an if true branch
    ok 10 - executes an if true branch
      ---
      duration_ms: 1.0833
      ...
    # Subtest: executes an if false branch
    ok 11 - executes an if false branch
      ---
      duration_ms: 0.4971
      ...
    # Subtest: matches on bool literals
    ok 12 - matches on bool literals
      ---
      duration_ms: 1.1941
      ...
    # Subtest: matches on None
    ok 13 - matches on None
      ---
      duration_ms: 0.491
      ...
    # Subtest: matches on Some and binds the inner value
    ok 14 - matches on Some and binds the inner value
      ---
      duration_ms: 1.3472
      ...
    # Subtest: matches on Ok and unwraps the value
    ok 15 - matches on Ok and unwraps the value
      ---
      duration_ms: 0.4801
      ...
    # Subtest: passes flow parameters
    ok 16 - passes flow parameters
      ---
      duration_ms: 0.4215
      ...
    # Subtest: executes nested pure flow calls
    ok 17 - executes nested pure flow calls
      ---
      duration_ms: 1.6067
      ...
    1..17
ok 240 - Interpreter - basic execution
  ---
  duration_ms: 28.5752
  type: 'suite'
  ...
# Subtest: Interpreter - Result and audit
    # Subtest: propagates Err values with the postfix ? operator
    ok 1 - propagates Err values with the postfix ? operator
      ---
      duration_ms: 1.5515
      ...
    # Subtest: unwraps Ok values with postfix ? before returning
    ok 2 - unwraps Ok values with postfix ? before returning
      ---
      duration_ms: 1.5762
      ...
    # Subtest: emits the runtime audit schema
    ok 3 - emits the runtime audit schema
      ---
      duration_ms: 0.4011
      ...
    # Subtest: records AuditLog.write calls
    ok 4 - records AuditLog.write calls
      ---
      duration_ms: 3.7175
      ...
    # Subtest: records AuditLog.write block-style calls
    ok 5 - records AuditLog.write block-style calls
      ---
      duration_ms: 1.0575
      ...
    # Subtest: validate gate wraps a value in protected
    ok 6 - validate gate wraps a value in protected
      ---
      duration_ms: 3.4603
      ...
    # Subtest: masks protected values in console output
    ok 7 - masks protected values in console output
      ---
      duration_ms: 1.3695
      ...
    1..7
ok 241 - Interpreter - Result and audit
  ---
  duration_ms: 13.6033
  type: 'suite'
  ...
# Subtest: Stdlib — Duration operations
    # Subtest: Duration.ofMs creates a duration record with correct seconds
    ok 1 - Duration.ofMs creates a duration record with correct seconds
      ---
      duration_ms: 0.9501
      ...
    # Subtest: Duration.ofMinutes produces a string with time units
    ok 2 - Duration.ofMinutes produces a string with time units
      ---
      duration_ms: 0.6047
      ...
    1..2
ok 242 - Stdlib — Duration operations
  ---
  duration_ms: 1.7176
  type: 'suite'
  ...
# Subtest: Stdlib — Array extended operations
    # Subtest: Array.range generates a range of correct length
    ok 1 - Array.range generates a range of correct length
      ---
      duration_ms: 0.6779
      ...
    # Subtest: Array.take returns first N elements
    ok 2 - Array.take returns first N elements
      ---
      duration_ms: 0.8031
      ...
    # Subtest: Array.zip creates pairs of correct length
    ok 3 - Array.zip creates pairs of correct length
      ---
      duration_ms: 1.471
      ...
    # Subtest: Array.sort returns smallest element first
    ok 4 - Array.sort returns smallest element first
      ---
      duration_ms: 1.0509
      ...
    # Subtest: Array.distinct removes duplicates
    ok 5 - Array.distinct removes duplicates
      ---
      duration_ms: 0.7018
      ...
    1..5
ok 243 - Stdlib — Array extended operations
  ---
  duration_ms: 5.0243
  type: 'suite'
  ...
# Subtest: Stdlib — String extended operations
    # Subtest: String.charAt returns Some for valid index
    ok 1 - String.charAt returns Some for valid index
      ---
      duration_ms: 0.5826
      ...
    # Subtest: String.indexOf returns position of substring
    ok 2 - String.indexOf returns position of substring
      ---
      duration_ms: 0.4616
      ...
    # Subtest: String.padStart pads with zeros to target length
    ok 3 - String.padStart pads with zeros to target length
      ---
      duration_ms: 0.4118
      ...
    # Subtest: String.repeat returns repeated string
    ok 4 - String.repeat returns repeated string
      ---
      duration_ms: 2.3648
      ...
    # Subtest: String.fromChar converts single char to string
    ok 5 - String.fromChar converts single char to string
      ---
      duration_ms: 0.8172
      ...
    1..5
ok 244 - Stdlib — String extended operations
  ---
  duration_ms: 5.0284
  type: 'suite'
  ...
# Subtest: Stdlib — Numeric formatting
    # Subtest: Int.toString converts integer to string
    ok 1 - Int.toString converts integer to string
      ---
      duration_ms: 0.6182
      ...
    # Subtest: toFixed formats float to 2 decimal places
    ok 2 - toFixed formats float to 2 decimal places
      ---
      duration_ms: 0.4918
      ...
    # Subtest: Math.pow computes 2^10
    ok 3 - Math.pow computes 2^10
      ---
      duration_ms: 0.4022
      ...
    # Subtest: Math.sqrt of 4 returns 2
    ok 4 - Math.sqrt of 4 returns 2
      ---
      duration_ms: 0.3306
      ...
    # Subtest: clamp restricts value to range
    ok 5 - clamp restricts value to range
      ---
      duration_ms: 0.414
      ...
    1..5
ok 245 - Stdlib — Numeric formatting
  ---
  duration_ms: 2.5069
  type: 'suite'
  ...
# Subtest: Stdlib — Map extended operations
    # Subtest: Map.entries returns both key-value pairs
    ok 1 - Map.entries returns both key-value pairs
      ---
      duration_ms: 0.7701
      ...
    # Subtest: Map.merge combines two maps into one
    ok 2 - Map.merge combines two maps into one
      ---
      duration_ms: 0.6229
      ...
    1..2
ok 246 - Stdlib — Map extended operations
  ---
  duration_ms: 1.646
  type: 'suite'
  ...
# Subtest: Stdlib — Result/Option combinators
    # Subtest: Result.sequence on all Ok returns Ok Array
    ok 1 - Result.sequence on all Ok returns Ok Array
      ---
      duration_ms: 0.634
      ...
    # Subtest: Result.sequence short-circuits on first Err
    ok 2 - Result.sequence short-circuits on first Err
      ---
      duration_ms: 0.495
      ...
    # Subtest: Option.sequence on all Some returns Some Array
    ok 3 - Option.sequence on all Some returns Some Array
      ---
      duration_ms: 0.6816
      ...
    1..3
ok 247 - Stdlib — Result/Option combinators
  ---
  duration_ms: 1.9542
  type: 'suite'
  ...
# Subtest: Stdlib — Error type constructors
    # Subtest: ApiError.notFound creates a record with HTTP status 404
    ok 1 - ApiError.notFound creates a record with HTTP status 404
      ---
      duration_ms: 0.8501
      ...
    # Subtest: ApiError.badRequest creates a record with HTTP status 400
    ok 2 - ApiError.badRequest creates a record with HTTP status 400
      ---
      duration_ms: 0.3696
      ...
    1..2
ok 248 - Stdlib — Error type constructors
  ---
  duration_ms: 1.3494
  type: 'suite'
  ...
# Subtest: Lexer — keyword table
    # Subtest: active keywords include the three valid flow qualifiers
    ok 1 - active keywords include the three valid flow qualifiers
      ---
      duration_ms: 2.6681
      ...
    # Subtest: active keywords include binding keywords
    ok 2 - active keywords include binding keywords
      ---
      duration_ms: 0.2159
      ...
    # Subtest: active keywords include value-state keywords
    ok 3 - active keywords include value-state keywords
      ---
      duration_ms: 0.1607
      ...
    # Subtest: active keywords include trust and secrecy state markers
    ok 4 - active keywords include trust and secrecy state markers
      ---
      duration_ms: 0.2949
      ...
    # Subtest: active keywords include flow sub-declaration keywords
    ok 5 - active keywords include flow sub-declaration keywords
      ---
      duration_ms: 0.1806
      ...
    # Subtest: active keywords include v1 route, fn, qualifier, governance, record, and target words
    ok 6 - active keywords include v1 route, fn, qualifier, governance, record, and target words
      ---
      duration_ms: 0.1688
      ...
    # Subtest: active keywords and future-reserved keywords do not overlap
    ok 7 - active keywords and future-reserved keywords do not overlap
      ---
      duration_ms: 0.9218
      ...
    # Subtest: future-reserved set includes async and await
    ok 8 - future-reserved set includes async and await
      ---
      duration_ms: 0.3114
      ...
    # Subtest: safe, unsafe, guard are NOT listed as flow qualifiers in future-reserved
    ok 9 - safe, unsafe, guard are NOT listed as flow qualifiers in future-reserved
      ---
      duration_ms: 0.3633
      ...
    1..9
ok 249 - Lexer — keyword table
  ---
  duration_ms: 7.5008
  type: 'suite'
  ...
# Subtest: Lexer — token production
    # Subtest: produces an eof token for empty source
    ok 1 - produces an eof token for empty source
      ---
      duration_ms: 1.1664
      ...
    # Subtest: classifies keywords correctly
    ok 2 - classifies keywords correctly
      ---
      duration_ms: 0.74
      ...
    # Subtest: classifies new v1 reserved words as keywords
    ok 3 - classifies new v1 reserved words as keywords
      ---
      duration_ms: 0.2985
      ...
    # Subtest: does not classify new v1 reserved words as identifiers
    ok 4 - does not classify new v1 reserved words as identifiers
      ---
      duration_ms: 0.1717
      ...
    # Subtest: classifies identifiers that are not keywords
    ok 5 - classifies identifiers that are not keywords
      ---
      duration_ms: 0.1766
      ...
    # Subtest: tokenises string literals
    ok 6 - tokenises string literals
      ---
      duration_ms: 0.1627
      ...
    # Subtest: tokenises char literals
    ok 7 - tokenises char literals
      ---
      duration_ms: 0.1423
      ...
    # Subtest: reports LLN-CHAR-003 for an empty char literal
    ok 8 - reports LLN-CHAR-003 for an empty char literal
      ---
      duration_ms: 0.1768
      ...
    # Subtest: reports LLN-PARSE-003 for unterminated string
    ok 9 - reports LLN-PARSE-003 for unterminated string
      ---
      duration_ms: 0.1368
      ...
    # Subtest: tokenises integers and decimal numbers
    ok 10 - tokenises integers and decimal numbers
      ---
      duration_ms: 0.1605
      ...
    # Subtest: tokenises hex number literals
    ok 11 - tokenises hex number literals
      ---
      duration_ms: 0.2928
      ...
    # Subtest: tokenises binary number literals
    ok 12 - tokenises binary number literals
      ---
      duration_ms: 0.1461
      ...
    # Subtest: tokenises octal number literals
    ok 13 - tokenises octal number literals
      ---
      duration_ms: 0.1212
      ...
    # Subtest: keeps a Byte hex initializer as an operator followed by one number token
    ok 14 - keeps a Byte hex initializer as an operator followed by one number token
      ---
      duration_ms: 0.1781
      ...
    # Subtest: tokenises two-char operators
    ok 15 - tokenises two-char operators
      ---
      duration_ms: 0.2516
      ...
    # Subtest: tokenises single-char operators and symbols
    ok 16 - tokenises single-char operators and symbols
      ---
      duration_ms: 0.1672
      ...
    # Subtest: tokenises line comments
    ok 17 - tokenises line comments
      ---
      duration_ms: 0.144
      ...
    # Subtest: tokenises doc comments
    ok 18 - tokenises doc comments
      ---
      duration_ms: 0.1269
      ...
    # Subtest: tracks line and column numbers
    ok 19 - tracks line and column numbers
      ---
      duration_ms: 0.1448
      ...
    # Subtest: records byte offsets (start/end)
    ok 20 - records byte offsets (start/end)
      ---
      duration_ms: 0.2226
      ...
    # Subtest: emits LLN-SYNTAX-003 for future-reserved keywords
    ok 21 - emits LLN-SYNTAX-003 for future-reserved keywords
      ---
      duration_ms: 0.1456
      ...
    # Subtest: produces eof token at the correct position
    ok 22 - produces eof token at the correct position
      ---
      duration_ms: 0.1083
      ...
    1..22
ok 250 - Lexer — token production
  ---
  duration_ms: 6.2641
  type: 'suite'
  ...
# Subtest: Lexer — endLine / endColumn source ranges
    # Subtest: single-line token: endLine === line, endColumn === column + value.length
    ok 1 - single-line token: endLine === line, endColumn === column + value.length
      ---
      duration_ms: 0.1925
      ...
    # Subtest: eof token has endLine and endColumn equal to its position
    ok 2 - eof token has endLine and endColumn equal to its position
      ---
      duration_ms: 0.1192
      ...
    # Subtest: multi-word source: second token has correct start position
    ok 3 - multi-word source: second token has correct start position
      ---
      duration_ms: 0.1377
      ...
    # Subtest: token on second line has correct line/endLine
    ok 4 - token on second line has correct line/endLine
      ---
      duration_ms: 0.1382
      ...
    1..4
ok 251 - Lexer — endLine / endColumn source ranges
  ---
  duration_ms: 0.7761
  type: 'suite'
  ...
# Subtest: Lexer — LLN-LEX-001 excessive generic nesting
    # Subtest: exports LLN_LEX_001 with correct code
    ok 1 - exports LLN_LEX_001 with correct code
      ---
      duration_ms: 0.15
      ...
    # Subtest: does not emit LLN-LEX-001 for 8 levels of nesting
    ok 2 - does not emit LLN-LEX-001 for 8 levels of nesting
      ---
      duration_ms: 0.1339
      ...
    # Subtest: emits LLN-LEX-001 when nesting exceeds 8 levels
    ok 3 - emits LLN-LEX-001 when nesting exceeds 8 levels
      ---
      duration_ms: 0.2092
      ...
    1..3
ok 252 - Lexer — LLN-LEX-001 excessive generic nesting
  ---
  duration_ms: 0.7991
  type: 'suite'
  ...
# Subtest: Lexer — LLN-LEX-002 oversized token
    # Subtest: exports LLN_LEX_002 with correct code
    ok 1 - exports LLN_LEX_002 with correct code
      ---
      duration_ms: 0.1521
      ...
    # Subtest: emits LLN-LEX-002 for an identifier exceeding 10,000 chars
    ok 2 - emits LLN-LEX-002 for an identifier exceeding 10,000 chars
      ---
      duration_ms: 2.3911
      ...
    # Subtest: does not emit LLN-LEX-002 for an identifier of exactly 10,000 chars
    ok 3 - does not emit LLN-LEX-002 for an identifier of exactly 10,000 chars
      ---
      duration_ms: 1.3162
      ...
    # Subtest: emits LLN-LEX-002 for a string literal body exceeding 10,000 chars
    ok 4 - emits LLN-LEX-002 for a string literal body exceeding 10,000 chars
      ---
      duration_ms: 1.5786
      ...
    1..4
ok 253 - Lexer — LLN-LEX-002 oversized token
  ---
  duration_ms: 5.6969
  type: 'suite'
  ...
# Subtest: Lexer — LLN-LEX-003 unicode escape sequences
    # Subtest: exports LLN_LEX_003 with correct code
    ok 1 - exports LLN_LEX_003 with correct code
      ---
      duration_ms: 0.3285
      ...
    # Subtest: correctly lexes \\u{1F600} (emoji code point)
    ok 2 - correctly lexes \\u{1F600} (emoji code point)
      ---
      duration_ms: 0.3195
      ...
    # Subtest: correctly lexes \\u0041 (BMP 4-digit form, letter A)
    ok 3 - correctly lexes \\u0041 (BMP 4-digit form, letter A)
      ---
      duration_ms: 0.212
      ...
    # Subtest: emits LLN-LEX-003 for \\u{} with no hex digits
    ok 4 - emits LLN-LEX-003 for \\u{} with no hex digits
      ---
      duration_ms: 0.2076
      ...
    # Subtest: emits LLN-LEX-003 for \\u{FFFFFF1} — code point out of range
    ok 5 - emits LLN-LEX-003 for \\u{FFFFFF1} — code point out of range
      ---
      duration_ms: 0.1413
      ...
    # Subtest: emits LLN-LEX-003 for \\u with only 2 hex digits (invalid 4-digit form)
    ok 6 - emits LLN-LEX-003 for \\u with only 2 hex digits (invalid 4-digit form)
      ---
      duration_ms: 0.149
      ...
    # Subtest: correctly lexes multiple unicode escapes in one string
    ok 7 - correctly lexes multiple unicode escapes in one string
      ---
      duration_ms: 0.171
      ...
    1..7
ok 254 - Lexer — LLN-LEX-003 unicode escape sequences
  ---
  duration_ms: 1.8371
  type: 'suite'
  ...
# Subtest: Parser Phase 16 — authority blocks
    # Subtest: authority block at top level produces authorityDecl node
    ok 1 - authority block at top level produces authorityDecl node
      ---
      duration_ms: 3.246
      ...
    # Subtest: authority block stores target as identifier child
    ok 2 - authority block stores target as identifier child
      ---
      duration_ms: 0.3821
      ...
    # Subtest: authority block with reason clause stores reason text as stringLiteral child
    ok 3 - authority block with reason clause stores reason text as stringLiteral child
      ---
      duration_ms: 0.3147
      ...
    # Subtest: authority block stores audit clause
    ok 4 - authority block stores audit clause
      ---
      duration_ms: 0.3456
      ...
    # Subtest: authority block stores require clause as effectRef
    ok 5 - authority block stores require clause as effectRef
      ---
      duration_ms: 0.2962
      ...
    # Subtest: authority block inside a flow declaration is parsed structurally
    ok 6 - authority block inside a flow declaration is parsed structurally
      ---
      duration_ms: 1.8312
      ...
    1..6
ok 255 - Parser Phase 16 — authority blocks
  ---
  duration_ms: 8.2026
  type: 'suite'
  ...
# Subtest: Parser Phase 16 — policy blocks
    # Subtest: policy block at top level produces policyDecl node
    ok 1 - policy block at top level produces policyDecl node
      ---
      duration_ms: 2.3717
      ...
    # Subtest: policy block stores purpose clause
    ok 2 - policy block stores purpose clause
      ---
      duration_ms: 0.5741
      ...
    # Subtest: policy block stores allow clause with action
    ok 3 - policy block stores allow clause with action
      ---
      duration_ms: 0.5818
      ...
    # Subtest: policy block stores deny clause
    ok 4 - policy block stores deny clause
      ---
      duration_ms: 0.5539
      ...
    # Subtest: policy block stores require clause as effectRef
    ok 5 - policy block stores require clause as effectRef
      ---
      duration_ms: 0.259
      ...
    # Subtest: policy block inside a flow is parsed structurally
    ok 6 - policy block inside a flow is parsed structurally
      ---
      duration_ms: 0.3894
      ...
    1..6
ok 256 - Parser Phase 16 — policy blocks
  ---
  duration_ms: 5.2782
  type: 'suite'
  ...
# Subtest: Parser Phase 16 — record spread/update syntax
    # Subtest: record update { ...base, field: value } parses as \#record-update callExpr
    ok 1 - record update { ...base, field: value } parses as \#record-update callExpr
      ---
      duration_ms: 0.5907
      ...
    # Subtest: record update has a spread child and field children
    ok 2 - record update has a spread child and field children
      ---
      duration_ms: 0.4567
      ...
    # Subtest: record update with multiple field overrides
    ok 3 - record update with multiple field overrides
      ---
      duration_ms: 0.4309
      ...
    1..3
ok 257 - Parser Phase 16 — record spread/update syntax
  ---
  duration_ms: 1.6359
  type: 'suite'
  ...
# Subtest: Parser Phase 16 — error recovery
    # Subtest: a bad top-level keyword triggers ONE parse error, not cascading errors
    ok 1 - a bad top-level keyword triggers ONE parse error, not cascading errors
      ---
      duration_ms: 0.4847
      ...
    # Subtest: an unknown keyword followed by valid declarations recovers correctly
    ok 2 - an unknown keyword followed by valid declarations recovers correctly
      ---
      duration_ms: 0.2259
      ...
    # Subtest: multiple valid declarations after a bad one all parse
    ok 3 - multiple valid declarations after a bad one all parse
      ---
      duration_ms: 0.5303
      ...
    1..3
ok 258 - Parser Phase 16 — error recovery
  ---
  duration_ms: 1.3941
  type: 'suite'
  ...
# Subtest: Parser — program root
    # Subtest: returns a program node for empty input
    ok 1 - returns a program node for empty input
      ---
      duration_ms: 1.7282
      ...
    # Subtest: produces no errors for whitespace-only input
    ok 2 - produces no errors for whitespace-only input
      ---
      duration_ms: 0.4021
      ...
    1..2
ok 259 - Parser — program root
  ---
  duration_ms: 3.4781
  type: 'suite'
  ...
# Subtest: Parser — plain flow
    # Subtest: parses a minimal plain flow
    ok 1 - parses a minimal plain flow
      ---
      duration_ms: 2.3798
      ...
    # Subtest: extracts parameter names from plain flow
    ok 2 - extracts parameter names from plain flow
      ---
      duration_ms: 0.4507
      ...
    # Subtest: produces a flowDecl node in the AST
    ok 3 - produces a flowDecl node in the AST
      ---
      duration_ms: 0.4518
      ...
    1..3
ok 260 - Parser — plain flow
  ---
  duration_ms: 3.5876
  type: 'suite'
  ...
# Subtest: Parser — secure flow
    # Subtest: parses a secure flow with effects
    ok 1 - parses a secure flow with effects
      ---
      duration_ms: 1.7413
      ...
    # Subtest: produces a secureFlowDecl node in the AST
    ok 2 - produces a secureFlowDecl node in the AST
      ---
      duration_ms: 0.5927
      ...
    # Subtest: parses effects declaration with dot-path effect names
    ok 3 - parses effects declaration with dot-path effect names
      ---
      duration_ms: 0.8476
      ...
    1..3
ok 261 - Parser — secure flow
  ---
  duration_ms: 3.5794
  type: 'suite'
  ...
# Subtest: Parser — pure flow
    # Subtest: parses a pure flow
    ok 1 - parses a pure flow
      ---
      duration_ms: 0.6076
      ...
    # Subtest: produces a pureFlowDecl node in the AST
    ok 2 - produces a pureFlowDecl node in the AST
      ---
      duration_ms: 0.6324
      ...
    # Subtest: parses generic return type correctly
    ok 3 - parses generic return type correctly
      ---
      duration_ms: 0.302
      ...
    1..3
ok 262 - Parser — pure flow
  ---
  duration_ms: 1.7627
  type: 'suite'
  ...
# Subtest: Parser — let/mut bindings
    # Subtest: parses a let binding inside a flow
    ok 1 - parses a let binding inside a flow
      ---
      duration_ms: 0.2952
      ...
    # Subtest: parses a mut binding inside a flow
    ok 2 - parses a mut binding inside a flow
      ---
      duration_ms: 0.4903
      ...
    # Subtest: parses safety-prefix bindings: unsafe let and safe mut
    ok 3 - parses safety-prefix bindings: unsafe let and safe mut
      ---
      duration_ms: 0.3814
      ...
    1..3
ok 263 - Parser — let/mut bindings
  ---
  duration_ms: 1.4083
  type: 'suite'
  ...
# Subtest: Parser — return statement
    # Subtest: parses bare return
    ok 1 - parses bare return
      ---
      duration_ms: 0.2242
      ...
    # Subtest: parses return with Ok(...) result wrapper
    ok 2 - parses return with Ok(...) result wrapper
      ---
      duration_ms: 0.1989
      ...
    1..2
ok 264 - Parser — return statement
  ---
  duration_ms: 0.5413
  type: 'suite'
  ...
# Subtest: Parser — multiple flows
    # Subtest: parses two flows at program level
    ok 1 - parses two flows at program level
      ---
      duration_ms: 0.2646
      ...
    1..1
ok 265 - Parser — multiple flows
  ---
  duration_ms: 0.3672
  type: 'suite'
  ...
# Subtest: Parser — source location
    # Subtest: attaches location to flow nodes
    ok 1 - attaches location to flow nodes
      ---
      duration_ms: 0.2282
      ...
    1..1
ok 266 - Parser — source location
  ---
  duration_ms: 0.3052
  type: 'suite'
  ...
# Subtest: Parser — error recovery
    # Subtest: recovers after an unexpected token at top level
    ok 1 - recovers after an unexpected token at top level
      ---
      duration_ms: 0.379
      ...
    # Subtest: reports LLN-PARSE-002 when flow qualifier is not followed by flow
    ok 2 - reports LLN-PARSE-002 when flow qualifier is not followed by flow
      ---
      duration_ms: 0.302
      ...
    1..2
ok 267 - Parser — error recovery
  ---
  duration_ms: 0.7975
  type: 'suite'
  ...
# Subtest: Parser — guarded flow
    # Subtest: parses guarded flow to guardedFlowDecl
    ok 1 - parses guarded flow to guardedFlowDecl
      ---
      duration_ms: 0.3427
      ...
    # Subtest: registers guarded flow in FlowMeta with qualifier guarded
    ok 2 - registers guarded flow in FlowMeta with qualifier guarded
      ---
      duration_ms: 0.2753
      ...
    1..2
ok 268 - Parser — guarded flow
  ---
  duration_ms: 0.7616
  type: 'suite'
  ...
# Subtest: Parser — fn helper
    # Subtest: parses fn inside a flow body to fnDecl
    ok 1 - parses fn inside a flow body to fnDecl
      ---
      duration_ms: 0.4459
      ...
    # Subtest: emits LLN-SYNTAX-005 for top-level fn
    ok 2 - emits LLN-SYNTAX-005 for top-level fn
      ---
      duration_ms: 0.2271
      ...
    # Subtest: emits LLN-SEC-014 when fn declares effects
    ok 3 - emits LLN-SEC-014 when fn declares effects
      ---
      duration_ms: 0.2486
      ...
    1..3
ok 269 - Parser — fn helper
  ---
  duration_ms: 1.1128
  type: 'suite'
  ...
# Subtest: Parser — route declaration
    # Subtest: parses a route declaration to routeDecl with method and path in value
    ok 1 - parses a route declaration to routeDecl with method and path in value
      ---
      duration_ms: 0.7148
      ...
    # Subtest: parses GET route to routeDecl
    ok 2 - parses GET route to routeDecl
      ---
      duration_ms: 0.2188
      ...
    1..2
ok 270 - Parser — route declaration
  ---
  duration_ms: 1.06
  type: 'suite'
  ...
# Subtest: Parser — record declaration with fields
    # Subtest: parses record declaration and captures field children
    ok 1 - parses record declaration and captures field children
      ---
      duration_ms: 0.4001
      ...
    1..1
ok 271 - Parser — record declaration with fields
  ---
  duration_ms: 0.4898
  type: 'suite'
  ...
# Subtest: Parser — readonly parameter and binding
    # Subtest: parses readonly parameter prefix
    ok 1 - parses readonly parameter prefix
      ---
      duration_ms: 0.2637
      ...
    # Subtest: parses readonly local binding
    ok 2 - parses readonly local binding
      ---
      duration_ms: 0.2545
      ...
    1..2
ok 272 - Parser — readonly parameter and binding
  ---
  duration_ms: 0.6316
  type: 'suite'
  ...
# Subtest: Parser — char literal
    # Subtest: parses char literals to charLiteral nodes
    ok 1 - parses char literals to charLiteral nodes
      ---
      duration_ms: 0.2122
      ...
    1..1
ok 273 - Parser — char literal
  ---
  duration_ms: 0.3039
  type: 'suite'
  ...
# Subtest: Parser — list literal
    # Subtest: parses empty list literal
    ok 1 - parses empty list literal
      ---
      duration_ms: 0.2383
      ...
    # Subtest: parses list literal with elements
    ok 2 - parses list literal with elements
      ---
      duration_ms: 0.2781
      ...
    1..2
ok 274 - Parser — list literal
  ---
  duration_ms: 0.6459
  type: 'suite'
  ...
# Subtest: Parser — match arm binding variables
    # Subtest: captures binding variable in Some(x) arm as identifier child
    ok 1 - captures binding variable in Some(x) arm as identifier child
      ---
      duration_ms: 0.6132
      ...
    # Subtest: wildcard _ arm has no binding child
    ok 2 - wildcard _ arm has no binding child
      ---
      duration_ms: 0.3718
      ...
    1..2
ok 275 - Parser — match arm binding variables
  ---
  duration_ms: 1.1095
  type: 'suite'
  ...
# Subtest: Parser — protected/redacted type qualifiers
    # Subtest: parses protected Email as typeRef with full qualifier
    ok 1 - parses protected Email as typeRef with full qualifier
      ---
      duration_ms: 0.4303
      ...
    1..1
ok 276 - Parser — protected/redacted type qualifiers
  ---
  duration_ms: 0.5193
  type: 'suite'
  ...
# Subtest: Parser — enum variants captured
    # Subtest: captures all enum variants as enumVariant children
    ok 1 - captures all enum variants as enumVariant children
      ---
      duration_ms: 0.3471
      ...
    1..1
ok 277 - Parser — enum variants captured
  ---
  duration_ms: 0.432
  type: 'suite'
  ...
# Subtest: Parser — contract errors sub-block
    # Subtest: parses errors { returns { ApiError.BadRequest } } without error
    ok 1 - parses errors { returns { ApiError.BadRequest } } without error
      ---
      duration_ms: 1.4946
      ...
    # Subtest: parses errors block with expose and redact nested blocks
    ok 2 - parses errors block with expose and redact nested blocks
      ---
      duration_ms: 0.9082
      ...
    1..2
ok 278 - Parser — contract errors sub-block
  ---
  duration_ms: 2.5685
  type: 'suite'
  ...
# Subtest: Parser — contract timeouts sub-block
    # Subtest: parses timeouts { deadline 5 seconds } without error
    ok 1 - parses timeouts { deadline 5 seconds } without error
      ---
      duration_ms: 0.4269
      ...
    # Subtest: parses timeouts with multiple declarations
    ok 2 - parses timeouts with multiple declarations
      ---
      duration_ms: 0.3044
      ...
    1..2
ok 279 - Parser — contract timeouts sub-block
  ---
  duration_ms: 0.8808
  type: 'suite'
  ...
# Subtest: Parser — contract retries sub-block
    # Subtest: parses retries { network.outbound { attempts 3 } } without error
    ok 1 - parses retries { network.outbound { attempts 3 } } without error
      ---
      duration_ms: 0.3413
      ...
    # Subtest: parses retries with multiple policies
    ok 2 - parses retries with multiple policies
      ---
      duration_ms: 0.2684
      ...
    1..2
ok 280 - Parser — contract retries sub-block
  ---
  duration_ms: 0.7374
  type: 'suite'
  ...
# Subtest: Parser — contract limits sub-block
    # Subtest: parses limits { max request size 5 MB } without error
    ok 1 - parses limits { max request size 5 MB } without error
      ---
      duration_ms: 0.3114
      ...
    # Subtest: parses limits with multiple constraints
    ok 2 - parses limits with multiple constraints
      ---
      duration_ms: 0.25
      ...
    1..2
ok 281 - Parser — contract limits sub-block
  ---
  duration_ms: 0.6801
  type: 'suite'
  ...
# Subtest: Parser — contract privacy sub-block
    # Subtest: parses privacy { contains PII } without error
    ok 1 - parses privacy { contains PII } without error
      ---
      duration_ms: 0.3008
      ...
    # Subtest: parses privacy with multiple declarations
    ok 2 - parses privacy with multiple declarations
      ---
      duration_ms: 0.4385
      ...
    1..2
ok 282 - Parser — contract privacy sub-block
  ---
  duration_ms: 0.8583
  type: 'suite'
  ...
# Subtest: Parser — contract observability sub-block
    # Subtest: parses observability { trace flow } without error
    ok 1 - parses observability { trace flow } without error
      ---
      duration_ms: 0.6869
      ...
    # Subtest: parses observability with multiple declarations
    ok 2 - parses observability with multiple declarations
      ---
      duration_ms: 0.3732
      ...
    1..2
ok 283 - Parser — contract observability sub-block
  ---
  duration_ms: 1.4127
  type: 'suite'
  ...
# Subtest: Parser — all 6 new contract sections together
    # Subtest: parses a contract with all 6 new sections without error
    ok 1 - parses a contract with all 6 new sections without error
      ---
      duration_ms: 0.5293
      ...
    1..1
ok 284 - Parser — all 6 new contract sections together
  ---
  duration_ms: 0.6373
  type: 'suite'
  ...
# Subtest: Parser — contract with named result type
    # Subtest: parses a flow using a named result type alias without error
    ok 1 - parses a flow using a named result type alias without error
      ---
      duration_ms: 0.3976
      ...
    # Subtest: named result type is captured in types sub-block
    ok 2 - named result type is captured in types sub-block
      ---
      duration_ms: 0.4282
      ...
    1..2
ok 285 - Parser — contract with named result type
  ---
  duration_ms: 0.9588
  type: 'suite'
  ...
# Subtest: Proof chain — buildProofChain
    # Subtest: produces lln.execution.proof.v1 schema version
    ok 1 - produces lln.execution.proof.v1 schema version
      ---
      duration_ms: 5.6615
      ...
    # Subtest: produces a non-empty proofId
    ok 2 - produces a non-empty proofId
      ---
      duration_ms: 0.6606
      ...
    # Subtest: produces a generatedAt ISO timestamp
    ok 3 - produces a generatedAt ISO timestamp
      ---
      duration_ms: 0.3383
      ...
    # Subtest: produces five SHA-256 hashes (64 hex chars each)
    ok 4 - produces five SHA-256 hashes (64 hex chars each)
      ---
      duration_ms: 0.4661
      ...
    # Subtest: different sources produce different artefact hashes
    ok 5 - different sources produce different artefact hashes
      ---
      duration_ms: 0.555
      ...
    # Subtest: same inputs produce identical hashes (deterministic)
    ok 6 - same inputs produce identical hashes (deterministic)
      ---
      duration_ms: 0.4489
      ...
    # Subtest: audit events change the auditSha256
    ok 7 - audit events change the auditSha256
      ---
      duration_ms: 0.521
      ...
    # Subtest: denial records change the denialSha256
    ok 8 - denial records change the denialSha256
      ---
      duration_ms: 0.4482
      ...
    1..8
ok 286 - Proof chain — buildProofChain
  ---
  duration_ms: 12.8039
  type: 'suite'
  ...
# Subtest: Proof chain — verifyProofChain
    # Subtest: verifies a chain built from the same inputs
    ok 1 - verifies a chain built from the same inputs
      ---
      duration_ms: 0.6284
      ...
    # Subtest: detects tampered source (artefactSha256 mismatch)
    ok 2 - detects tampered source (artefactSha256 mismatch)
      ---
      duration_ms: 0.589
      ...
    # Subtest: detects added audit event (auditSha256 mismatch)
    ok 3 - detects added audit event (auditSha256 mismatch)
      ---
      duration_ms: 0.3889
      ...
    1..3
ok 287 - Proof chain — verifyProofChain
  ---
  duration_ms: 1.9367
  type: 'suite'
  ...
# Subtest: Proof chain — audit writer JSONL
    # Subtest: toJSONL returns empty string for empty writer
    ok 1 - toJSONL returns empty string for empty writer
      ---
      duration_ms: 0.6257
      ...
    # Subtest: toJSONL produces one compact line per event
    ok 2 - toJSONL produces one compact line per event
      ---
      duration_ms: 1.0647
      ...
    # Subtest: rejects invalid schemaVersion
    ok 3 - rejects invalid schemaVersion
      ---
      duration_ms: 0.6567
      ...
    # Subtest: evidence record contains gate firings
    ok 4 - evidence record contains gate firings
      ---
      duration_ms: 0.3291
      ...
    # Subtest: denial records are tracked
    ok 5 - denial records are tracked
      ---
      duration_ms: 0.3216
      ...
    1..5
ok 288 - Proof chain — audit writer JSONL
  ---
  duration_ms: 3.2597
  type: 'suite'
  ...
# Subtest: Readable logic forms — 'and'
    # Subtest: 'a and b' parses to binaryExpr with value '&&'
    ok 1 - 'a and b' parses to binaryExpr with value '&&'
      ---
      duration_ms: 4.5845
      ...
    # Subtest: 'a and b' sets readableForm to 'and'
    ok 2 - 'a and b' sets readableForm to 'and'
      ---
      duration_ms: 0.4887
      ...
    # Subtest: 'a and b' has two children
    ok 3 - 'a and b' has two children
      ---
      duration_ms: 0.5865
      ...
    1..3
ok 289 - Readable logic forms — 'and'
  ---
  duration_ms: 7.1622
  type: 'suite'
  ...
# Subtest: Readable logic forms — 'or'
    # Subtest: 'a or b' parses to binaryExpr with value '||'
    ok 1 - 'a or b' parses to binaryExpr with value '||'
      ---
      duration_ms: 0.4195
      ...
    # Subtest: 'a or b' sets readableForm to 'or'
    ok 2 - 'a or b' sets readableForm to 'or'
      ---
      duration_ms: 0.4612
      ...
    1..2
ok 290 - Readable logic forms — 'or'
  ---
  duration_ms: 2.2515
  type: 'suite'
  ...
# Subtest: Readable logic forms — 'is' equality variants
    # Subtest: 'a is b' parses to binaryExpr with value '=='
    ok 1 - 'a is b' parses to binaryExpr with value '=='
      ---
      duration_ms: 0.7764
      ...
    # Subtest: 'a is not b' parses to binaryExpr with value '!='
    ok 2 - 'a is not b' parses to binaryExpr with value '!='
      ---
      duration_ms: 0.5863
      ...
    # Subtest: 'a is equal to b' parses to binaryExpr with value '=='
    ok 3 - 'a is equal to b' parses to binaryExpr with value '=='
      ---
      duration_ms: 0.4291
      ...
    # Subtest: 'a is not equal to b' parses to binaryExpr with value '!='
    ok 4 - 'a is not equal to b' parses to binaryExpr with value '!='
      ---
      duration_ms: 0.5082
      ...
    1..4
ok 291 - Readable logic forms — 'is' equality variants
  ---
  duration_ms: 2.9305
  type: 'suite'
  ...
# Subtest: Readable logic forms — 'is' comparison variants
    # Subtest: 'a is greater than b' parses to binaryExpr with value '>'
    ok 1 - 'a is greater than b' parses to binaryExpr with value '>'
      ---
      duration_ms: 0.4858
      ...
    # Subtest: 'a is less than b' parses to binaryExpr with value '<'
    ok 2 - 'a is less than b' parses to binaryExpr with value '<'
      ---
      duration_ms: 0.2541
      ...
    # Subtest: 'a is greater than or equal to b' parses to binaryExpr with value '>='
    ok 3 - 'a is greater than or equal to b' parses to binaryExpr with value '>='
      ---
      duration_ms: 0.2997
      ...
    # Subtest: 'a is less than or equal to b' parses to binaryExpr with value '<='
    ok 4 - 'a is less than or equal to b' parses to binaryExpr with value '<='
      ---
      duration_ms: 0.2263
      ...
    # Subtest: 'a is not greater than b' parses to binaryExpr with value '<='
    ok 5 - 'a is not greater than b' parses to binaryExpr with value '<='
      ---
      duration_ms: 0.2129
      ...
    # Subtest: 'a is not less than b' parses to binaryExpr with value '>='
    ok 6 - 'a is not less than b' parses to binaryExpr with value '>='
      ---
      duration_ms: 0.2066
      ...
    1..6
ok 292 - Readable logic forms — 'is' comparison variants
  ---
  duration_ms: 1.9487
  type: 'suite'
  ...
# Subtest: Readable logic forms — 'unless'
    # Subtest: 'unless x > 5 { }' parses as ifStmt with unary '!' around condition
    ok 1 - 'unless x > 5 { }' parses as ifStmt with unary '!' around condition
      ---
      duration_ms: 0.7188
      ...
    # Subtest: 'unless' with else branch parses correctly
    ok 2 - 'unless' with else branch parses correctly
      ---
      duration_ms: 0.3356
      ...
    1..2
ok 293 - Readable logic forms — 'unless'
  ---
  duration_ms: 1.233
  type: 'suite'
  ...
# Subtest: Readable logic forms — mixed style
    # Subtest: 'amount > 10 and status is Active' parses correctly
    ok 1 - 'amount > 10 and status is Active' parses correctly
      ---
      duration_ms: 0.2501
      ...
    # Subtest: 'a and b or c' respects precedence (or binds looser than and)
    ok 2 - 'a and b or c' respects precedence (or binds looser than and)
      ---
      duration_ms: 0.2208
      ...
    1..2
ok 294 - Readable logic forms — mixed style
  ---
  duration_ms: 0.6154
  type: 'suite'
  ...
# Subtest: createRootCapabilityProvider
    # Subtest: returns a provider object
    ok 1 - returns a provider object
      ---
      duration_ms: 1.0138
      ...
    1..1
ok 295 - createRootCapabilityProvider
  ---
  duration_ms: 2.4822
  type: 'suite'
  ...
# Subtest: CompilerCapabilityHost
    # Subtest: createCompilerHost() with COMPILER_MINIMUM_CAPABILITIES allows filesystem.read
    ok 1 - createCompilerHost() with COMPILER_MINIMUM_CAPABILITIES allows filesystem.read
      ---
      duration_ms: 0.6985
      ...
    # Subtest: createCompilerHost() does NOT allow network.write
    ok 2 - createCompilerHost() does NOT allow network.write
      ---
      duration_ms: 0.2656
      ...
    # Subtest: createCompilerHost() does NOT allow database.read
    ok 3 - createCompilerHost() does NOT allow database.read
      ---
      duration_ms: 0.2009
      ...
    # Subtest: createCompilerHost() does NOT allow secret.read
    ok 4 - createCompilerHost() does NOT allow secret.read
      ---
      duration_ms: 0.2296
      ...
    # Subtest: host.use() records an audit entry for an allowed capability
    ok 5 - host.use() records an audit entry for an allowed capability
      ---
      duration_ms: 1.8719
      ...
    # Subtest: host.use() throws when the capability is not in the allowed set
    ok 6 - host.use() throws when the capability is not in the allowed set
      ---
      duration_ms: 0.8048
      ...
    # Subtest: host.allowedCapabilities reflects the set passed to createCompilerHost
    ok 7 - host.allowedCapabilities reflects the set passed to createCompilerHost
      ---
      duration_ms: 0.4227
      ...
    1..7
ok 296 - CompilerCapabilityHost
  ---
  duration_ms: 6.5598
  type: 'suite'
  ...
# Subtest: UserRuntimeCapabilities
    # Subtest: createUserRuntime() with declared effects allows those effects
    ok 1 - createUserRuntime() with declared effects allows those effects
      ---
      duration_ms: 0.3604
      ...
    # Subtest: createUserRuntime() does NOT allow undeclared effects
    ok 2 - createUserRuntime() does NOT allow undeclared effects
      ---
      duration_ms: 0.3866
      ...
    # Subtest: createUserRuntime() declaredEffects reflects the set passed in
    ok 3 - createUserRuntime() declaredEffects reflects the set passed in
      ---
      duration_ms: 0.1613
      ...
    1..3
ok 297 - UserRuntimeCapabilities
  ---
  duration_ms: 1.2293
  type: 'suite'
  ...
# Subtest: Audit log
    # Subtest: records capability usage via provider.audit()
    ok 1 - records capability usage via provider.audit()
      ---
      duration_ms: 0.2072
      ...
    # Subtest: audit log is readonly (entries cannot be mutated from outside)
    ok 2 - audit log is readonly (entries cannot be mutated from outside)
      ---
      duration_ms: 0.1363
      ...
    1..2
ok 298 - Audit log
  ---
  duration_ms: 0.4522
  type: 'suite'
  ...
# Subtest: COMPILER_MINIMUM_CAPABILITIES
    # Subtest: contains filesystem.read
    ok 1 - contains filesystem.read
      ---
      duration_ms: 0.2924
      ...
    # Subtest: contains filesystem.write
    ok 2 - contains filesystem.write
      ---
      duration_ms: 0.1153
      ...
    # Subtest: contains package.read
    ok 3 - contains package.read
      ---
      duration_ms: 0.0957
      ...
    # Subtest: contains manifest.read
    ok 4 - contains manifest.read
      ---
      duration_ms: 0.0911
      ...
    # Subtest: contains report.write
    ok 5 - contains report.write
      ---
      duration_ms: 0.0921
      ...
    # Subtest: contains compiler.graph.read
    ok 6 - contains compiler.graph.read
      ---
      duration_ms: 0.0937
      ...
    # Subtest: contains compiler.graph.write
    ok 7 - contains compiler.graph.write
      ---
      duration_ms: 0.0979
      ...
    # Subtest: does NOT contain network.read
    ok 8 - does NOT contain network.read
      ---
      duration_ms: 0.1139
      ...
    # Subtest: does NOT contain network.write
    ok 9 - does NOT contain network.write
      ---
      duration_ms: 0.0988
      ...
    # Subtest: does NOT contain secret.read
    ok 10 - does NOT contain secret.read
      ---
      duration_ms: 0.0947
      ...
    # Subtest: does NOT contain database.read
    ok 11 - does NOT contain database.read
      ---
      duration_ms: 0.0977
      ...
    # Subtest: does NOT contain database.write
    ok 12 - does NOT contain database.write
      ---
      duration_ms: 0.0937
      ...
    # Subtest: does NOT contain email.send
    ok 13 - does NOT contain email.send
      ---
      duration_ms: 0.0977
      ...
    # Subtest: does NOT contain payment.process
    ok 14 - does NOT contain payment.process
      ---
      duration_ms: 0.0972
      ...
    1..14
ok 299 - COMPILER_MINIMUM_CAPABILITIES
  ---
  duration_ms: 2.1995
  type: 'suite'
  ...
# Subtest: LLN_BUILD_001
    # Subtest: has the correct code
    ok 1 - has the correct code
      ---
      duration_ms: 0.171
      ...
    # Subtest: has severity error
    ok 2 - has severity error
      ---
      duration_ms: 0.0901
      ...
    # Subtest: has the correct name
    ok 3 - has the correct name
      ---
      duration_ms: 0.0901
      ...
    # Subtest: has a suggestedFix
    ok 4 - has a suggestedFix
      ---
      duration_ms: 0.1066
      ...
    1..4
ok 300 - LLN_BUILD_001
  ---
  duration_ms: 0.6187
  type: 'suite'
  ...
# Subtest: Route dispatcher
    # Subtest: GET /hello returns 200
    ok 1 - GET /hello returns 200
      ---
      duration_ms: 72.2702
      ...
    # Subtest: unknown route returns 404
    ok 2 - unknown route returns 404
      ---
      duration_ms: 25.9859
      ...
    # Subtest: wrong method returns 405
    ok 3 - wrong method returns 405
      ---
      duration_ms: 24.6321
      ...
    # Subtest: POST route receives body
    ok 4 - POST route receives body
      ---
      duration_ms: 10.2719
      ...
    # Subtest: path parameter is extracted
    ok 5 - path parameter is extracted
      ---
      duration_ms: 10.4362
      ...
    # Subtest: flow returning Err maps to error status
    ok 6 - flow returning Err maps to error status
      ---
      duration_ms: 10.6945
      ...
    # Subtest: query string is available
    ok 7 - query string is available
      ---
      duration_ms: 11.3846
      ...
    # Subtest: server refuses to start with compiler errors
    ok 8 - server refuses to start with compiler errors
      ---
      duration_ms: 7.2662
      ...
    1..8
ok 301 - Route dispatcher
  ---
  duration_ms: 175.2628
  type: 'suite'
  ...
# Subtest: Route registry
    # Subtest: finds route from routeDecl
    ok 1 - finds route from routeDecl
      ---
      duration_ms: 3.546
      ...
    # Subtest: extracts request type
    ok 2 - extracts request type
      ---
      duration_ms: 0.4287
      ...
    # Subtest: extracts response type
    ok 3 - extracts response type
      ---
      duration_ms: 0.4391
      ...
    # Subtest: matches exact path
    ok 4 - matches exact path
      ---
      duration_ms: 0.5843
      ...
    # Subtest: does not match wrong method
    ok 5 - does not match wrong method
      ---
      duration_ms: 0.271
      ...
    # Subtest: does not match wrong path
    ok 6 - does not match wrong path
      ---
      duration_ms: 0.3387
      ...
    # Subtest: matches path with parameter
    ok 7 - matches path with parameter
      ---
      duration_ms: 0.2998
      ...
    # Subtest: handles multiple routes
    ok 8 - handles multiple routes
      ---
      duration_ms: 0.3733
      ...
    # Subtest: excludes route with no flow clause
    ok 9 - excludes route with no flow clause
      ---
      duration_ms: 0.3978
      ...
    # Subtest: builds regex for multiple path params
    ok 10 - builds regex for multiple path params
      ---
      duration_ms: 1.6775
      ...
    1..10
ok 302 - Route registry
  ---
  duration_ms: 10.1845
  type: 'suite'
  ...
# Subtest: createContext
    # Subtest: creates a context with correct flowName
    ok 1 - creates a context with correct flowName
      ---
      duration_ms: 2.0701
      ...
    # Subtest: forwards optional traceId and actor
    ok 2 - forwards optional traceId and actor
      ---
      duration_ms: 0.3348
      ...
    # Subtest: sets deadlineMs when provided
    ok 3 - sets deadlineMs when provided
      ---
      duration_ms: 0.191
      ...
    1..3
ok 303 - createContext
  ---
  duration_ms: 3.9178
  type: 'suite'
  ...
# Subtest: isExpired
    # Subtest: returns false when no deadline is set
    ok 1 - returns false when no deadline is set
      ---
      duration_ms: 0.235
      ...
    # Subtest: returns false when deadline is in the future
    ok 2 - returns false when deadline is in the future
      ---
      duration_ms: 0.1548
      ...
    # Subtest: returns true when deadline is in the past
    ok 3 - returns true when deadline is in the past
      ---
      duration_ms: 0.1475
      ...
    1..3
ok 304 - isExpired
  ---
  duration_ms: 0.863
  type: 'suite'
  ...
# Subtest: createContractEnforcer (no contract node)
    # Subtest: returns a valid enforcer with correct flowName context
    ok 1 - returns a valid enforcer with correct flowName context
      ---
      duration_ms: 1.0243
      ...
    # Subtest: checkRequestSize does not throw when no limit is configured
    ok 2 - checkRequestSize does not throw when no limit is configured
      ---
      duration_ms: 0.4709
      ...
    # Subtest: checkBatchSize does not throw when no limit is configured
    ok 3 - checkBatchSize does not throw when no limit is configured
      ---
      duration_ms: 0.3733
      ...
    # Subtest: checkDeadline does not throw when no deadline is configured
    ok 4 - checkDeadline does not throw when no deadline is configured
      ---
      duration_ms: 0.434
      ...
    1..4
ok 305 - createContractEnforcer (no contract node)
  ---
  duration_ms: 2.8077
  type: 'suite'
  ...
# Subtest: checkRequestSize (via limitPolicy)
    # Subtest: does not throw when bytes are under the limit
    ok 1 - does not throw when bytes are under the limit
      ---
      duration_ms: 0.2134
      ...
    # Subtest: returns a violation when bytes exceed the limit
    ok 2 - returns a violation when bytes exceed the limit
      ---
      duration_ms: 0.1793
      ...
    # Subtest: enforcer throws RangeError when bytes exceed the limit
    ok 3 - enforcer throws RangeError when bytes exceed the limit
      ---
      duration_ms: 1.0251
      ...
    # Subtest: enforcer does not throw when bytes are within the limit
    ok 4 - enforcer does not throw when bytes are within the limit
      ---
      duration_ms: 0.3737
      ...
    1..4
ok 306 - checkRequestSize (via limitPolicy)
  ---
  duration_ms: 1.9894
  type: 'suite'
  ...
# Subtest: checkBatchSize (via limitPolicy)
    # Subtest: returns null when count is within the limit
    ok 1 - returns null when count is within the limit
      ---
      duration_ms: 0.1972
      ...
    # Subtest: returns a violation when count exceeds the limit
    ok 2 - returns a violation when count exceeds the limit
      ---
      duration_ms: 0.1275
      ...
    1..2
ok 307 - checkBatchSize (via limitPolicy)
  ---
  duration_ms: 0.5244
  type: 'suite'
  ...
# Subtest: withRetry
    # Subtest: succeeds immediately when fn does not throw
    ok 1 - succeeds immediately when fn does not throw
      ---
      duration_ms: 0.2825
      ...
    # Subtest: retries on failure up to maxAttempts
    ok 2 - retries on failure up to maxAttempts
      ---
      duration_ms: 0.4431
      ...
    # Subtest: resolves on the second attempt when first fails
    ok 3 - resolves on the second attempt when first fails
      ---
      duration_ms: 0.2531
      ...
    # Subtest: uses maxAttempts=1 for effects without a policy entry
    ok 4 - uses maxAttempts=1 for effects without a policy entry
      ---
      duration_ms: 0.2115
      ...
    1..4
ok 308 - withRetry
  ---
  duration_ms: 1.3575
  type: 'suite'
  ...
# Subtest: createEnforcementRecord
    # Subtest: creates a clean record with empty violations and retries
    ok 1 - creates a clean record with empty violations and retries
      ---
      duration_ms: 0.1398
      ...
    1..1
ok 309 - createEnforcementRecord
  ---
  duration_ms: 0.2238
  type: 'suite'
  ...
# Subtest: recordRetryAttempt
    # Subtest: records retry attempt for an effect
    ok 1 - records retry attempt for an effect
      ---
      duration_ms: 0.2268
      ...
    # Subtest: does not mutate the original record
    ok 2 - does not mutate the original record
      ---
      duration_ms: 0.1297
      ...
    1..2
ok 310 - recordRetryAttempt
  ---
  duration_ms: 0.4597
  type: 'suite'
  ...
# Subtest: recordLimitViolation
    # Subtest: appends a violation message and updates limits
    ok 1 - appends a violation message and updates limits
      ---
      duration_ms: 0.9953
      ...
    1..1
ok 311 - recordLimitViolation
  ---
  duration_ms: 1.097
  type: 'suite'
  ...
# Subtest: formatEnforcementRecord
    # Subtest: produces a YAML-style string
    ok 1 - produces a YAML-style string
      ---
      duration_ms: 0.3986
      ...
    # Subtest: includes violations when present
    ok 2 - includes violations when present
      ---
      duration_ms: 0.18
      ...
    1..2
ok 312 - formatEnforcementRecord
  ---
  duration_ms: 0.7413
  type: 'suite'
  ...
# Subtest: enforcement wiring — no contract
    # Subtest: flow with no contract runs without enforcement errors
    ok 1 - flow with no contract runs without enforcement errors
      ---
      duration_ms: 23.5205
      ...
    # Subtest: enforcementRecord is returned even for a flow with no body effects
    ok 2 - enforcementRecord is returned even for a flow with no body effects
      ---
      duration_ms: 1.6645
      ...
    1..2
ok 313 - enforcement wiring — no contract
  ---
  duration_ms: 26.62
  type: 'suite'
  ...
# Subtest: enforcement wiring — deadline not exceeded
    # Subtest: flow with generous deadlineMs option completes successfully
    ok 1 - flow with generous deadlineMs option completes successfully
      ---
      duration_ms: 2.5333
      ...
    # Subtest: flow with a future deadline does not produce deadline diagnostics
    ok 2 - flow with a future deadline does not produce deadline diagnostics
      ---
      duration_ms: 0.9254
      ...
    1..2
ok 314 - enforcement wiring — deadline not exceeded
  ---
  duration_ms: 3.8133
  type: 'suite'
  ...
# Subtest: enforcement wiring — deadline exceeded
    # Subtest: flow with 1ms deadline that is already expired returns an err value
    ok 1 - flow with 1ms deadline that is already expired returns an err value
      ---
      duration_ms: 1.097
      ...
    # Subtest: flow with already-expired absolute deadline (deadlineMs=0) gets deadline error
    ok 2 - flow with already-expired absolute deadline (deadlineMs=0) gets deadline error
      ---
      duration_ms: 9.342
      ...
    1..2
ok 315 - enforcement wiring — deadline exceeded
  ---
  duration_ms: 11.02
  type: 'suite'
  ...
# Subtest: Runtime pipeline
    # Subtest: check-only mode runs checkers without executing
    ok 1 - check-only mode runs checkers without executing
      ---
      duration_ms: 10.0993
      ...
    # Subtest: check-only mode reports type errors
    ok 2 - check-only mode reports type errors
      ---
      duration_ms: 4.4861
      ...
    # Subtest: dev mode executes a flow
    ok 3 - dev mode executes a flow
      ---
      duration_ms: 6.6216
      ...
    # Subtest: returns ok false for parse errors
    ok 4 - returns ok false for parse errors
      ---
      duration_ms: 2.3439
      ...
    # Subtest: diagnostics array contains checker results
    ok 5 - diagnostics array contains checker results
      ---
      duration_ms: 2.038
      ...
    1..5
ok 316 - Runtime pipeline
  ---
  duration_ms: 27.3391
  type: 'suite'
  ...
# Subtest: Self-Hosted Lexer (lexer.lln) — end-to-end
    # Subtest: lexer.lln parses with zero errors
    ok 1 - lexer.lln parses with zero errors
      ---
      duration_ms: 12.1373
      ...
    # Subtest: lexer.lln exports the four expected flows
    ok 2 - lexer.lln exports the four expected flows
      ---
      duration_ms: 3.9927
      ...
    # Subtest: Array.append pushes a single item (regression guard)
    ok 3 - Array.append pushes a single item (regression guard)
      ---
      duration_ms: 7.8805
      ...
    # Subtest: String.charAt(0) returns Some('h') for "hello"
    ok 4 - String.charAt(0) returns Some('h') for "hello"
      ---
      duration_ms: 2.5654
      ...
    # Subtest: String.charAt(99) returns None for "hello"
    ok 5 - String.charAt(99) returns None for "hello"
      ---
      duration_ms: 0.5569
      ...
    # Subtest: char literal '\\t' resolves to an actual tab character
    ok 6 - char literal '\\t' resolves to an actual tab character
      ---
      duration_ms: 1.8416
      ...
    # Subtest: char literal '\\\\n' (backslash-n) resolves to a newline character (codePoint 10)
    ok 7 - char literal '\\\\n' (backslash-n) resolves to a newline character (codePoint 10)
      ---
      duration_ms: 2.6962
      ...
    # Subtest: else if chain evaluates the correct branch
    ok 8 - else if chain evaluates the correct branch
      ---
      duration_ms: 8.2654
      ...
    # Subtest: tokenize('let x: Int = 123') returns Ok(Array<Token>)
    ok 9 - tokenize('let x: Int = 123') returns Ok(Array<Token>)
      ---
      duration_ms: 38.4665
      ...
    # Subtest: tokenize produces correct token count for 'let x: Int = 123'
    ok 10 - tokenize produces correct token count for 'let x: Int = 123'
      ---
      duration_ms: 15.571
      ...
    # Subtest: tokenize produces Keyword('let') as first token
    ok 11 - tokenize produces Keyword('let') as first token
      ---
      duration_ms: 11.7622
      ...
    # Subtest: tokenize produces Identifier('x') as second token
    ok 12 - tokenize produces Identifier('x') as second token
      ---
      duration_ms: 18.255
      ...
    # Subtest: tokenize produces Symbol(':') as third token
    ok 13 - tokenize produces Symbol(':') as third token
      ---
      duration_ms: 12.6746
      ...
    # Subtest: tokenize produces Identifier('Int') as fourth token
    ok 14 - tokenize produces Identifier('Int') as fourth token
      ---
      duration_ms: 17.9369
      ...
    # Subtest: tokenize produces Symbol('=') as fifth token
    ok 15 - tokenize produces Symbol('=') as fifth token
      ---
      duration_ms: 17.1865
      ...
    # Subtest: tokenize produces NumberLiteral('123') as sixth token
    ok 16 - tokenize produces NumberLiteral('123') as sixth token
      ---
      duration_ms: 8.4653
      ...
    # Subtest: tokenize produces Eof as last token
    ok 17 - tokenize produces Eof as last token
      ---
      duration_ms: 32.5158
      ...
    # Subtest: tokenize classifies 'flow' as Keyword, not Identifier
    ok 18 - tokenize classifies 'flow' as Keyword, not Identifier
      ---
      duration_ms: 3.9625
      ...
    # Subtest: tokenize classifies 'myVar' as Identifier
    ok 19 - tokenize classifies 'myVar' as Identifier
      ---
      duration_ms: 7.9899
      ...
    # Subtest: tokenize skips whitespace (no whitespace tokens in output)
    ok 20 - tokenize skips whitespace (no whitespace tokens in output)
      ---
      duration_ms: 4.3268
      ...
    # Subtest: tokenize handles multiple identifiers and keywords
    ok 21 - tokenize handles multiple identifiers and keywords
      ---
      duration_ms: 11.9
      ...
    # Subtest: tokenize produces no runtime errors for simple input
    ok 22 - tokenize produces no runtime errors for simple input
      ---
      duration_ms: 8.523
      ...
    1..22
ok 317 - Self-Hosted Lexer (lexer.lln) — end-to-end
  ---
  duration_ms: 252.2107
  type: 'suite'
  ...
# Subtest: Self-Hosted Parser (parser.lln) — parse-time sanity
    # Subtest: parser.lln alone parses with zero errors
    ok 1 - parser.lln alone parses with zero errors
      ---
      duration_ms: 4.0906
      ...
    # Subtest: parser.lln exports the three expected flows
    ok 2 - parser.lln exports the three expected flows
      ---
      duration_ms: 2.7109
      ...
    # Subtest: combined lexer + parser compiles with zero errors
    ok 3 - combined lexer + parser compiles with zero errors
      ---
      duration_ms: 6.3829
      ...
    1..3
ok 318 - Self-Hosted Parser (parser.lln) — parse-time sanity
  ---
  duration_ms: 18.1325
  type: 'suite'
  ...
# Subtest: Self-Hosted Parser — pure flow declaration
    # Subtest: parseFlows returns a ParseResult record
    ok 1 - parseFlows returns a ParseResult record
      ---
      duration_ms: 56.7144
      ...
    # Subtest: parseFlows produces exactly one FlowDecl for a single pure flow
    ok 2 - parseFlows produces exactly one FlowDecl for a single pure flow
      ---
      duration_ms: 28.143
      ...
    # Subtest: FlowDecl.kind is 'pure' for a pure flow
    ok 3 - FlowDecl.kind is 'pure' for a pure flow
      ---
      duration_ms: 29.7811
      ...
    # Subtest: FlowDecl.name is 'greet'
    ok 4 - FlowDecl.name is 'greet'
      ---
      duration_ms: 27.2084
      ...
    # Subtest: FlowDecl.returnType is 'String'
    ok 5 - FlowDecl.returnType is 'String'
      ---
      duration_ms: 17.5642
      ...
    # Subtest: FlowDecl.params is an empty list for a no-param flow
    ok 6 - FlowDecl.params is an empty list for a no-param flow
      ---
      duration_ms: 22.8868
      ...
    # Subtest: FlowDecl.effects is an empty list when no effects clause
    ok 7 - FlowDecl.effects is an empty list when no effects clause
      ---
      duration_ms: 18.5121
      ...
    1..7
ok 319 - Self-Hosted Parser — pure flow declaration
  ---
  duration_ms: 201.6625
  type: 'suite'
  ...
# Subtest: Self-Hosted Parser — guarded flow with parameters
    # Subtest: recognises 'guarded' qualifier
    ok 1 - recognises 'guarded' qualifier
      ---
      duration_ms: 24.9537
      ...
    # Subtest: parses two plain parameters correctly
    ok 2 - parses two plain parameters correctly
      ---
      duration_ms: 24.5462
      ...
    # Subtest: return type Int is captured
    ok 3 - return type Int is captured
      ---
      duration_ms: 23.1149
      ...
    1..3
ok 320 - Self-Hosted Parser — guarded flow with parameters
  ---
  duration_ms: 72.886
  type: 'suite'
  ...
# Subtest: Self-Hosted Parser — secure flow with readonly parameter
    # Subtest: recognises 'secure' qualifier
    ok 1 - recognises 'secure' qualifier
      ---
      duration_ms: 17.1799
      ...
    # Subtest: parses readonly parameter with isReadonly=true
    ok 2 - parses readonly parameter with isReadonly=true
      ---
      duration_ms: 22.0169
      ...
    1..2
ok 321 - Self-Hosted Parser — secure flow with readonly parameter
  ---
  duration_ms: 39.3805
  type: 'suite'
  ...
# Subtest: Self-Hosted Parser — with effects clause
    # Subtest: parses a single effect name
    ok 1 - parses a single effect name
      ---
      duration_ms: 21.761
      ...
    # Subtest: parses multiple dotted effect names
    ok 2 - parses multiple dotted effect names
      ---
      duration_ms: 19.7063
      ...
    # Subtest: effects don't bleed into returnType
    ok 3 - effects don't bleed into returnType
      ---
      duration_ms: 11.9044
      ...
    1..3
ok 322 - Self-Hosted Parser — with effects clause
  ---
  duration_ms: 53.6205
  type: 'suite'
  ...
# Subtest: Self-Hosted Parser — bare flow keyword
    # Subtest: bare 'flow' keyword produces kind='flow'
    ok 1 - bare 'flow' keyword produces kind='flow'
      ---
      duration_ms: 12.5584
      ...
    # Subtest: bare flow captures its parameter
    ok 2 - bare flow captures its parameter
      ---
      duration_ms: 10.2798
      ...
    1..2
ok 323 - Self-Hosted Parser — bare flow keyword
  ---
  duration_ms: 22.9855
  type: 'suite'
  ...
# Subtest: Self-Hosted Parser — multiple flow declarations
    # Subtest: parses two consecutive flows
    ok 1 - parses two consecutive flows
      ---
      duration_ms: 20.7206
      ...
    # Subtest: first flow is 'a', second flow is 'b'
    ok 2 - first flow is 'a', second flow is 'b'
      ---
      duration_ms: 17.5343
      ...
    # Subtest: qualifiers are preserved across multiple flows
    ok 3 - qualifiers are preserved across multiple flows
      ---
      duration_ms: 24.5195
      ...
    # Subtest: non-flow tokens between declarations are skipped without error
    ok 4 - non-flow tokens between declarations are skipped without error
      ---
      duration_ms: 32.2257
      ...
    1..4
ok 324 - Self-Hosted Parser — multiple flow declarations
  ---
  duration_ms: 95.2396
  type: 'suite'
  ...
# Subtest: Self-Hosted Parser — body brace skipping
    # Subtest: correctly skips a multi-statement body and does not confuse tokens after '}'
    ok 1 - correctly skips a multi-statement body and does not confuse tokens after '}'
      ---
      duration_ms: 30.9324
      ...
    # Subtest: handles nested braces in body without confusion
    ok 2 - handles nested braces in body without confusion
      ---
      duration_ms: 22.7966
      ...
    1..2
ok 325 - Self-Hosted Parser — body brace skipping
  ---
  duration_ms: 53.8794
  type: 'suite'
  ...
# Subtest: Self-Hosted Parser — error resilience
    # Subtest: returns ParseResult with errors list (empty on clean input)
    ok 1 - returns ParseResult with errors list (empty on clean input)
      ---
      duration_ms: 4.6787
      ...
    # Subtest: produces zero runtime diagnostics for well-formed input
    ok 2 - produces zero runtime diagnostics for well-formed input
      ---
      duration_ms: 9.7201
      ...
    # Subtest: empty token stream returns empty flows list without crash
    ok 3 - empty token stream returns empty flows list without crash
      ---
      duration_ms: 0.511
      ...
    1..3
ok 326 - Self-Hosted Parser — error resilience
  ---
  duration_ms: 15.1072
  type: 'suite'
  ...
# Subtest: buildSemanticGraph — basic flow node
    # Subtest: produces a flow node for a simple pure flow
    ok 1 - produces a flow node for a simple pure flow
      ---
      duration_ms: 7.4135
      ...
    1..1
ok 327 - buildSemanticGraph — basic flow node
  ---
  duration_ms: 8.896
  type: 'suite'
  ...
# Subtest: buildSemanticGraph — flow node metadata
    # Subtest: carries correct qualifier, returnType, params, and declaredEffects in meta
    ok 1 - carries correct qualifier, returnType, params, and declaredEffects in meta
      ---
      duration_ms: 1.4719
      ...
    1..1
ok 328 - buildSemanticGraph — flow node metadata
  ---
  duration_ms: 3.5388
  type: 'suite'
  ...
# Subtest: buildSemanticGraph — effect nodes
    # Subtest: adds an effect node for each declared effect
    ok 1 - adds an effect node for each declared effect
      ---
      duration_ms: 1.8143
      ...
    # Subtest: adds all effect nodes for multiple declared effects
    ok 2 - adds all effect nodes for multiple declared effects
      ---
      duration_ms: 0.9913
      ...
    1..2
ok 329 - buildSemanticGraph — effect nodes
  ---
  duration_ms: 3.1448
  type: 'suite'
  ...
# Subtest: buildSemanticGraph — declaresEffect edges
    # Subtest: adds a declaresEffect edge from flow to each effect node
    ok 1 - adds a declaresEffect edge from flow to each effect node
      ---
      duration_ms: 0.7825
      ...
    # Subtest: adds declaresEffect edges for all declared effects
    ok 2 - adds declaresEffect edges for all declared effects
      ---
      duration_ms: 1.2915
      ...
    1..2
ok 330 - buildSemanticGraph — declaresEffect edges
  ---
  duration_ms: 2.571
  type: 'suite'
  ...
# Subtest: SemanticGraph JSON roundtrip
    # Subtest: graphToJSON / graphFromJSON round-trips correctly
    ok 1 - graphToJSON / graphFromJSON round-trips correctly
      ---
      duration_ms: 0.8214
      ...
    1..1
ok 331 - SemanticGraph JSON roundtrip
  ---
  duration_ms: 1.1926
  type: 'suite'
  ...
# Subtest: effectsOf() helper
    # Subtest: returns the declared effects for a flow node
    ok 1 - returns the declared effects for a flow node
      ---
      duration_ms: 0.5755
      ...
    # Subtest: returns empty array for a flow with no effects
    ok 2 - returns empty array for a flow with no effects
      ---
      duration_ms: 0.4146
      ...
    # Subtest: returns all declared effects for multi-effect flow
    ok 3 - returns all declared effects for multi-effect flow
      ---
      duration_ms: 0.5343
      ...
    1..3
ok 332 - effectsOf() helper
  ---
  duration_ms: 1.7181
  type: 'suite'
  ...
# Subtest: callers() helper
    # Subtest: returns empty array for a top-level flow with no callers
    ok 1 - returns empty array for a top-level flow with no callers
      ---
      duration_ms: 0.2905
      ...
    1..1
ok 333 - callers() helper
  ---
  duration_ms: 0.3678
  type: 'suite'
  ...
# Subtest: run() with emitSemanticGraph: true
    # Subtest: returns semanticGraph field in result
    ok 1 - returns semanticGraph field in result
      ---
      duration_ms: 12.4157
      ...
    # Subtest: does not include semanticGraph when option is not set
    ok 2 - does not include semanticGraph when option is not set
      ---
      duration_ms: 3.4326
      ...
    1..2
ok 334 - run() with emitSemanticGraph: true
  ---
  duration_ms: 16.0186
  type: 'suite'
  ...
# Subtest: buildAiGraph — version field is '2'
    # Subtest: AI graph version is '2'
    ok 1 - AI graph version is '2'
      ---
      duration_ms: 0.8014
      ...
    1..1
ok 335 - buildAiGraph — version field is '2'
  ---
  duration_ms: 0.9385
  type: 'suite'
  ...
# Subtest: buildAiGraph — capabilities mapped from effects
    # Subtest: AI graph includes capabilities mapped from effects
    ok 1 - AI graph includes capabilities mapped from effects
      ---
      duration_ms: 1.215
      ...
    # Subtest: AI graph maps ai.inference to host.ai.inference
    ok 2 - AI graph maps ai.inference to host.ai.inference
      ---
      duration_ms: 0.4744
      ...
    # Subtest: pure flow with no effects has empty capabilities array
    ok 3 - pure flow with no effects has empty capabilities array
      ---
      duration_ms: 0.2509
      ...
    1..3
ok 336 - buildAiGraph — capabilities mapped from effects
  ---
  duration_ms: 2.2122
  type: 'suite'
  ...
# Subtest: buildAiGraph — diagnostics field is an array
    # Subtest: AI graph diagnostics field is an array
    ok 1 - AI graph diagnostics field is an array
      ---
      duration_ms: 0.2879
      ...
    # Subtest: AI graph diagnostics is empty for a clean flow
    ok 2 - AI graph diagnostics is empty for a clean flow
      ---
      duration_ms: 0.5232
      ...
    1..2
ok 337 - buildAiGraph — diagnostics field is an array
  ---
  duration_ms: 0.9326
  type: 'suite'
  ...
# Subtest: buildAiGraph — no values field
    # Subtest: AI graph does NOT include a 'values' field
    ok 1 - AI graph does NOT include a 'values' field
      ---
      duration_ms: 0.6971
      ...
    # Subtest: AI graph flows do NOT include a 'values' field
    ok 2 - AI graph flows do NOT include a 'values' field
      ---
      duration_ms: 0.4951
      ...
    1..2
ok 338 - buildAiGraph — no values field
  ---
  duration_ms: 2.3009
  type: 'suite'
  ...
# Subtest: run() with emitAiGraph: true — version 2 format
    # Subtest: returns aiGraphJson field when emitAiGraph is true
    ok 1 - returns aiGraphJson field when emitAiGraph is true
      ---
      duration_ms: 2.3423
      ...
    # Subtest: aiGraphJson from run() has diagnostics array and no values field
    ok 2 - aiGraphJson from run() has diagnostics array and no values field
      ---
      duration_ms: 1.0521
      ...
    1..2
ok 339 - run() with emitAiGraph: true — version 2 format
  ---
  duration_ms: 3.5651
  type: 'suite'
  ...
# Subtest: Source escape checker — eval() detection
    # Subtest: triggers LLN-SOURCE-ESCAPE-001 when eval() is called in a flow body
    ok 1 - triggers LLN-SOURCE-ESCAPE-001 when eval() is called in a flow body
      ---
      duration_ms: 4.4972
      ...
    # Subtest: the eval() diagnostic has severity 'error'
    ok 2 - the eval() diagnostic has severity 'error'
      ---
      duration_ms: 0.5502
      ...
    1..2
ok 340 - Source escape checker — eval() detection
  ---
  duration_ms: 6.4415
  type: 'suite'
  ...
# Subtest: Source escape checker — DynamicCode.load() detection
    # Subtest: triggers LLN-SOURCE-ESCAPE-001 when DynamicCode.load() is called
    ok 1 - triggers LLN-SOURCE-ESCAPE-001 when DynamicCode.load() is called
      ---
      duration_ms: 0.7256
      ...
    # Subtest: the DynamicCode.load() diagnostic has severity 'error'
    ok 2 - the DynamicCode.load() diagnostic has severity 'error'
      ---
      duration_ms: 0.4485
      ...
    1..2
ok 341 - Source escape checker — DynamicCode.load() detection
  ---
  duration_ms: 1.5515
  type: 'suite'
  ...
# Subtest: Source escape checker — clean flow produces no escape diagnostics
    # Subtest: does not trigger LLN-SOURCE-ESCAPE-001 for a normal flow with no eval-like calls
    ok 1 - does not trigger LLN-SOURCE-ESCAPE-001 for a normal flow with no eval-like calls
      ---
      duration_ms: 0.5196
      ...
    # Subtest: does not trigger LLN-SOURCE-ESCAPE-001 for a flow using log and validate
    ok 2 - does not trigger LLN-SOURCE-ESCAPE-001 for a flow using log and validate
      ---
      duration_ms: 0.4729
      ...
    1..2
ok 342 - Source escape checker — clean flow produces no escape diagnostics
  ---
  duration_ms: 1.4638
  type: 'suite'
  ...
# Subtest: LLN_SOURCE_ESCAPE_001 constant
    # Subtest: has code 'LLN-SOURCE-ESCAPE-001'
    ok 1 - has code 'LLN-SOURCE-ESCAPE-001'
      ---
      duration_ms: 2.8598
      ...
    # Subtest: has severity 'error'
    ok 2 - has severity 'error'
      ---
      duration_ms: 0.1965
      ...
    # Subtest: has name 'SourceLevelEvalEscape'
    ok 3 - has name 'SourceLevelEvalEscape'
      ---
      duration_ms: 0.2337
      ...
    # Subtest: has a non-empty message
    ok 4 - has a non-empty message
      ---
      duration_ms: 0.3806
      ...
    # Subtest: has a non-empty suggestedFix
    ok 5 - has a non-empty suggestedFix
      ---
      duration_ms: 0.141
      ...
    # Subtest: has a non-empty why field
    ok 6 - has a non-empty why field
      ---
      duration_ms: 0.1002
      ...
    1..6
ok 343 - LLN_SOURCE_ESCAPE_001 constant
  ---
  duration_ms: 4.4061
  type: 'suite'
  ...
# Subtest: Stdlib - Option
    # Subtest: None.isSome() -> false
    ok 1 - None.isSome() -> false
      ---
      duration_ms: 1.5824
      ...
    # Subtest: Some(x).isSome() -> true
    ok 2 - Some(x).isSome() -> true
      ---
      duration_ms: 0.3598
      ...
    # Subtest: None.unwrapOr(default) -> default
    ok 3 - None.unwrapOr(default) -> default
      ---
      duration_ms: 0.2402
      ...
    # Subtest: Some(value).unwrapOr(default) -> value
    ok 4 - Some(value).unwrapOr(default) -> value
      ---
      duration_ms: 0.1965
      ...
    # Subtest: Some(x).isNone() -> false
    ok 5 - Some(x).isNone() -> false
      ---
      duration_ms: 0.218
      ...
    1..5
ok 344 - Stdlib - Option
  ---
  duration_ms: 4.2233
  type: 'suite'
  ...
# Subtest: Stdlib - Result
    # Subtest: Ok(v).isOk() -> true
    ok 1 - Ok(v).isOk() -> true
      ---
      duration_ms: 0.3842
      ...
    # Subtest: Err(e).isErr() -> true
    ok 2 - Err(e).isErr() -> true
      ---
      duration_ms: 0.3642
      ...
    # Subtest: Err(e).unwrapOr(default) -> default
    ok 3 - Err(e).unwrapOr(default) -> default
      ---
      duration_ms: 0.4376
      ...
    # Subtest: Ok(v).unwrapOr(default) -> v
    ok 4 - Ok(v).unwrapOr(default) -> v
      ---
      duration_ms: 0.3968
      ...
    1..4
ok 345 - Stdlib - Result
  ---
  duration_ms: 2.1187
  type: 'suite'
  ...
# Subtest: Stdlib - String
    # Subtest: toUpper
    ok 1 - toUpper
      ---
      duration_ms: 1.0147
      ...
    # Subtest: trim
    ok 2 - trim
      ---
      duration_ms: 0.2142
      ...
    # Subtest: startsWith
    ok 3 - startsWith
      ---
      duration_ms: 0.4448
      ...
    # Subtest: contains
    ok 4 - contains
      ---
      duration_ms: 0.1469
      ...
    # Subtest: split length
    ok 5 - split length
      ---
      duration_ms: 1.0136
      ...
    # Subtest: length
    ok 6 - length
      ---
      duration_ms: 0.1737
      ...
    # Subtest: replace
    ok 7 - replace
      ---
      duration_ms: 0.1498
      ...
    # Subtest: toLower
    ok 8 - toLower
      ---
      duration_ms: 0.1354
      ...
    1..8
ok 346 - Stdlib - String
  ---
  duration_ms: 3.6573
  type: 'suite'
  ...
# Subtest: Stdlib - Array
    # Subtest: length
    ok 1 - length
      ---
      duration_ms: 0.2232
      ...
    # Subtest: isEmpty
    ok 2 - isEmpty
      ---
      duration_ms: 0.1394
      ...
    # Subtest: first
    ok 3 - first
      ---
      duration_ms: 0.2014
      ...
    # Subtest: last
    ok 4 - last
      ---
      duration_ms: 0.1244
      ...
    # Subtest: empty first is None
    ok 5 - empty first is None
      ---
      duration_ms: 0.1251
      ...
    # Subtest: contains
    ok 6 - contains
      ---
      duration_ms: 0.2023
      ...
    1..6
ok 347 - Stdlib - Array
  ---
  duration_ms: 1.3012
  type: 'suite'
  ...
# Subtest: Stdlib - Map
    # Subtest: size
    ok 1 - size
      ---
      duration_ms: 0.5994
      ...
    # Subtest: has
    ok 2 - has
      ---
      duration_ms: 0.1477
      ...
    # Subtest: get
    ok 3 - get
      ---
      duration_ms: 0.1235
      ...
    1..3
ok 348 - Stdlib - Map
  ---
  duration_ms: 1.086
  type: 'suite'
  ...
# Subtest: Stdlib - Numeric
    # Subtest: Int.parse success
    ok 1 - Int.parse success
      ---
      duration_ms: 0.6646
      ...
    # Subtest: Int.parse invalid
    ok 2 - Int.parse invalid
      ---
      duration_ms: 0.1551
      ...
    # Subtest: Math.abs
    ok 3 - Math.abs
      ---
      duration_ms: 0.1311
      ...
    # Subtest: Math.min
    ok 4 - Math.min
      ---
      duration_ms: 0.1237
      ...
    1..4
ok 349 - Stdlib - Numeric
  ---
  duration_ms: 1.2237
  type: 'suite'
  ...
# Subtest: Stdlib - Serialization
    # Subtest: json.decode valid
    ok 1 - json.decode valid
      ---
      duration_ms: 0.3292
      ...
    # Subtest: json.decode invalid
    ok 2 - json.decode invalid
      ---
      duration_ms: 0.1943
      ...
    # Subtest: json.encode
    ok 3 - json.encode
      ---
      duration_ms: 0.3207
      ...
    1..3
ok 350 - Stdlib - Serialization
  ---
  duration_ms: 0.9797
  type: 'suite'
  ...
# Subtest: Stdlib - Gates
    # Subtest: validate.email valid
    ok 1 - validate.email valid
      ---
      duration_ms: 0.323
      ...
    # Subtest: validate.email invalid
    ok 2 - validate.email invalid
      ---
      duration_ms: 0.1761
      ...
    # Subtest: redact
    ok 3 - redact
      ---
      duration_ms: 0.2075
      ...
    1..3
ok 351 - Stdlib - Gates
  ---
  duration_ms: 0.8426
  type: 'suite'
  ...
# Subtest: Stdlib - format
    # Subtest: format hello (positional)
    ok 1 - format hello (positional)
      ---
      duration_ms: 0.2868
      ...
    # Subtest: format multiple positional
    ok 2 - format multiple positional
      ---
      duration_ms: 0.1342
      ...
    1..2
ok 352 - Stdlib - format
  ---
  duration_ms: 0.5272
  type: 'suite'
  ...
# Subtest: Stdlib - String.format named interpolation (Phase 9A-3)
    # Subtest: named single field
    ok 1 - named single field
      ---
      duration_ms: 0.2568
      ...
    # Subtest: named multiple fields
    ok 2 - named multiple fields
      ---
      duration_ms: 0.1716
      ...
    # Subtest: positional {} still works on string receiver
    ok 3 - positional {} still works on string receiver
      ---
      duration_ms: 0.1431
      ...
    1..3
ok 353 - Stdlib - String.format named interpolation (Phase 9A-3)
  ---
  duration_ms: 0.7259
  type: 'suite'
  ...
# Subtest: Stdlib - Timestamp.format (Phase 9A-3)
    # Subtest: formats YYYY-MM-DD
    ok 1 - formats YYYY-MM-DD
      ---
      duration_ms: 1.2079
      ...
    # Subtest: formats YYYY-MM-DD HH:mm:ss
    ok 2 - formats YYYY-MM-DD HH:mm:ss
      ---
      duration_ms: 0.2041
      ...
    1..2
ok 354 - Stdlib - Timestamp.format (Phase 9A-3)
  ---
  duration_ms: 1.5206
  type: 'suite'
  ...
# Subtest: Stdlib - Array.chunk
    # Subtest: chunk([1,2,3,4,5], 2) -> 3 sub-arrays
    ok 1 - chunk([1,2,3,4,5], 2) -> 3 sub-arrays
      ---
      duration_ms: 0.2212
      ...
    1..1
ok 355 - Stdlib - Array.chunk
  ---
  duration_ms: 0.3148
  type: 'suite'
  ...
# Subtest: Stdlib - Array.flatten
    # Subtest: flatten([[1,2],[3,4]]) -> [1,2,3,4]
    ok 1 - flatten([[1,2],[3,4]]) -> [1,2,3,4]
      ---
      duration_ms: 0.1982
      ...
    1..1
ok 356 - Stdlib - Array.flatten
  ---
  duration_ms: 0.2695
  type: 'suite'
  ...
# Subtest: Stdlib - Array.average
    # Subtest: average([1,2,3]) -> 2.0
    ok 1 - average([1,2,3]) -> 2.0
      ---
      duration_ms: 0.1995
      ...
    1..1
ok 357 - Stdlib - Array.average
  ---
  duration_ms: 0.2658
  type: 'suite'
  ...
# Subtest: Stdlib - Array.median
    # Subtest: median([1,2,3,4,5]) -> 3 (odd length)
    ok 1 - median([1,2,3,4,5]) -> 3 (odd length)
      ---
      duration_ms: 0.2158
      ...
    # Subtest: median([1,2,3,4]) -> 2.5 (even length)
    ok 2 - median([1,2,3,4]) -> 2.5 (even length)
      ---
      duration_ms: 0.2458
      ...
    1..2
ok 358 - Stdlib - Array.median
  ---
  duration_ms: 0.5759
  type: 'suite'
  ...
# Subtest: Stdlib - Array.partition
    # Subtest: partition returns [passing, failing]
    ok 1 - partition returns [passing, failing]
      ---
      duration_ms: 0.3348
      ...
    1..1
ok 359 - Stdlib - Array.partition
  ---
  duration_ms: 0.4049
  type: 'suite'
  ...
# Subtest: Stdlib - Array.tally
    # Subtest: tally counts occurrences
    ok 1 - tally counts occurrences
      ---
      duration_ms: 0.2302
      ...
    1..1
ok 360 - Stdlib - Array.tally
  ---
  duration_ms: 0.3064
  type: 'suite'
  ...
# Subtest: Stdlib - Statistics.mean
    # Subtest: Statistics.mean([1,2,3,4,5]) -> 3.0
    ok 1 - Statistics.mean([1,2,3,4,5]) -> 3.0
      ---
      duration_ms: 0.3513
      ...
    1..1
ok 361 - Stdlib - Statistics.mean
  ---
  duration_ms: 0.4184
  type: 'suite'
  ...
# Subtest: Stdlib - Statistics.median
    # Subtest: Statistics.median([1,2,3,4,5]) -> 3
    ok 1 - Statistics.median([1,2,3,4,5]) -> 3
      ---
      duration_ms: 0.1984
      ...
    # Subtest: Statistics.median([2,4]) -> 3.0
    ok 2 - Statistics.median([2,4]) -> 3.0
      ---
      duration_ms: 0.153
      ...
    1..2
ok 362 - Stdlib - Statistics.median
  ---
  duration_ms: 0.5039
  type: 'suite'
  ...
# Subtest: Stdlib - Statistics.stddev
    # Subtest: stddev([2,4,4,4,5,5,7,9]) population stddev is 2
    ok 1 - stddev([2,4,4,4,5,5,7,9]) population stddev is 2
      ---
      duration_ms: 0.2523
      ...
    1..1
ok 363 - Stdlib - Statistics.stddev
  ---
  duration_ms: 0.3398
  type: 'suite'
  ...
# Subtest: Stdlib - Statistics.sum
    # Subtest: Statistics.sum([1,2,3]) -> 6
    ok 1 - Statistics.sum([1,2,3]) -> 6
      ---
      duration_ms: 0.2555
      ...
    1..1
ok 364 - Stdlib - Statistics.sum
  ---
  duration_ms: 0.3396
  type: 'suite'
  ...
# Subtest: Stdlib - String.matchesPattern
    # Subtest: matchesPattern("hello", "hel.*") -> true
    ok 1 - matchesPattern("hello", "hel.*") -> true
      ---
      duration_ms: 0.2802
      ...
    # Subtest: matchesPattern("world", "^hel") -> false
    ok 2 - matchesPattern("world", "^hel") -> false
      ---
      duration_ms: 0.2361
      ...
    # Subtest: invalid pattern returns err
    ok 3 - invalid pattern returns err
      ---
      duration_ms: 0.3131
      ...
    1..3
ok 365 - Stdlib - String.matchesPattern
  ---
  duration_ms: 0.9884
  type: 'suite'
  ...
# Subtest: Stdlib - String.extractGroups
    # Subtest: extracts capture groups
    ok 1 - extracts capture groups
      ---
      duration_ms: 0.3221
      ...
    # Subtest: returns empty list when no match
    ok 2 - returns empty list when no match
      ---
      duration_ms: 0.1853
      ...
    1..2
ok 366 - Stdlib - String.extractGroups
  ---
  duration_ms: 0.6224
  type: 'suite'
  ...
# Subtest: Stdlib - String.replacePattern
    # Subtest: replaces all matches
    ok 1 - replaces all matches
      ---
      duration_ms: 0.4387
      ...
    1..1
ok 367 - Stdlib - String.replacePattern
  ---
  duration_ms: 0.5274
  type: 'suite'
  ...
# Subtest: Stdlib - Map.filter
    # Subtest: filter keeps only matching entries
    ok 1 - filter keeps only matching entries
      ---
      duration_ms: 0.4194
      ...
    1..1
ok 368 - Stdlib - Map.filter
  ---
  duration_ms: 0.5077
  type: 'suite'
  ...
# Subtest: Stdlib - Map.mapValues
    # Subtest: transforms values, keeps keys
    ok 1 - transforms values, keeps keys
      ---
      duration_ms: 0.2921
      ...
    1..1
ok 369 - Stdlib - Map.mapValues
  ---
  duration_ms: 0.3684
  type: 'suite'
  ...
# Subtest: Stdlib - Map.toList
    # Subtest: converts map to list of {key, value} records
    ok 1 - converts map to list of {key, value} records
      ---
      duration_ms: 0.281
      ...
    1..1
ok 370 - Stdlib - Map.toList
  ---
  duration_ms: 0.3548
  type: 'suite'
  ...
# Subtest: Stdlib - Map.fromList
    # Subtest: creates Map from Array<{key, value}> records
    ok 1 - creates Map from Array<{key, value}> records
      ---
      duration_ms: 0.2017
      ...
    1..1
ok 371 - Stdlib - Map.fromList
  ---
  duration_ms: 0.2754
  type: 'suite'
  ...
# Subtest: Stdlib - BigInt decimal arithmetic (Phase 9A-3)
    # Subtest: Money.add avoids floating-point rounding 0.1 + 0.2
    ok 1 - Money.add avoids floating-point rounding 0.1 + 0.2
      ---
      duration_ms: 1.9034
      ...
    # Subtest: Money.subtract exact result
    ok 2 - Money.subtract exact result
      ---
      duration_ms: 0.3418
      ...
    1..2
ok 372 - Stdlib - BigInt decimal arithmetic (Phase 9A-3)
  ---
  duration_ms: 2.3845
  type: 'suite'
  ...
# Subtest: Symbol resolver — LLN-NAME-001 undeclared name
    # Subtest: emits LLN-NAME-001 when identifier in expression is not declared
    ok 1 - emits LLN-NAME-001 when identifier in expression is not declared
      ---
      duration_ms: 4.6183
      ...
    # Subtest: does not emit LLN-NAME-001 for None, Some, Ok, Err
    ok 2 - does not emit LLN-NAME-001 for None, Some, Ok, Err
      ---
      duration_ms: 1.0315
      ...
    # Subtest: does not emit LLN-NAME-001 for standard prelude names
    ok 3 - does not emit LLN-NAME-001 for standard prelude names
      ---
      duration_ms: 1.1547
      ...
    # Subtest: does not emit LLN-NAME-001 for flow-scoped parameter names
    ok 4 - does not emit LLN-NAME-001 for flow-scoped parameter names
      ---
      duration_ms: 0.4697
      ...
    1..4
ok 373 - Symbol resolver — LLN-NAME-001 undeclared name
  ---
  duration_ms: 8.6897
  type: 'suite'
  ...
# Subtest: Symbol resolver — LLN-NAME-002 duplicate name
    # Subtest: emits LLN-NAME-002 when same name declared twice in same scope
    ok 1 - emits LLN-NAME-002 when same name declared twice in same scope
      ---
      duration_ms: 0.6929
      ...
    # Subtest: does not emit LLN-NAME-002 for shadowing in inner scope
    ok 2 - does not emit LLN-NAME-002 for shadowing in inner scope
      ---
      duration_ms: 0.582
      ...
    # Subtest: does not emit LLN-NAME-002 for same field name in different records
    ok 3 - does not emit LLN-NAME-002 for same field name in different records
      ---
      duration_ms: 0.6556
      ...
    1..3
ok 374 - Symbol resolver — LLN-NAME-002 duplicate name
  ---
  duration_ms: 3.389
  type: 'suite'
  ...
# Subtest: Symbol resolver — LLN-NAME-003 cross-module shadow
    # Subtest: emits LLN-NAME-003 when a let binding in flow body shadows a built-in domain type
    ok 1 - emits LLN-NAME-003 when a let binding in flow body shadows a built-in domain type
      ---
      duration_ms: 0.5429
      ...
    # Subtest: emits LLN-NAME-003 when a mut binding shadows a built-in domain type
    ok 2 - emits LLN-NAME-003 when a mut binding shadows a built-in domain type
      ---
      duration_ms: 0.7313
      ...
    # Subtest: does not emit LLN-NAME-003 for parameter shadowing a built-in domain type
    ok 3 - does not emit LLN-NAME-003 for parameter shadowing a built-in domain type
      ---
      duration_ms: 0.5809
      ...
    # Subtest: does not emit LLN-NAME-003 for non-domain-type bindings
    ok 4 - does not emit LLN-NAME-003 for non-domain-type bindings
      ---
      duration_ms: 0.2646
      ...
    # Subtest: cross-module shadow warning has correct source location
    ok 5 - cross-module shadow warning has correct source location
      ---
      duration_ms: 0.2871
      ...
    1..5
ok 375 - Symbol resolver — LLN-NAME-003 cross-module shadow
  ---
  duration_ms: 2.7977
  type: 'suite'
  ...
# Subtest: Symbol resolver — SymbolTable
    # Subtest: populates flow names in symbolTable
    ok 1 - populates flow names in symbolTable
      ---
      duration_ms: 0.3553
      ...
    # Subtest: populates type names in symbolTable
    ok 2 - populates type names in symbolTable
      ---
      duration_ms: 0.5498
      ...
    # Subtest: symbolTable flows have source locations
    ok 3 - symbolTable flows have source locations
      ---
      duration_ms: 0.203
      ...
    1..3
ok 376 - Symbol resolver — SymbolTable
  ---
  duration_ms: 1.2787
  type: 'suite'
  ...
# Subtest: Type checker — LLN-TYPE-005 InvalidCallArgType
    # Subtest: emits LLN-TYPE-005 when calling flow(42) where flow expects String
    ok 1 - emits LLN-TYPE-005 when calling flow(42) where flow expects String
      ---
      duration_ms: 7.3334
      ...
    # Subtest: does NOT emit LLN-TYPE-005 when calling flow('ok') where flow expects String
    ok 2 - does NOT emit LLN-TYPE-005 when calling flow('ok') where flow expects String
      ---
      duration_ms: 0.8211
      ...
    # Subtest: LLN-TYPE-005 message mentions the expected and received types
    ok 3 - LLN-TYPE-005 message mentions the expected and received types
      ---
      duration_ms: 0.5593
      ...
    # Subtest: does NOT emit LLN-TYPE-005 when argument count is wrong (that is TYPE-007)
    ok 4 - does NOT emit LLN-TYPE-005 when argument count is wrong (that is TYPE-007)
      ---
      duration_ms: 0.3854
      ...
    # Subtest: does NOT emit LLN-TYPE-005 when argument type is unknown (undefined)
    ok 5 - does NOT emit LLN-TYPE-005 when argument type is unknown (undefined)
      ---
      duration_ms: 0.5159
      ...
    1..5
ok 377 - Type checker — LLN-TYPE-005 InvalidCallArgType
  ---
  duration_ms: 11.1059
  type: 'suite'
  ...
# Subtest: Type checker — LLN-TYPE-014 MissingRequiredEffect
    # Subtest: emits LLN-TYPE-014 when calling a flow with network.outbound from a pure flow
    ok 1 - emits LLN-TYPE-014 when calling a flow with network.outbound from a pure flow
      ---
      duration_ms: 2.2434
      ...
    # Subtest: LLN-TYPE-014 message mentions the missing effect and the called flow
    ok 2 - LLN-TYPE-014 message mentions the missing effect and the called flow
      ---
      duration_ms: 0.4639
      ...
    # Subtest: does NOT emit LLN-TYPE-014 when caller declares the required effect
    ok 3 - does NOT emit LLN-TYPE-014 when caller declares the required effect
      ---
      duration_ms: 0.4691
      ...
    # Subtest: does NOT emit LLN-TYPE-014 for flows with no declared effects
    ok 4 - does NOT emit LLN-TYPE-014 for flows with no declared effects
      ---
      duration_ms: 0.4776
      ...
    1..4
ok 378 - Type checker — LLN-TYPE-014 MissingRequiredEffect
  ---
  duration_ms: 4.0665
  type: 'suite'
  ...
# Subtest: Type checker — match expression type inference
    # Subtest: infers Int from match expression where all arms return Int literals
    ok 1 - infers Int from match expression where all arms return Int literals
      ---
      duration_ms: 0.7862
      ...
    # Subtest: allows a match expression where Ok arm and Err arm both return Int
    ok 2 - allows a match expression where Ok arm and Err arm both return Int
      ---
      duration_ms: 0.5587
      ...
    1..2
ok 379 - Type checker — match expression type inference
  ---
  duration_ms: 1.5863
  type: 'suite'
  ...
# Subtest: Type checker — LLN-TYPE-002 does not fire for protected-to-protected
    # Subtest: does NOT emit TYPE-002 for protected Email assigned to protected Email binding
    ok 1 - does NOT emit TYPE-002 for protected Email assigned to protected Email binding
      ---
      duration_ms: 0.5192
      ...
    # Subtest: does NOT emit TYPE-002 when Auto is declared (widening always allowed)
    ok 2 - does NOT emit TYPE-002 when Auto is declared (widening always allowed)
      ---
      duration_ms: 0.2572
      ...
    # Subtest: emits TYPE-002 when String literal assigned to Int binding
    ok 3 - emits TYPE-002 when String literal assigned to Int binding
      ---
      duration_ms: 0.2822
      ...
    # Subtest: emits TYPE-002 when Bool literal assigned to String binding
    ok 4 - emits TYPE-002 when Bool literal assigned to String binding
      ---
      duration_ms: 0.257
      ...
    # Subtest: does NOT emit TYPE-002 for Int literal assigned to Int binding
    ok 5 - does NOT emit TYPE-002 for Int literal assigned to Int binding
      ---
      duration_ms: 0.2351
      ...
    1..5
ok 380 - Type checker — LLN-TYPE-002 does not fire for protected-to-protected
  ---
  duration_ms: 1.7761
  type: 'suite'
  ...
# Subtest: inferType — listLiteral
    # Subtest: infers Array<Int> for a list of Int literals and no LLN-TYPE-011
    ok 1 - infers Array<Int> for a list of Int literals and no LLN-TYPE-011
      ---
      duration_ms: 7.5372
      ...
    # Subtest: infers Array<String> for a list of String literals
    ok 2 - infers Array<String> for a list of String literals
      ---
      duration_ms: 0.4288
      ...
    # Subtest: allows bare Array without element type (no arity error for unconstrained)
    ok 3 - allows bare Array without element type (no arity error for unconstrained)
      ---
      duration_ms: 0.4322
      ...
    1..3
ok 381 - inferType — listLiteral
  ---
  duration_ms: 9.474
  type: 'suite'
  ...
# Subtest: Type checker — LLN-TYPE-011 InvalidCollectionElement
    # Subtest: emits LLN-TYPE-011 when Array<Int> contains a String element
    ok 1 - emits LLN-TYPE-011 when Array<Int> contains a String element
      ---
      duration_ms: 0.3736
      ...
    # Subtest: includes the element type in the diagnostic message
    ok 2 - includes the element type in the diagnostic message
      ---
      duration_ms: 0.3038
      ...
    # Subtest: emits LLN-TYPE-011 when Array<Bool> contains an Int element
    ok 3 - emits LLN-TYPE-011 when Array<Bool> contains an Int element
      ---
      duration_ms: 0.3027
      ...
    # Subtest: does not emit LLN-TYPE-011 for all-matching elements
    ok 4 - does not emit LLN-TYPE-011 for all-matching elements
      ---
      duration_ms: 0.2993
      ...
    # Subtest: does not emit LLN-TYPE-011 when Array has no type parameter
    ok 5 - does not emit LLN-TYPE-011 when Array has no type parameter
      ---
      duration_ms: 0.4253
      ...
    1..5
ok 382 - Type checker — LLN-TYPE-011 InvalidCollectionElement
  ---
  duration_ms: 2.0614
  type: 'suite'
  ...
# Subtest: Type checker — LLN-TYPE-017 QuantizedPrecisionMismatch (spec stub)
    # Subtest: does NOT emit LLN-TYPE-017 for Float → Float16 (narrowing is TYPE-002 territory)
    ok 1 - does NOT emit LLN-TYPE-017 for Float → Float16 (narrowing is TYPE-002 territory)
      ---
      duration_ms: 0.5234
      ...
    # Subtest: does NOT emit LLN-TYPE-017 for Int → Int8 (narrowing is TYPE-002 territory)
    ok 2 - does NOT emit LLN-TYPE-017 for Int → Int8 (narrowing is TYPE-002 territory)
      ---
      duration_ms: 0.5047
      ...
    # Subtest: does not emit LLN-TYPE-017 when Float assigned to Float64 (widening)
    ok 3 - does not emit LLN-TYPE-017 when Float assigned to Float64 (widening)
      ---
      duration_ms: 0.2778
      ...
    # Subtest: does not emit LLN-TYPE-017 when exact same precision type is used
    ok 4 - does not emit LLN-TYPE-017 when exact same precision type is used
      ---
      duration_ms: 0.1536
      ...
    1..4
ok 383 - Type checker — LLN-TYPE-017 QuantizedPrecisionMismatch (spec stub)
  ---
  duration_ms: 1.7786
  type: 'suite'
  ...
# Subtest: Value-state checker — LLN-VALUESTATE-006 ProtectedBoundaryViolation
    # Subtest: emits LLN-VALUESTATE-006 when protect(String) assigned to plain String binding
    ok 1 - emits LLN-VALUESTATE-006 when protect(String) assigned to plain String binding
      ---
      duration_ms: 1.5967
      ...
    # Subtest: LLN-VALUESTATE-006 message mentions the protected qualifier
    ok 2 - LLN-VALUESTATE-006 message mentions the protected qualifier
      ---
      duration_ms: 0.3923
      ...
    # Subtest: does not emit LLN-VALUESTATE-006 when declared type is also protected
    ok 3 - does not emit LLN-VALUESTATE-006 when declared type is also protected
      ---
      duration_ms: 0.171
      ...
    # Subtest: does not emit LLN-VALUESTATE-006 for plain string literal assigned to String
    ok 4 - does not emit LLN-VALUESTATE-006 for plain string literal assigned to String
      ---
      duration_ms: 0.1538
      ...
    1..4
ok 384 - Value-state checker — LLN-VALUESTATE-006 ProtectedBoundaryViolation
  ---
  duration_ms: 2.4408
  type: 'suite'
  ...
# Subtest: Value-state checker — LLN-VALUESTATE-007 RedactedBoundaryViolation
    # Subtest: emits LLN-VALUESTATE-007 when redact(String) assigned to plain String binding
    ok 1 - emits LLN-VALUESTATE-007 when redact(String) assigned to plain String binding
      ---
      duration_ms: 0.2011
      ...
    # Subtest: LLN-VALUESTATE-007 message mentions irreversibility
    ok 2 - LLN-VALUESTATE-007 message mentions irreversibility
      ---
      duration_ms: 0.1415
      ...
    # Subtest: does not emit LLN-VALUESTATE-007 when declared type is redacted
    ok 3 - does not emit LLN-VALUESTATE-007 when declared type is redacted
      ---
      duration_ms: 0.1729
      ...
    # Subtest: does not emit LLN-VALUESTATE-007 for a plain String literal assigned to String
    ok 4 - does not emit LLN-VALUESTATE-007 for a plain String literal assigned to String
      ---
      duration_ms: 0.1182
      ...
    1..4
ok 385 - Value-state checker — LLN-VALUESTATE-007 RedactedBoundaryViolation
  ---
  duration_ms: 0.7948
  type: 'suite'
  ...
# Subtest: Type checker — LLN-TYPE-004 extended: String + non-String
    # Subtest: emits LLN-TYPE-004 for String + Int
    ok 1 - emits LLN-TYPE-004 for String + Int
      ---
      duration_ms: 0.373
      ...
    # Subtest: emits LLN-TYPE-004 for Int + String
    ok 2 - emits LLN-TYPE-004 for Int + String
      ---
      duration_ms: 0.1217
      ...
    # Subtest: does not emit LLN-TYPE-004 for String + String (valid concatenation)
    ok 3 - does not emit LLN-TYPE-004 for String + String (valid concatenation)
      ---
      duration_ms: 0.1056
      ...
    1..3
ok 386 - Type checker — LLN-TYPE-004 extended: String + non-String
  ---
  duration_ms: 0.6832
  type: 'suite'
  ...
# Subtest: Type checker — LLN-TYPE-004 extended: Bool arithmetic
    # Subtest: emits LLN-TYPE-004 for true + 1 (Bool + Int)
    ok 1 - emits LLN-TYPE-004 for true + 1 (Bool + Int)
      ---
      duration_ms: 0.2824
      ...
    # Subtest: emits LLN-TYPE-004 for false - 1 (Bool - Int)
    ok 2 - emits LLN-TYPE-004 for false - 1 (Bool - Int)
      ---
      duration_ms: 0.1185
      ...
    # Subtest: emits LLN-TYPE-004 for true * 2 (Bool * Int)
    ok 3 - emits LLN-TYPE-004 for true * 2 (Bool * Int)
      ---
      duration_ms: 0.1008
      ...
    # Subtest: does not emit LLN-TYPE-004 for Bool && Bool (valid logical op)
    ok 4 - does not emit LLN-TYPE-004 for Bool && Bool (valid logical op)
      ---
      duration_ms: 0.1101
      ...
    # Subtest: does not emit LLN-TYPE-004 for Bool || Bool (valid logical op)
    ok 5 - does not emit LLN-TYPE-004 for Bool || Bool (valid logical op)
      ---
      duration_ms: 0.0959
      ...
    1..5
ok 387 - Type checker — LLN-TYPE-004 extended: Bool arithmetic
  ---
  duration_ms: 0.8156
  type: 'suite'
  ...
# Subtest: Type checker — LLN-TYPE-004 extended: String ordering
    # Subtest: does not emit LLN-TYPE-004 for String < String (valid same-type comparison)
    ok 1 - does not emit LLN-TYPE-004 for String < String (valid same-type comparison)
      ---
      duration_ms: 0.1238
      ...
    # Subtest: does not emit LLN-TYPE-004 for Int < Int
    ok 2 - does not emit LLN-TYPE-004 for Int < Int
      ---
      duration_ms: 0.1113
      ...
    1..2
ok 388 - Type checker — LLN-TYPE-004 extended: String ordering
  ---
  duration_ms: 0.3017
  type: 'suite'
  ...
# Subtest: inferType — extended stdlib method coverage
    # Subtest: inferType works for Bytes receiver methods (no spurious type errors)
    ok 1 - inferType works for Bytes receiver methods (no spurious type errors)
      ---
      duration_ms: 0.3346
      ...
    # Subtest: allows Array<String> with proper element types
    ok 2 - allows Array<String> with proper element types
      ---
      duration_ms: 0.2595
      ...
    # Subtest: errorPropagation (?) on plain identifier does not crash
    ok 3 - errorPropagation (?) on plain identifier does not crash
      ---
      duration_ms: 0.2091
      ...
    1..3
ok 389 - inferType — extended stdlib method coverage
  ---
  duration_ms: 0.896
  type: 'suite'
  ...
# Subtest: LLN_TYPE_010..019 exported constants
    # Subtest: exports LLN_TYPE_010 through LLN_TYPE_019 from the package
    ok 1 - exports LLN_TYPE_010 through LLN_TYPE_019 from the package
      ---
      duration_ms: 0.3338
      ...
    # Subtest: LLN_TYPE_017 has severity warning (QuantizedPrecisionMismatch)
    ok 2 - LLN_TYPE_017 has severity warning (QuantizedPrecisionMismatch)
      ---
      duration_ms: 0.1816
      ...
    # Subtest: LLN_TYPE_018 has severity error (InvalidRuntimeTargetType)
    ok 3 - LLN_TYPE_018 has severity error (InvalidRuntimeTargetType)
      ---
      duration_ms: 0.1659
      ...
    # Subtest: LLN_TYPE_019 has severity error (UnknownSymbol)
    ok 4 - LLN_TYPE_019 has severity error (UnknownSymbol)
      ---
      duration_ms: 0.1052
      ...
    # Subtest: LLN_TYPE_010 has severity error (UnsatisfiedGenericConstraint)
    ok 5 - LLN_TYPE_010 has severity error (UnsatisfiedGenericConstraint)
      ---
      duration_ms: 0.1071
      ...
    # Subtest: LLN_TYPE_011 has name InvalidCollectionElement
    ok 6 - LLN_TYPE_011 has name InvalidCollectionElement
      ---
      duration_ms: 0.0998
      ...
    1..6
ok 390 - LLN_TYPE_010..019 exported constants
  ---
  duration_ms: 1.153
  type: 'suite'
  ...
# Subtest: LLN_VALUESTATE_006 and LLN_VALUESTATE_007 exported constants
    # Subtest: exports LLN_VALUESTATE_006 with correct code and name
    ok 1 - exports LLN_VALUESTATE_006 with correct code and name
      ---
      duration_ms: 0.1538
      ...
    # Subtest: exports LLN_VALUESTATE_007 with correct code and name
    ok 2 - exports LLN_VALUESTATE_007 with correct code and name
      ---
      duration_ms: 0.1964
      ...
    1..2
ok 391 - LLN_VALUESTATE_006 and LLN_VALUESTATE_007 exported constants
  ---
  duration_ms: 0.4251
  type: 'suite'
  ...
# Subtest: Type checker — LLN-TYPE-001 unknown type
    # Subtest: emits LLN-TYPE-001 for a misspelled built-in type in a parameter
    ok 1 - emits LLN-TYPE-001 for a misspelled built-in type in a parameter
      ---
      duration_ms: 7.2016
      ...
    # Subtest: emits LLN-TYPE-001 for an unknown return type
    ok 2 - emits LLN-TYPE-001 for an unknown return type
      ---
      duration_ms: 0.8986
      ...
    # Subtest: emits LLN-TYPE-001 for unknown type in let binding annotation
    ok 3 - emits LLN-TYPE-001 for unknown type in let binding annotation
      ---
      duration_ms: 0.8687
      ...
    # Subtest: does not emit LLN-TYPE-001 for all built-in scalar types
    ok 4 - does not emit LLN-TYPE-001 for all built-in scalar types
      ---
      duration_ms: 0.4517
      ...
    # Subtest: does not emit LLN-TYPE-001 for all built-in error types
    ok 5 - does not emit LLN-TYPE-001 for all built-in error types
      ---
      duration_ms: 0.324
      ...
    # Subtest: does not emit LLN-TYPE-001 for a user-defined type
    ok 6 - does not emit LLN-TYPE-001 for a user-defined type
      ---
      duration_ms: 0.2995
      ...
    # Subtest: does not emit LLN-TYPE-001 for a user-defined enum
    ok 7 - does not emit LLN-TYPE-001 for a user-defined enum
      ---
      duration_ms: 0.3156
      ...
    # Subtest: includes a fuzzy suggestion when the type name is close to a known type
    ok 8 - includes a fuzzy suggestion when the type name is close to a known type
      ---
      duration_ms: 0.7991
      ...
    1..8
ok 392 - Type checker — LLN-TYPE-001 unknown type
  ---
  duration_ms: 12.541
  type: 'suite'
  ...
# Subtest: Type checker — LLN-TYPE-009 generic arity
    # Subtest: emits LLN-TYPE-009 for Option with two type args
    ok 1 - emits LLN-TYPE-009 for Option with two type args
      ---
      duration_ms: 0.597
      ...
    # Subtest: emits LLN-TYPE-009 for Map with only one type arg
    ok 2 - emits LLN-TYPE-009 for Map with only one type arg
      ---
      duration_ms: 0.6127
      ...
    # Subtest: emits LLN-TYPE-009 for Result with one type arg
    ok 3 - emits LLN-TYPE-009 for Result with one type arg
      ---
      duration_ms: 0.3032
      ...
    # Subtest: does not emit LLN-TYPE-009 for Option with correct arity
    ok 4 - does not emit LLN-TYPE-009 for Option with correct arity
      ---
      duration_ms: 0.1783
      ...
    # Subtest: does not emit LLN-TYPE-009 for Result<T, E> with correct arity
    ok 5 - does not emit LLN-TYPE-009 for Result<T, E> with correct arity
      ---
      duration_ms: 0.138
      ...
    # Subtest: does not emit LLN-TYPE-009 for Map<K, V> with correct arity
    ok 6 - does not emit LLN-TYPE-009 for Map<K, V> with correct arity
      ---
      duration_ms: 0.1387
      ...
    # Subtest: does not emit LLN-TYPE-009 for Array<T> with correct arity
    ok 7 - does not emit LLN-TYPE-009 for Array<T> with correct arity
      ---
      duration_ms: 0.1231
      ...
    # Subtest: does not emit LLN-TYPE-009 for Money<GBP> with correct arity
    ok 8 - does not emit LLN-TYPE-009 for Money<GBP> with correct arity
      ---
      duration_ms: 0.1574
      ...
    # Subtest: also checks type args recursively
    ok 9 - also checks type args recursively
      ---
      duration_ms: 0.1636
      ...
    1..9
ok 393 - Type checker — LLN-TYPE-009 generic arity
  ---
  duration_ms: 2.7248
  type: 'suite'
  ...
# Subtest: Type checker — built-in generic types valid arity
    # Subtest: accepts all generic types with correct arity
    ok 1 - accepts all generic types with correct arity
      ---
      duration_ms: 0.3094
      ...
    1..1
ok 394 - Type checker — built-in generic types valid arity
  ---
  duration_ms: 0.3705
  type: 'suite'
  ...
# Subtest: Type checker — full built-in type catalogue
    # Subtest: accepts all numeric types as parameter annotations
    ok 1 - accepts all numeric types as parameter annotations
      ---
      duration_ms: 0.3716
      ...
    # Subtest: accepts all JSON types as parameter annotations
    ok 2 - accepts all JSON types as parameter annotations
      ---
      duration_ms: 0.1841
      ...
    1..2
ok 395 - Type checker — full built-in type catalogue
  ---
  duration_ms: 0.6414
  type: 'suite'
  ...
# Subtest: Type checker — LLN-TYPE-008 null/undefined
    # Subtest: emits LLN-TYPE-008 for null literal in expression
    ok 1 - emits LLN-TYPE-008 for null literal in expression
      ---
      duration_ms: 0.2429
      ...
    # Subtest: emits LLN-TYPE-008 for undefined literal in expression
    ok 2 - emits LLN-TYPE-008 for undefined literal in expression
      ---
      duration_ms: 0.1516
      ...
    # Subtest: does not emit LLN-TYPE-008 for None (valid LogicN absence value)
    ok 3 - does not emit LLN-TYPE-008 for None (valid LogicN absence value)
      ---
      duration_ms: 0.1113
      ...
    1..3
ok 396 - Type checker — LLN-TYPE-008 null/undefined
  ---
  duration_ms: 0.6243
  type: 'suite'
  ...
# Subtest: Type checker — LLN-TYPE-020 shadowed binding
    # Subtest: emits LLN-TYPE-020 warning when inner binding shadows outer
    ok 1 - emits LLN-TYPE-020 warning when inner binding shadows outer
      ---
      duration_ms: 0.3533
      ...
    # Subtest: does not emit LLN-TYPE-020 for first declaration (no shadow)
    ok 2 - does not emit LLN-TYPE-020 for first declaration (no shadow)
      ---
      duration_ms: 0.1831
      ...
    1..2
ok 397 - Type checker — LLN-TYPE-020 shadowed binding
  ---
  duration_ms: 0.6148
  type: 'suite'
  ...
# Subtest: Type checker — LLN-NAME-002 duplicate name
    # Subtest: emits LLN-NAME-002 when same name declared twice in same scope
    ok 1 - emits LLN-NAME-002 when same name declared twice in same scope
      ---
      duration_ms: 0.2739
      ...
    # Subtest: does not emit LLN-NAME-002 for same name in different scopes
    ok 2 - does not emit LLN-NAME-002 for same name in different scopes
      ---
      duration_ms: 0.2723
      ...
    1..2
ok 398 - Type checker — LLN-NAME-002 duplicate name
  ---
  duration_ms: 0.6201
  type: 'suite'
  ...
# Subtest: Type checker — LLN-TYPE-021 non-exhaustive match
    # Subtest: emits LLN-TYPE-021 when Option match is missing None arm
    ok 1 - emits LLN-TYPE-021 when Option match is missing None arm
      ---
      duration_ms: 0.5478
      ...
    # Subtest: emits LLN-TYPE-021 when Result match is missing Err arm
    ok 2 - emits LLN-TYPE-021 when Result match is missing Err arm
      ---
      duration_ms: 0.1911
      ...
    # Subtest: emits LLN-TYPE-021 when enum match is missing a variant
    ok 3 - emits LLN-TYPE-021 when enum match is missing a variant
      ---
      duration_ms: 0.2845
      ...
    # Subtest: does not emit LLN-TYPE-021 when all Option arms present
    ok 4 - does not emit LLN-TYPE-021 when all Option arms present
      ---
      duration_ms: 0.1658
      ...
    # Subtest: does not emit LLN-TYPE-021 when wildcard _ arm is present
    ok 5 - does not emit LLN-TYPE-021 when wildcard _ arm is present
      ---
      duration_ms: 0.2198
      ...
    1..5
ok 399 - Type checker — LLN-TYPE-021 non-exhaustive match
  ---
  duration_ms: 1.5577
  type: 'suite'
  ...
# Subtest: Type checker — LLN-TYPE-022 unreachable pattern
    # Subtest: emits LLN-TYPE-022 when arm follows wildcard _
    ok 1 - emits LLN-TYPE-022 when arm follows wildcard _
      ---
      duration_ms: 0.2757
      ...
    # Subtest: does not emit LLN-TYPE-022 when wildcard is last arm
    ok 2 - does not emit LLN-TYPE-022 when wildcard is last arm
      ---
      duration_ms: 0.1572
      ...
    1..2
ok 400 - Type checker — LLN-TYPE-022 unreachable pattern
  ---
  duration_ms: 0.5043
  type: 'suite'
  ...
# Subtest: Type checker — LLN-TYPE-008 null/undefined
    # Subtest: emits LLN-TYPE-008 for null literal in expression
    ok 1 - emits LLN-TYPE-008 for null literal in expression
      ---
      duration_ms: 0.1859
      ...
    # Subtest: emits LLN-TYPE-008 for undefined literal in expression
    ok 2 - emits LLN-TYPE-008 for undefined literal in expression
      ---
      duration_ms: 0.1324
      ...
    # Subtest: does not emit LLN-TYPE-008 for None
    ok 3 - does not emit LLN-TYPE-008 for None
      ---
      duration_ms: 0.1107
      ...
    1..3
ok 401 - Type checker — LLN-TYPE-008 null/undefined
  ---
  duration_ms: 0.5363
  type: 'suite'
  ...
# Subtest: Type checker — LLN-TYPE-020 shadowed binding
    # Subtest: emits LLN-TYPE-020 warning when inner binding shadows outer
    ok 1 - emits LLN-TYPE-020 warning when inner binding shadows outer
      ---
      duration_ms: 0.1925
      ...
    # Subtest: does not emit LLN-TYPE-020 for same-scope redeclaration
    ok 2 - does not emit LLN-TYPE-020 for same-scope redeclaration
      ---
      duration_ms: 0.1367
      ...
    # Subtest: LLN-TYPE-020 has severity warning
    ok 3 - LLN-TYPE-020 has severity warning
      ---
      duration_ms: 0.1501
      ...
    1..3
ok 402 - Type checker — LLN-TYPE-020 shadowed binding
  ---
  duration_ms: 0.5645
  type: 'suite'
  ...
# Subtest: Type checker — LLN-TYPE-021 non-exhaustive match
    # Subtest: emits LLN-TYPE-021 when Option match is missing None arm
    ok 1 - emits LLN-TYPE-021 when Option match is missing None arm
      ---
      duration_ms: 0.2731
      ...
    # Subtest: emits LLN-TYPE-021 when Result match is missing Err arm
    ok 2 - emits LLN-TYPE-021 when Result match is missing Err arm
      ---
      duration_ms: 0.1679
      ...
    # Subtest: emits LLN-TYPE-021 when enum match is missing a variant
    ok 3 - emits LLN-TYPE-021 when enum match is missing a variant
      ---
      duration_ms: 0.1576
      ...
    # Subtest: does not emit LLN-TYPE-021 when all arms present
    ok 4 - does not emit LLN-TYPE-021 when all arms present
      ---
      duration_ms: 1.3327
      ...
    # Subtest: does not emit LLN-TYPE-021 when wildcard _ arm is present
    ok 5 - does not emit LLN-TYPE-021 when wildcard _ arm is present
      ---
      duration_ms: 0.4535
      ...
    1..5
ok 403 - Type checker — LLN-TYPE-021 non-exhaustive match
  ---
  duration_ms: 2.5584
  type: 'suite'
  ...
# Subtest: Type checker — prefix qualifier not LLN-TYPE-001
    # Subtest: let email: protected Email does not emit LLN-TYPE-001 for protected
    ok 1 - let email: protected Email does not emit LLN-TYPE-001 for protected
      ---
      duration_ms: 1.0627
      ...
    # Subtest: let audit: redacted Email does not emit LLN-TYPE-001 for redacted
    ok 2 - let audit: redacted Email does not emit LLN-TYPE-001 for redacted
      ---
      duration_ms: 0.8682
      ...
    1..2
ok 404 - Type checker — prefix qualifier not LLN-TYPE-001
  ---
  duration_ms: 2.0606
  type: 'suite'
  ...
# Subtest: Type checker — LLN-TYPE-002 type mismatch
    # Subtest: emits LLN-TYPE-002 when string literal assigned to Int binding
    ok 1 - emits LLN-TYPE-002 when string literal assigned to Int binding
      ---
      duration_ms: 0.3194
      ...
    # Subtest: emits LLN-TYPE-002 when bool literal assigned to String binding
    ok 2 - emits LLN-TYPE-002 when bool literal assigned to String binding
      ---
      duration_ms: 0.212
      ...
    # Subtest: does not emit LLN-TYPE-002 for correct Int assignment
    ok 3 - does not emit LLN-TYPE-002 for correct Int assignment
      ---
      duration_ms: 0.1817
      ...
    # Subtest: does not emit LLN-TYPE-002 for correct String assignment
    ok 4 - does not emit LLN-TYPE-002 for correct String assignment
      ---
      duration_ms: 0.2156
      ...
    # Subtest: does not emit LLN-TYPE-002 for Auto inference
    ok 5 - does not emit LLN-TYPE-002 for Auto inference
      ---
      duration_ms: 0.185
      ...
    # Subtest: does not emit LLN-TYPE-002 when assigning Int literal to sized int type (widening)
    ok 6 - does not emit LLN-TYPE-002 when assigning Int literal to sized int type (widening)
      ---
      duration_ms: 0.1808
      ...
    1..6
ok 405 - Type checker — LLN-TYPE-002 type mismatch
  ---
  duration_ms: 1.5562
  type: 'suite'
  ...
# Subtest: Type checker — LLN-TYPE-004 binary operation
    # Subtest: emits LLN-TYPE-004 when String + Int is used
    ok 1 - emits LLN-TYPE-004 when String + Int is used
      ---
      duration_ms: 0.7443
      ...
    # Subtest: does not emit LLN-TYPE-004 for String + String
    ok 2 - does not emit LLN-TYPE-004 for String + String
      ---
      duration_ms: 0.2169
      ...
    # Subtest: does not emit LLN-TYPE-004 for Int + Int
    ok 3 - does not emit LLN-TYPE-004 for Int + Int
      ---
      duration_ms: 0.1858
      ...
    # Subtest: emits LLN-TYPE-004 for Bool used with &&  but left operand is String literal
    ok 4 - emits LLN-TYPE-004 for Bool used with &&  but left operand is String literal
      ---
      duration_ms: 0.1641
      ...
    1..4
ok 406 - Type checker — LLN-TYPE-004 binary operation
  ---
  duration_ms: 1.4772
  type: 'suite'
  ...
# Subtest: Type checker — LLN-TYPE-007 argument count
    # Subtest: emits LLN-TYPE-007 when flow called with too many arguments
    ok 1 - emits LLN-TYPE-007 when flow called with too many arguments
      ---
      duration_ms: 0.3661
      ...
    # Subtest: emits LLN-TYPE-007 when flow called with too few arguments
    ok 2 - emits LLN-TYPE-007 when flow called with too few arguments
      ---
      duration_ms: 0.3131
      ...
    # Subtest: does not emit LLN-TYPE-007 when correct number of arguments given
    ok 3 - does not emit LLN-TYPE-007 when correct number of arguments given
      ---
      duration_ms: 0.2255
      ...
    1..3
ok 407 - Type checker — LLN-TYPE-007 argument count
  ---
  duration_ms: 1.0251
  type: 'suite'
  ...
# Subtest: Type checker — LLN-TYPE-005 call argument type
    # Subtest: emits LLN-TYPE-005 when String literal passed where Int expected
    ok 1 - emits LLN-TYPE-005 when String literal passed where Int expected
      ---
      duration_ms: 0.2707
      ...
    # Subtest: does not emit LLN-TYPE-005 when correct type is passed
    ok 2 - does not emit LLN-TYPE-005 when correct type is passed
      ---
      duration_ms: 0.3186
      ...
    1..2
ok 408 - Type checker — LLN-TYPE-005 call argument type
  ---
  duration_ms: 0.7122
  type: 'suite'
  ...
# Subtest: Type checker — LLN-TYPE-008 invalid return type
    # Subtest: emits LLN-TYPE-008 when String returned from Int flow
    ok 1 - emits LLN-TYPE-008 when String returned from Int flow
      ---
      duration_ms: 0.2425
      ...
    # Subtest: does not emit LLN-TYPE-008 when correct type returned
    ok 2 - does not emit LLN-TYPE-008 when correct type returned
      ---
      duration_ms: 0.1845
      ...
    # Subtest: does not emit LLN-TYPE-008 when Ok() returned from Result flow
    ok 3 - does not emit LLN-TYPE-008 when Ok() returned from Result flow
      ---
      duration_ms: 0.204
      ...
    1..3
ok 409 - Type checker — LLN-TYPE-008 invalid return type
  ---
  duration_ms: 0.7821
  type: 'suite'
  ...
# Subtest: Type checker — Money cross-currency (Phase 8B)
    # Subtest: does not emit LLN-TYPE-004 for same-currency Money addition
    ok 1 - does not emit LLN-TYPE-004 for same-currency Money addition
      ---
      duration_ms: 0.4256
      ...
    # Subtest: emits LLN-TYPE-004 for cross-currency Money addition
    ok 2 - emits LLN-TYPE-004 for cross-currency Money addition
      ---
      duration_ms: 0.4993
      ...
    # Subtest: emits LLN-TYPE-004 for Money * Money (dimensionally invalid)
    ok 3 - emits LLN-TYPE-004 for Money * Money (dimensionally invalid)
      ---
      duration_ms: 0.3882
      ...
    1..3
ok 410 - Type checker — Money cross-currency (Phase 8B)
  ---
  duration_ms: 1.469
  type: 'suite'
  ...
# Subtest: Type checker — LLN-TYPE-003 branded type enforcement (Phase 9A-2)
    # Subtest: emits LLN-TYPE-003 when unsafe let assigns to a branded type
    ok 1 - emits LLN-TYPE-003 when unsafe let assigns to a branded type
      ---
      duration_ms: 2.3938
      ...
    # Subtest: emits LLN-TYPE-003 when a string literal is directly assigned to a branded type
    ok 2 - emits LLN-TYPE-003 when a string literal is directly assigned to a branded type
      ---
      duration_ms: 0.9571
      ...
    # Subtest: does NOT emit LLN-TYPE-003 for a plain let binding with string type
    ok 3 - does NOT emit LLN-TYPE-003 for a plain let binding with string type
      ---
      duration_ms: 0.2459
      ...
    # Subtest: does NOT emit LLN-TYPE-003 when a type is declared but not a Brand alias
    ok 4 - does NOT emit LLN-TYPE-003 when a type is declared but not a Brand alias
      ---
      duration_ms: 0.2149
      ...
    # Subtest: emits LLN-TYPE-003 for two different branded types in the same flow
    ok 5 - emits LLN-TYPE-003 for two different branded types in the same flow
      ---
      duration_ms: 1.4945
      ...
    # Subtest: LLN-TYPE-003 diagnostic includes a suggestedCode with validate gate
    ok 6 - LLN-TYPE-003 diagnostic includes a suggestedCode with validate gate
      ---
      duration_ms: 0.7452
      ...
    1..6
ok 411 - Type checker — LLN-TYPE-003 branded type enforcement (Phase 9A-2)
  ---
  duration_ms: 6.3868
  type: 'suite'
  ...
# Subtest: Type checker — Auto inference + binding type propagation (Phase 8B)
    # Subtest: Auto binding infers from integer literal without error
    ok 1 - Auto binding infers from integer literal without error
      ---
      duration_ms: 0.1667
      ...
    # Subtest: inferred binding type used in subsequent assignment check
    ok 2 - inferred binding type used in subsequent assignment check
      ---
      duration_ms: 0.1359
      ...
    1..2
ok 412 - Type checker — Auto inference + binding type propagation (Phase 8B)
  ---
  duration_ms: 0.3745
  type: 'suite'
  ...
# Subtest: Type checker — Phase 11A.3 member access inference
    # Subtest: infers String for request.body field access
    ok 1 - infers String for request.body field access
      ---
      duration_ms: 0.5055
      ...
    # Subtest: LLN-TYPE-003 fires when string literal directly assigned to branded type
    ok 2 - LLN-TYPE-003 fires when string literal directly assigned to branded type
      ---
      duration_ms: 0.5572
      ...
    # Subtest: inferType handles chained member access
    ok 3 - inferType handles chained member access
      ---
      duration_ms: 0.2188
      ...
    1..3
ok 413 - Type checker — Phase 11A.3 member access inference
  ---
  duration_ms: 1.3812
  type: 'suite'
  ...
# Subtest: Value-state checker — safe mut gate requirement
    # Subtest: emits LLN-VALUESTATE-001 when safe mut has no gate call
    ok 1 - emits LLN-VALUESTATE-001 when safe mut has no gate call
      ---
      duration_ms: 6.521
      ...
    # Subtest: does not emit LLN-VALUESTATE-001 when safe mut uses validate.*
    ok 2 - does not emit LLN-VALUESTATE-001 when safe mut uses validate.*
      ---
      duration_ms: 0.719
      ...
    # Subtest: does not emit LLN-VALUESTATE-001 when safe mut uses json.decode
    ok 3 - does not emit LLN-VALUESTATE-001 when safe mut uses json.decode
      ---
      duration_ms: 0.3709
      ...
    # Subtest: does not emit LLN-VALUESTATE-001 when safe mut uses sanitize.*
    ok 4 - does not emit LLN-VALUESTATE-001 when safe mut uses sanitize.*
      ---
      duration_ms: 0.2801
      ...
    # Subtest: emits LLN-VALUESTATE-001 when safe mut uses an arbitrary expression (no gate)
    ok 5 - emits LLN-VALUESTATE-001 when safe mut uses an arbitrary expression (no gate)
      ---
      duration_ms: 0.6385
      ...
    1..5
ok 414 - Value-state checker — safe mut gate requirement
  ---
  duration_ms: 9.7319
  type: 'suite'
  ...
# Subtest: Value-state checker — unsafe at governed sink
    # Subtest: emits LLN-VALUESTATE-003 when unsafe let reaches a DB insert
    ok 1 - emits LLN-VALUESTATE-003 when unsafe let reaches a DB insert
      ---
      duration_ms: 0.983
      ...
    # Subtest: does not emit LLN-VALUESTATE-003 when binding is upgraded before sink
    ok 2 - does not emit LLN-VALUESTATE-003 when binding is upgraded before sink
      ---
      duration_ms: 0.4629
      ...
    # Subtest: emits LLN-VALUESTATE-003 when unsafe let reaches AuditLog.write
    ok 3 - emits LLN-VALUESTATE-003 when unsafe let reaches AuditLog.write
      ---
      duration_ms: 0.5938
      ...
    # Subtest: does not emit LLN-VALUESTATE-003 for plain let bindings at a sink
    ok 4 - does not emit LLN-VALUESTATE-003 for plain let bindings at a sink
      ---
      duration_ms: 0.5969
      ...
    1..4
ok 415 - Value-state checker — unsafe at governed sink
  ---
  duration_ms: 3.0532
  type: 'suite'
  ...
# Subtest: Value-state checker — SecureString logging
    # Subtest: emits LLN-SECRET-001 when SecureString is passed to print
    ok 1 - emits LLN-SECRET-001 when SecureString is passed to print
      ---
      duration_ms: 0.603
      ...
    # Subtest: emits LLN-SECRET-001 when SecureString is passed to log.info
    ok 2 - emits LLN-SECRET-001 when SecureString is passed to log.info
      ---
      duration_ms: 0.4464
      ...
    # Subtest: does not emit LLN-SECRET-001 when SecureString is passed to redact
    ok 3 - does not emit LLN-SECRET-001 when SecureString is passed to redact
      ---
      duration_ms: 0.3137
      ...
    # Subtest: does not emit LLN-SECRET-001 for non-SecureString passed to print
    ok 4 - does not emit LLN-SECRET-001 for non-SecureString passed to print
      ---
      duration_ms: 0.3137
      ...
    1..4
ok 416 - Value-state checker — SecureString logging
  ---
  duration_ms: 1.8805
  type: 'suite'
  ...
# Subtest: Value-state checker — SecureString equality
    # Subtest: emits LLN-SECRET-002 when SecureString is compared with ==
    ok 1 - emits LLN-SECRET-002 when SecureString is compared with ==
      ---
      duration_ms: 0.5772
      ...
    # Subtest: emits LLN-SECRET-002 when SecureString is compared with !=
    ok 2 - emits LLN-SECRET-002 when SecureString is compared with !=
      ---
      duration_ms: 0.294
      ...
    # Subtest: does not emit LLN-SECRET-002 for plain String equality
    ok 3 - does not emit LLN-SECRET-002 for plain String equality
      ---
      duration_ms: 0.3074
      ...
    # Subtest: does not emit LLN-SECRET-002 for numeric equality
    ok 4 - does not emit LLN-SECRET-002 for numeric equality
      ---
      duration_ms: 0.2313
      ...
    1..4
ok 417 - Value-state checker — SecureString equality
  ---
  duration_ms: 1.582
  type: 'suite'
  ...
# Subtest: Value-state checker — clean flows produce no diagnostics
    # Subtest: emits no value-state diagnostics for a clean secure flow
    ok 1 - emits no value-state diagnostics for a clean secure flow
      ---
      duration_ms: 0.7078
      ...
    # Subtest: emits no value-state diagnostics for a pure flow
    ok 2 - emits no value-state diagnostics for a pure flow
      ---
      duration_ms: 0.2703
      ...
    1..2
ok 418 - Value-state checker — clean flows produce no diagnostics
  ---
  duration_ms: 1.1051
  type: 'suite'
  ...
# Subtest: Value-state checker — LLN-VALUESTATE-004 string taint propagation
    # Subtest: emits LLN-VALUESTATE-004 when unsafe binding concatenated with string literal
    ok 1 - emits LLN-VALUESTATE-004 when unsafe binding concatenated with string literal
      ---
      duration_ms: 0.5153
      ...
    # Subtest: does not emit LLN-VALUESTATE-004 for safe-only string concatenation
    ok 2 - does not emit LLN-VALUESTATE-004 for safe-only string concatenation
      ---
      duration_ms: 0.1655
      ...
    # Subtest: LLN-VALUESTATE-004 includes why and risk fields
    ok 3 - LLN-VALUESTATE-004 includes why and risk fields
      ---
      duration_ms: 0.3206
      ...
    1..3
ok 419 - Value-state checker — LLN-VALUESTATE-004 string taint propagation
  ---
  duration_ms: 1.1396
  type: 'suite'
  ...
# Subtest: Value-state checker — Phase 11B.1 two-hop taint propagation
    # Subtest: emits LLN-VALUESTATE-005 for value derived from unsafe binding at sink
    ok 1 - emits LLN-VALUESTATE-005 for value derived from unsafe binding at sink
      ---
      duration_ms: 0.5012
      ...
    # Subtest: does NOT emit taint diagnostic when value goes through a validation gate
    ok 2 - does NOT emit taint diagnostic when value goes through a validation gate
      ---
      duration_ms: 0.2999
      ...
    # Subtest: propagates taint through method chain
    ok 3 - propagates taint through method chain
      ---
      duration_ms: 0.3411
      ...
    # Subtest: LLN-VALUESTATE-005 includes why and risk fields
    ok 4 - LLN-VALUESTATE-005 includes why and risk fields
      ---
      duration_ms: 0.1998
      ...
    # Subtest: does not taint a plain let binding with no unsafe dependency
    ok 5 - does not taint a plain let binding with no unsafe dependency
      ---
      duration_ms: 0.1224
      ...
    1..5
ok 420 - Value-state checker — Phase 11B.1 two-hop taint propagation
  ---
  duration_ms: 1.6169
  type: 'suite'
  ...
# Subtest: Value-state checker — Phase 11B.2 user-defined gates
    # Subtest: fn starting with 'validate' is treated as a user gate
    ok 1 - fn starting with 'validate' is treated as a user gate
      ---
      duration_ms: 0.4289
      ...
    # Subtest: fn starting with 'sanitize' is treated as a user gate
    ok 2 - fn starting with 'sanitize' is treated as a user gate
      ---
      duration_ms: 0.3256
      ...
    # Subtest: fn starting with 'check' is treated as a user gate
    ok 3 - fn starting with 'check' is treated as a user gate
      ---
      duration_ms: 0.2134
      ...
    # Subtest: fn starting with 'verify' is treated as a user gate
    ok 4 - fn starting with 'verify' is treated as a user gate
      ---
      duration_ms: 0.2726
      ...
    # Subtest: fn NOT starting with a gate prefix is NOT treated as a user gate
    ok 5 - fn NOT starting with a gate prefix is NOT treated as a user gate
      ---
      duration_ms: 0.2332
      ...
    # Subtest: user gate fn used with safe mut does not emit LLN-VALUESTATE-001
    ok 6 - user gate fn used with safe mut does not emit LLN-VALUESTATE-001
      ---
      duration_ms: 0.2051
      ...
    1..6
ok 421 - Value-state checker — Phase 11B.2 user-defined gates
  ---
  duration_ms: 1.833
  type: 'suite'
  ...
# Subtest: Value-state checker — Rust-style related locations
    # Subtest: LLN-VALUESTATE-003 includes relatedLocations pointing to unsafe declaration
    ok 1 - LLN-VALUESTATE-003 includes relatedLocations pointing to unsafe declaration
      ---
      duration_ms: 0.225
      ...
    # Subtest: LLN-SECRET-001 includes why and risk fields
    ok 2 - LLN-SECRET-001 includes why and risk fields
      ---
      duration_ms: 0.2568
      ...
    1..2
ok 422 - Value-state checker — Rust-style related locations
  ---
  duration_ms: 0.5566
  type: 'suite'
  ...
# Subtest: Value-state checker — LLN-VALUESTATE-006 ProtectedBoundaryViolation
    # Subtest: emits LLN-VALUESTATE-006 when protect() value assigned to plain binding
    ok 1 - emits LLN-VALUESTATE-006 when protect() value assigned to plain binding
      ---
      duration_ms: 0.2086
      ...
    # Subtest: emits LLN-VALUESTATE-006 when protect() assigned to plain String binding
    ok 2 - emits LLN-VALUESTATE-006 when protect() assigned to plain String binding
      ---
      duration_ms: 0.192
      ...
    # Subtest: does not emit LLN-VALUESTATE-006 when declared type includes 'protected'
    ok 3 - does not emit LLN-VALUESTATE-006 when declared type includes 'protected'
      ---
      duration_ms: 0.1212
      ...
    # Subtest: does not emit LLN-VALUESTATE-006 for plain string literal assigned to String
    ok 4 - does not emit LLN-VALUESTATE-006 for plain string literal assigned to String
      ---
      duration_ms: 0.1067
      ...
    1..4
ok 423 - Value-state checker — LLN-VALUESTATE-006 ProtectedBoundaryViolation
  ---
  duration_ms: 0.7513
  type: 'suite'
  ...
# Subtest: Value-state checker — LLN-VALUESTATE-007 RedactedBoundaryViolation
    # Subtest: emits LLN-VALUESTATE-007 when redact() value assigned to plain String binding
    ok 1 - emits LLN-VALUESTATE-007 when redact() value assigned to plain String binding
      ---
      duration_ms: 0.1769
      ...
    # Subtest: LLN-VALUESTATE-007 message mentions irreversibility or redaction
    ok 2 - LLN-VALUESTATE-007 message mentions irreversibility or redaction
      ---
      duration_ms: 0.1551
      ...
    # Subtest: does not emit LLN-VALUESTATE-007 when declared type includes 'redacted'
    ok 3 - does not emit LLN-VALUESTATE-007 when declared type includes 'redacted'
      ---
      duration_ms: 0.1113
      ...
    # Subtest: does not emit LLN-VALUESTATE-007 for a plain string literal assigned to String
    ok 4 - does not emit LLN-VALUESTATE-007 for a plain string literal assigned to String
      ---
      duration_ms: 0.0976
      ...
    1..4
ok 424 - Value-state checker — LLN-VALUESTATE-007 RedactedBoundaryViolation
  ---
  duration_ms: 0.6462
  type: 'suite'
  ...
# Subtest: Value-state checker — LLN-VALUESTATE-002 UnsafeConditionalUpgrade
    # Subtest: emits LLN-VALUESTATE-002 when then-branch uses gate but else-branch does not
    ok 1 - emits LLN-VALUESTATE-002 when then-branch uses gate but else-branch does not
      ---
      duration_ms: 0.5773
      ...
    # Subtest: emits LLN-VALUESTATE-002 when else-branch uses gate but then-branch does not
    ok 2 - emits LLN-VALUESTATE-002 when else-branch uses gate but then-branch does not
      ---
      duration_ms: 0.2649
      ...
    # Subtest: does not emit LLN-VALUESTATE-002 when both branches use a gate
    ok 3 - does not emit LLN-VALUESTATE-002 when both branches use a gate
      ---
      duration_ms: 0.2562
      ...
    # Subtest: does not emit LLN-VALUESTATE-002 when only one branch has a safe mut (no asymmetry)
    ok 4 - does not emit LLN-VALUESTATE-002 when only one branch has a safe mut (no asymmetry)
      ---
      duration_ms: 0.1812
      ...
    1..4
ok 425 - Value-state checker — LLN-VALUESTATE-002 UnsafeConditionalUpgrade
  ---
  duration_ms: 1.3935
  type: 'suite'
  ...
# Subtest: Value-state checker — cross-conditional taint tracking
    # Subtest: emits VALUESTATE-003 for unsafe value used at sink inside if body (non-gate condition)
    ok 1 - emits VALUESTATE-003 for unsafe value used at sink inside if body (non-gate condition)
      ---
      duration_ms: 0.2291
      ...
    # Subtest: emits VALUESTATE-003 in both branches when unsafe value reaches sink
    ok 2 - emits VALUESTATE-003 in both branches when unsafe value reaches sink
      ---
      duration_ms: 0.2621
      ...
    1..2
ok 426 - Value-state checker — cross-conditional taint tracking
  ---
  duration_ms: 0.5595
  type: 'suite'
  ...
# Subtest: Value-state checker — LLN-SECRET-003 extended detection
    # Subtest: emits LLN-SECRET-003 when SecureString is passed to AuditLog.write
    ok 1 - emits LLN-SECRET-003 when SecureString is passed to AuditLog.write
      ---
      duration_ms: 0.272
      ...
    # Subtest: does not emit LLN-SECRET-003 when SecureString is redacted before AuditLog.write
    ok 2 - does not emit LLN-SECRET-003 when SecureString is redacted before AuditLog.write
      ---
      duration_ms: 0.1727
      ...
    1..2
ok 427 - Value-state checker — LLN-SECRET-003 extended detection
  ---
  duration_ms: 0.5118
  type: 'suite'
  ...
# Subtest: Value-state checker — protected value at AuditLog.write (VALUESTATE-006)
    # Subtest: emits LLN-VALUESTATE-006 for protected Email binding at AuditLog.write without redact
    ok 1 - emits LLN-VALUESTATE-006 for protected Email binding at AuditLog.write without redact
      ---
      duration_ms: 1.1529
      ...
    # Subtest: does not emit LLN-VALUESTATE-006 for protected Email wrapped in redact() at AuditLog.write
    ok 2 - does not emit LLN-VALUESTATE-006 for protected Email wrapped in redact() at AuditLog.write
      ---
      duration_ms: 0.2205
      ...
    # Subtest: emits LLN-VALUESTATE-003 (not VALUESTATE-006) for raw unsafe value at DatabaseDB.write
    ok 3 - emits LLN-VALUESTATE-003 (not VALUESTATE-006) for raw unsafe value at DatabaseDB.write
      ---
      duration_ms: 0.1721
      ...
    1..3
ok 428 - Value-state checker — protected value at AuditLog.write (VALUESTATE-006)
  ---
  duration_ms: 1.6473
  type: 'suite'
  ...
1..428
# tests 1792
# suites 428
# pass 1766
# fail 26
# cancelled 0
# skipped 0
# todo 0
# duration_ms 4632.6365
